  0:00 ------------------------------------------------------------
  0:00 InitGame: \sv_floodProtect\1\sv_maxPing\0\sv_minPing\0\sv_maxRate\10000\sv_minRate\0\sv_hostname\Code Miner Server\g_gametype\0\sv_privateClients\2\sv_maxclients\16\sv_allowDownload\0\dmflags\0\fraglimit\20\timelimit\15\g_maxGameClients\0\capturelimit\8\version\ioq3 1.36 linux-x86_64 Apr 12 2009\protocol\68\mapname\q3dm17\gamename\baseq3\g_needpass\0
 15:00 Exit: Timelimit hit.
 20:34 ClientConnect: 2
 20:34 ClientUserinfoChanged: 2 n\Isgalamido\t\0\model\xian/default\hmodel\xian/default\g_redteam\\g_blueteam\\c1\4\c2\5\hc\100\w\0\l\0\tt\0\tl\0
 20:37 ClientUserinfoChanged: 2 n\Isgalamido\t\0\model\uriel/zael\hmodel\uriel/zael\g_redteam\\g_blueteam\\c1\5\c2\5\hc\100\w\0\l\0\tt\0\tl\0
 20:37 ClientBegin: 2
 20:37 ShutdownGame:
 20:37 ------------------------------------------------------------
 20:37 ------------------------------------------------------------
 20:37 InitGame: \sv_floodProtect\1\sv_maxPing\0\sv_minPing\0\sv_maxRate\10000\sv_minRate\0\sv_hostname\Code Miner Server\g_gametype\0\sv_privateClients\2\sv_maxclients\16\sv_allowDownload\0\bot_minplayers\0\dmflags\0\fraglimit\20\timelimit\15\g_maxGameClients\0\capturelimit\8\version\ioq3 1.36 linux-x86_64 Apr 12 2009\protocol\68\mapname\q3dm17\gamename\baseq3\g_needpass\0
 20:38 ClientConnect: 2
 20:38 ClientUserinfoChanged: 2 n\Isgalamido\t\0\model\uriel/zael\hmodel\uriel/zael\g_redteam\\g_blueteam\\c1\5\c2\5\hc\100\w\0\l\0\tt\0\tl\0
 20:38 ClientBegin: 2
 20:40 Item: 2 weapon_rocketlauncher
 20:40 Item: 2 ammo_rockets
 20:42 Item: 2 item_armor_body
              id do killer, id da vitima, id da causa !!!
 20:54 Kill: 1022 2 22: <world> killed Isgalamido by MOD_TRIGGER_HURT
 20:59 Item: 2 weapon_rocketlauncher
 21:04 Item: 2 ammo_shells
 21:07 Kill: 1022 2 22: <world> killed Isgalamido by MOD_TRIGGER_HURT
 21:10 ClientDisconnect: 2
 21:15 ClientConnect: 2
 21:15 ClientUserinfoChanged: 2 n\Isgalamido\t\0\model\uriel/zael\hmodel\uriel/zael\g_redteam\\g_blueteam\\c1\5\c2\5\hc\100\w\0\l\0\tt\0\tl\0
 21:17 ClientUserinfoChanged: 2 n\Isgalamido\t\0\model\uriel/zael\hmodel\uriel/zael\g_redteam\\g_blueteam\\c1\5\c2\5\hc\100\w\0\l\0\tt\0\tl\0
 21:17 ClientBegin: 2
 21:18 Item: 2 weapon_rocketlauncher
 21:21 Item: 2 item_armor_body
 21:32 Item: 2 item_health_large
 21:33 Item: 2 weapon_rocketlauncher
 21:34 Item: 2 ammo_rockets
 21:42 Kill: 1022 2 22: <world> killed Isgalamido by MOD_TRIGGER_HURT
 21:49 Item: 2 weapon_rocketlauncher
 21:51 ClientConnect: 3
 21:51 ClientUserinfoChanged: 3 n\Dono da Bola\t\0\model\sarge/krusade\hmodel\sarge/krusade\g_redteam\\g_blueteam\\c1\5\c2\5\hc\95\w\0\l\0\tt\0\tl\0
 21:53 ClientUserinfoChanged: 3 n\Mocinha\t\0\model\sarge\hmodel\sarge\g_redteam\\g_blueteam\\c1\4\c2\5\hc\95\w\0\l\0\tt\0\tl\0
 21:53 ClientBegin: 3
 22:04 Item: 2 weapon_rocketlauncher
 22:04 Item: 2 ammo_rockets
 22:06 Kill: 2 3 7: Isgalamido killed Mocinha by MOD_ROCKET_SPLASH
 22:11 Item: 2 item_quad
 22:11 ClientDisconnect: 3
 22:18 Kill: 2 2 7: Isgalamido killed Isgalamido by MOD_ROCKET_SPLASH
 22:26 Item: 2 weapon_rocketlauncher
 22:27 Item: 2 ammo_rockets
 22:40 Kill: 2 2 7: Isgalamido killed Isgalamido by MOD_ROCKET_SPLASH
 22:43 Item: 2 weapon_rocketlauncher
 22:45 Item: 2 item_armor_body
 23:06 Kill: 1022 2 22: <world> killed Isgalamido by MOD_TRIGGER_HURT
 23:09 Item: 2 weapon_rocketlauncher
 23:10 Item: 2 ammo_rockets
 23:25 Item: 2 item_health_large
 23:30 Item: 2 item_health_large
 23:32 Item: 2 weapon_rocketlauncher
 23:35 Item: 2 item_armor_body
 23:36 Item: 2 ammo_rockets
 23:37 Item: 2 weapon_rocketlauncher
 23:40 Item: 2 item_armor_shard
 23:40 Item: 2 item_armor_shard
 23:40 Item: 2 item_armor_shard
 23:40 Item: 2 item_armor_combat
 23:43 Item: 2 weapon_rocketlauncher
 23:57 Item: 2 weapon_shotgun
 23:58 Item: 2 ammo_shells
 24:13 Item: 2 item_armor_shard
 24:13 Item: 2 item_armor_shard
 24:13 Item: 2 item_armor_shard
 24:13 Item: 2 item_armor_combat
 24:16 Item: 2 item_health_large
 24:18 Item: 2 ammo_rockets
 24:19 Item: 2 weapon_rocketlauncher
 24:22 Item: 2 item_armor_body
 24:24 Item: 2 ammo_rockets
 24:24 Item: 2 weapon_rocketlauncher
 24:36 Item: 2 item_health_large
 24:43 Item: 2 item_health_mega
 25:05 Kill: 1022 2 22: <world> killed Isgalamido by MOD_TRIGGER_HURT
 25:09 Item: 2 weapon_rocketlauncher
 25:09 Item: 2 ammo_rockets
 25:11 Item: 2 item_armor_body
 25:18 Kill: 1022 2 22: <world> killed Isgalamido by MOD_TRIGGER_HURT
 25:21 Item: 2 weapon_rocketlauncher
 25:22 Item: 2 ammo_rockets
 25:34 Item: 2 weapon_rocketlauncher
 25:41 Kill: 1022 2 19: <world> killed Isgalamido by MOD_FALLING
 25:50 Item: 2 item_armor_combat
 25:52 Kill: 1022 2 22: <world> killed Isgalamido by MOD_TRIGGER_HURT
 25:54 Item: 2 ammo_rockets
 25:55 Item: 2 weapon_rocketlauncher
 25:55 Item: 2 weapon_rocketlauncher
 25:59 Item: 2 item_armor_shard
 25:59 Item: 2 item_armor_shard
 26:05 Item: 2 item_armor_shard
 26:05 Item: 2 item_armor_shard
 26:05 Item: 2 item_armor_shard
 26:09 Item: 2 weapon_rocketlauncher
 26  0:00 ------------------------------------------------------------
  0:00 InitGame: \sv_floodProtect\1\sv_maxPing\0\sv_minPing\0\sv_maxRate\10000\sv_minRate\0\sv_hostname\Code Miner Server\g_gametype\0\sv_privateClients\2\sv_maxclients\16\sv_allowDownload\0\dmflags\0\fraglimit\20\timelimit\15\g_maxGameClients\0\capturelimit\8\version\ioq3 1.36 linux-x86_64 Apr 12 2009\protocol\68\mapname\q3dm17\gamename\baseq3\g_needpass\0
  0:25 ClientConnect: 2
  0:25 ClientUserinfoChanged: 2 n\Dono da Bola\t\0\model\sarge/krusade\hmodel\sarge/krusade\g_redteam\\g_blueteam\\c1\5\c2\5\hc\95\w\0\l\0\tt\0\tl\0
  0:27 ClientUserinfoChanged: 2 n\Mocinha\t\0\model\sarge\hmodel\sarge\g_redteam\\g_blueteam\\c1\4\c2\5\hc\95\w\0\l\0\tt\0\tl\0
  0:27 ClientBegin: 2
  0:29 Item: 2 weapon_rocketlauncher
  0:35 Item: 2 item_armor_shard
  0:35 Item: 2 item_armor_shard
  0:35 Item: 2 item_armor_shard
  0:35 Item: 2 item_armor_combat
  0:38 Item: 2 item_armor_shard
  0:38 Item: 2 item_armor_shard
  0:38 Item: 2 item_armor_shard
  0:55 Item: 2 item_health_large
  0:56 Item: 2 weapon_rocketlauncher
  0:57 Item: 2 ammo_rockets
  0:59 ClientConnect: 3
  0:59 ClientUserinfoChanged: 3 n\Isgalamido\t\0\model\xian/default\hmodel\xian/default\g_redteam\\g_blueteam\\c1\4\c2\5\hc\100\w\0\l\0\tt\0\tl\0
  1:01 ClientUserinfoChanged: 3 n\Isgalamido\t\0\model\uriel/zael\hmodel\uriel/zael\g_redteam\\g_blueteam\\c1\5\c2\5\hc\100\w\0\l\0\tt\0\tl\0
  1:01 ClientBegin: 3
  1:02 Item: 3 weapon_rocketlauncher
  1:04 Item: 2 item_armor_shard
  1:04 Item: 2 item_armor_shard
  1:04 Item: 2 item_armor_shard
  1:06 ClientConnect: 4
  1:06 ClientUserinfoChanged: 4 n\Zeh\t\0\model\sarge/default\hmodel\sarge/default\g_redteam\\g_blueteam\\c1\5\c2\5\hc\100\w\0\l\0\tt\0\tl\0
  1:08 Kill: 3 2 6: Isgalamido killed Mocinha by MOD_ROCKET
  1:08 ClientUserinfoChanged: 4 n\Zeh\t\0\model\sarge/default\hmodel\sarge/default\g_redteam\\g_blueteam\\c1\1\c2\5\hc\100\w\0\l\0\tt\0\tl\0
  1:08 ClientBegin: 4
  1:10 Item: 3 item_armor_shard
  1:10 Item: 3 item_armor_shard
  1:10 Item: 3 item_armor_shard
  1:10 Item: 3 item_armor_combat
  1:11 Item: 4 weapon_shotgun
  1:11 Item: 4 ammo_shells
  1:16 Item: 4 item_health_large
  1:18 Item: 4 weapon_rocketlauncher
  1:18 Item: 4 ammo_rockets
  1:26 Kill: 1022 4 22: <world> killed Zeh by MOD_TRIGGER_HURT
  1:26 ClientUserinfoChanged: 2 n\Dono da Bola\t\0\model\sarge\hmodel\sarge\g_redteam\\g_blueteam\\c1\4\c2\5\hc\95\w\0\l\0\tt\0\tl\0
  1:26 Item: 3 weapon_railgun
  1:29 Item: 2 weapon_rocketlauncher
  1:29 Item: 3 weapon_railgun
  1:32 Item: 3 weapon_railgun
  1:32 Kill: 1022 4 22: <world> killed Zeh by MOD_TRIGGER_HURT
  1:35 Item: 2 item_armor_shard
  1:35 Item: 2 item_armor_shard
  1:35 Item: 2 item_armor_shard
  1:35 Item: 3 weapon_railgun
  1:38 Item: 2 item_health_large
  1:38 Item: 3 weapon_railgun
  1:41 Kill: 1022 2 19: <world> killed Dono da Bola by MOD_FALLING
  1:41 Item: 3 weapon_railgun
  1:43 Item: 2 ammo_rockets
  1:44 Item: 2 weapon_rocketlauncher
  1:46 Item: 2 item_armor_shard
  1:47 Item: 2 item_armor_shard
  1:47 Item: 2 item_armor_shard
  1:47 ShutdownGame:
  1:47 ------------------------------------------------------------
  1:47 ------------------------------------------------------------
  1:47 InitGame: \sv_floodProtect\1\sv_maxPing\0\sv_minPing\0\sv_maxRate\10000\sv_minRate\0\sv_hostname\Code Miner Server\g_gametype\0\sv_privateClients\2\sv_maxclients\16\sv_allowDownload\0\bot_minplayers\0\dmflags\0\fraglimit\20\timelimit\15\g_maxGameClients\0\capturelimit\8\version\ioq3 1.36 linux-x86_64 Apr 12 2009\protocol\68\mapname\q3dm17\gamename\baseq3\g_needpass\0
  1:47 ClientConnect: 2
  1:47 ClientUserinfoChanged: 2 n\Dono da Bola\t\0\model\sarge\hmodel\sarge\g_redteam\\g_blueteam\\c1\4\c2\5\hc\95\w\0\l\0\tt\0\tl\0
  1:47 ClientBegin: 2
  1:47 ClientConnect: 3
  1:47 ClientUserinfoChanged: 3 n\Isgalamido\t\0\model\uriel/zael\hmodel\uriel/zael\g_redteam\\g_blueteam\\c1\5\c2\5\hc\100\w\0\l\0\tt\0\tl\0
  1:47 ClientBegin: 3
  1:47 ClientConnect: 4
  1:47 ClientUserinfoChanged: 4 n\Zeh\t\0\model\sarge/default\hmodel\sarge/default\g_redteam\\g_blueteam\\c1\1\c2\5\hc\100\w\0\l\0\tt\0\tl\0
  1:47 ClientBegin: 4
  1:48 Item: 4 ammo_rockets
  1:48 Item: 4 weapon_rocketlauncher
  1:51 Item: 3 item_armor_shard
  1:51 Item: 3 item_armor_shard
  1:51 Item: 3 item_armor_shard
  1:51 Item: 3 item_armor_combat
  1:54 Item: 3 weapon_rocketlauncher
  1:54 Item: 3 ammo_rockets
  1:57 Item: 2 weapon_rocketlauncher
  2:00 Kill: 1022 3 22: <world> killed Isgalamido by MOD_TRIGGER_HURT
  2:02 Item: 3 weapon_rocketlauncher
  2:04 Kill: 1022 2 19: <world> killed Dono da Bola by MOD_FALLING
  2:04 Item: 4 item_armor_body
  2:04 Kill: 1022 3 19: <world> killed Isgalamido by MOD_FALLING
  2:07 Item: 2 weapon_rocketlauncher
  2:11 Kill: 2 4 6: Dono da Bola killed Zeh by MOD_ROCKET
  2:14 Item: 3 weapon_railgun
  2:15 Item: 2 item_health_large
  2:16 Item: 4 weapon_rocketlauncher
  2:16 Item: 4 weapon_rocketlauncher
  2:17 Item: 3 weapon_railgun
  2:20 Item: 3 weapon_railgun
  2:22 Kill: 3 2 10: Isgalamido killed Dono da Bola by MOD_RAILGUN
  2:23 Item: 3 weapon_railgun
  2:24 Item: 4 weapon_rocketlauncher
  2:25 Item: 2 weapon_rocketlauncher
  2:27 Item: 4 item_armor_shard
  2:27 Item: 4 item_armor_shard
  2:27 Item: 4 item_armor_shard
  2:27 Item: 4 item_armor_combat
  2:29 Kill: 3 4 10: Isgalamido killed Zeh by MOD_RAILGUN
  2:32 Item: 3 item_quad
  2:33 Item: 4 ammo_shells
  2:33 Item: 4 weapon_shotgun
  2:37 Kill: 3 2 10: Isgalamido killed Dono da Bola by MOD_RAILGUN
  2:42 Item: 2 weapon_rocketlauncher
  2:43 Kill: 3 4 10: Isgalamido killed Zeh by MOD_RAILGUN
  2:45 Item: 3 weapon_rocketlauncher
  2:45 Item: 3 item_armor_body
  2:46 Item: 4 weapon_rocketlauncher
  2:46 Item: 2 weapon_railgun
  2:47 Item: 4 ammo_rockets
  2:55 Item: 4 weapon_railgun
  2:56 Item: 2 ammo_rockets
  2:56 Item: 2 weapon_rocketlauncher
  2:57 Kill: 3 4 10: Isgalamido killed Zeh by MOD_RAILGUN
  3:01 Item: 4 weapon_shotgun
  3:07 Item: 2 weapon_shotgun
  3:07 Item: 2 item_armor_shard
  3:07 Item: 2 item_armor_shard
  3:08 Item: 2 item_armor_shard
  3:08 Item: 2 item_armor_combat
  3:08 Item: 3 weapon_rocketlauncher
  3:12 Item: 3 item_health_large
  3:12 Kill: 2 4 6: Dono da Bola killed Zeh by MOD_ROCKET
  3:13 Kill: 3 2 6: Isgalamido killed Dono da Bola by MOD_ROCKET
  3:14 Item: 3 weapon_rocketlauncher
  3:16 Item: 4 weapon_rocketlauncher
  3:17 Item: 3 ammo_bullets
  3:19 Item: 2 weapon_rocketlauncher
  3:22 Item: 3 item_armor_shard
  3:22 Item: 3 item_armor_shard
  3:22 Item: 3 item_armor_shard
  3:25 Item: 4 weapon_rocketlauncher
  3:27 Kill: 1022 3 22: <world> killed Isgalamido by MOD_TRIGGER_HURT
  3:29 Kill: 4 2 6: Zeh killed Dono da Bola by MOD_ROCKET
  3:29 Item: 3 ammo_rockets
  3:30 Item: 3 weapon_rocketlauncher
  3:30 Item: 3 weapon_rocketlauncher
  3:32 Kill: 3 4 6: Isgalamido killed Zeh by MOD_ROCKET
  3:34 Item: 2 weapon_rocketlauncher
  3:37 Kill: 3 4 7: Isgalamido killed Zeh by MOD_ROCKET_SPLASH
  3:40 Item: 4 weapon_rocketlauncher
  3:41 Kill: 2 3 6: Dono da Bola killed Isgalamido by MOD_ROCKET
  3:44 Item: 2 ammo_rockets
  3:44 Item: 3 weapon_rocketlauncher
  3:45 Item: 4 item_armor_body
  3:46 Item: 2 weapon_rocketlauncher
  3:47 ClientConnect: 5
  3:47 ClientUserinfoChanged: 5 n\Assasinu Credi\t\0\model\sarge\hmodel\sarge\g_redteam\\g_blueteam\\c1\4\c2\5\hc\95\w\0\l\0\tt\0\tl\0
  3:47 Item: 2 item_health_large
  3:49 ClientUserinfoChanged: 5 n\Assasinu Credi\t\0\model\sarge\hmodel\sarge\g_redteam\\g_blueteam\\c1\4\c2\5\hc\100\w\0\l\0\tt\0\tl\0
  3:49 ClientBegin: 5
  3:51 Kill: 1022 2 19: <world> killed Dono da Bola by MOD_FALLING
  3:54 Item: 2 weapon_rocketlauncher
  3:56 Item: 4 item_armor_shard
  3:56 Item: 4 item_armor_shard
  3:56 Item: 4 item_armor_shard
  3:56 Item: 4 item_armor_combat
  3:59 Kill: 4 5 6: Zeh killed Assasinu Credi by MOD_ROCKET
  4:00 Kill: 4 2 6: Zeh killed Dono da Bola by MOD_ROCKET
  4:02 Item: 4 item_health_large
  4:03 Item: 2 weapon_rocketlauncher
  4:07 Item: 4 weapon_rocketlauncher
  4:08 Kill: 4 3 7: Zeh killed Isgalamido by MOD_ROCKET_SPLASH
  4:11 Item: 3 weapon_rocketlauncher
  4:11 Kill: 1022 5 19: <world> killed Assasinu Credi by MOD_FALLING
  4:15 Item: 5 weapon_rocketlauncher
  4:15 Item: 4 item_armor_shard
  4:15 Item: 4 item_armor_shard
  4:15 Item: 4 item_armor_shard
  4:16 Kill: 1022 3 22: <world> killed Isgalamido by MOD_TRIGGER_HURT
  4:17 Item: 5 item_armor_body
  4:19 Item: 5 ammo_rockets
  4:20 Item: 5 weapon_rocketlauncher
  4:20 Item: 3 weapon_rocketlauncher
  4:21 Kill: 4 2 7: Zeh killed Dono da Bola by MOD_ROCKET_SPLASH
  4:22 Kill: 3 4 7: Isgalamido killed Zeh by MOD_ROCKET_SPLASH
  4:23 Item: 3 item_armor_shard
  4:24 Item: 3 item_armor_shard
  4:24 Item: 3 item_armor_shard
  4:25 Item: 4 weapon_rocketlauncher
  4:28 Item: 2 weapon_rocketlauncher
  4:29 Item: 3 item_armor_combat
  4:33 Item: 2 ammo_bullets
  4:35 Item: 4 ammo_bullets
  4:35 Item: 3 item_quad
  4:37 Kill: 3 5 3: Isgalamido killed Assasinu Credi by MOD_MACHINEGUN
  4:40 Kill: 3 4 3: Isgalamido killed Zeh by MOD_MACHINEGUN
  4:41 Item: 5 weapon_rocketlauncher
  4:42 Item: 3 weapon_rocketlauncher
  4:44 Item: 4 weapon_rocketlauncher
  4:44 Item: 4 ammo_rockets
  4:45 Item: 2 item_armor_shard
  4:45 Item: 2 item_armor_shard
  4:45 Item: 2 item_armor_shard
  4:48 Kill: 2 3 6: Dono da Bola killed Isgalamido by MOD_ROCKET
  4:48 Item: 2 item_quad
  4:50 Item: 5 item_armor_shard
  4:50 Item: 5 item_armor_shard
  4:50 Item: 5 item_armor_shard
  4:51 Item: 4 weapon_rocketlauncher
  4:51 Item: 3 weapon_rocketlauncher
  4:51 Item: 2 weapon_rocketlauncher
  4:54 Kill: 2 2 7: Dono da Bola killed Dono da Bola by MOD_ROCKET_SPLASH
  4:56 Item: 4 item_quad
  4:56 Item: 4 weapon_rocketlauncher
  4:58 Item: 5 weapon_rocketlauncher
  4:58 Item: 2 weapon_rocketlauncher
  5:00 Kill: 4 3 7: Zeh killed Isgalamido by MOD_ROCKET_SPLASH
  5:00 Item: 5 item_armor_body
  5:02 Item: 5 ammo_rockets
  5:03 Item: 5 weapon_rocketlauncher
  5:03 Item: 3 weapon_rocketlauncher
  5:04 Item: 4 item_armor_combat
  5:08 Item: 4 item_health_large
  5:11 Item: 3 weapon_rocketlauncher
  5:11 Kill: 4 5 6: Zeh killed Assasinu Credi by MOD_ROCKET
  5:11 Kill: 4 3 7: Zeh killed Isgalamido by MOD_ROCKET_SPLASH
  5:11 Kill: 5 4 7: Assasinu Credi killed Zeh by MOD_ROCKET_SPLASH
  5:14 Item: 4 weapon_rocketlauncher
  5:14 Item: 4 weapon_rocketlauncher
  5:15 Item: 3 ammo_bullets
  5:17 Item: 5 weapon_rocketlauncher
  5:20 Item: 4 item_armor_shard
  5:20 Item: 4 item_armor_shard
  5:20 Item: 4 item_armor_shard
  5:22 Item: 3 weapon_rocketlauncher
  5:22 Item: 3 weapon_rocketlauncher
  5:22 Item: 3 weapon_rocketlauncher
  5:22 Item: 3 weapon_rocketlauncher
  5:24 Kill: 1022 3 19: <world> killed Isgalamido by MOD_FALLING
  5:25 Item: 2 weapon_rocketlauncher
  5:26 Kill: 4 2 7: Zeh killed Dono da Bola by MOD_ROCKET_SPLASH
  5:27 Item: 3 weapon_rocketlauncher
  5:29 Kill: 4 5 7: Zeh killed Assasinu Credi by MOD_ROCKET_SPLASH
  5:31 Item: 4 item_armor_shard
  5:31 Item: 4 item_armor_shard
  5:31 Item: 4 item_armor_shard
  5:32 Item: 5 weapon_rocketlauncher
  5:33 Item: 2 ammo_rockets
  5:34 Item: 5 item_armor_body
  5:34 Kill: 3 2 7: Isgalamido killed Dono da Bola by MOD_ROCKET_SPLASH
  5:36 Item: 3 weapon_rocketlauncher
  5:38 Item: 2 weapon_rocketlauncher
  5:38 Kill: 1022 3 19: <world> killed Isgalamido by MOD_FALLING
  5:38 Item: 2 weapon_rocketlauncher
  5:41 Item: 3 weapon_rocketlauncher
  5:41 Item: 4 item_health_large
  5:41 Item: 2 item_armor_combat
  5:43 Kill: 5 4 7: Assasinu Credi killed Zeh by MOD_ROCKET_SPLASH
  5:44 Item: 5 weapon_rocketlauncher
  5:46 Item: 4 weapon_rocketlauncher
  5:47 Item: 4 ammo_rockets
  5:50 Item: 2 weapon_rocketlauncher
  5:52 Kill: 5 2 7: Assasinu Credi killed Dono da Bola by MOD_ROCKET_SPLASH
  5:56 Kill: 5 3 7: Assasinu Credi killed Isgalamido by MOD_ROCKET_SPLASH
  5:56 Item: 2 weapon_rocketlauncher
  5:59 Item: 2 item_armor_body
  6:00 Item: 3 weapon_rocketlauncher
  6:01 Item: 5 item_armor_shard
  6:01 Item: 5 item_armor_shard
  6:02 Item: 5 item_armor_shard
  6:05 Item: 4 item_quad
  6:05 Item: 5 item_health_large
  6:05 Item: 3 weapon_railgun
  6:06 Kill: 2 3 6: Dono da Bola killed Isgalamido by MOD_ROCKET
  6:07 Item: 5 weapon_rocketlauncher
  6:08 Kill: 1022 2 22: <world> killed Dono da Bola by MOD_TRIGGER_HURT
  6:08 Kill: 4 5 7: Zeh killed Assasinu Credi by MOD_ROCKET_SPLASH
  6:11 Item: 5 weapon_rocketlauncher
  6:11 Item: 2 weapon_rocketlauncher
  6:12 Item: 3 ammo_slugs
  6:15 Item: 3 weapon_railgun
  6:16 Item: 5 item_armor_combat
  6:17 Item: 2 item_armor_shard
  6:17 Item: 2 item_armor_shard
  6:17 Item: 2 item_armor_shard
  6:21 Item: 4 weapon_rocketlauncher
  6:24 Kill: 1022 2 22: <world> killed Dono da Bola by MOD_TRIGGER_HURT
  6:28 Item: 2 weapon_rocketlauncher
  6:28 Kill: 4 5 7: Zeh killed Assasinu Credi by MOD_ROCKET_SPLASH
  6:28 Kill: 5 4 7: Assasinu Credi killed Zeh by MOD_ROCKET_SPLASH
  6:28 Item: 2 ammo_rockets
  6:32 Item: 5 weapon_rocketlauncher
  6:32 Item: 3 weapon_rocketlauncher
  6:32 Item: 3 item_quad
  6:32 Item: 3 weapon_rocketlauncher
  6:32 Item: 4 weapon_shotgun
  6:34 Kill: 2 3 7: Dono da Bola killed Isgalamido by MOD_ROCKET_SPLASH
  6:34 Item: 5 item_armor_body
  6:34 Item: 2 item_quad
  6:34 Item: 2 weapon_rocketlauncher
  6:35 Item: 2 item_armor_shard
  6:35 Item: 2 item_armor_shard
  6:35 Item: 2 item_armor_shard
  6:35 Kill: 2 4 6: Dono da Bola killed Zeh by MOD_ROCKET
  6:35 Kill: 2 2 7: Dono da Bola killed Dono da Bola by MOD_ROCKET_SPLASH
  6:38 Item: 2 weapon_rocketlauncher
  6:39 Item: 4 weapon_rocketlauncher
  6:39 Item: 4 ammo_rockets
  6:44 Item: 4 weapon_railgun
  6:46 Kill: 5 3 7: Assasinu Credi killed Isgalamido by MOD_ROCKET_SPLASH
  6:47 Item: 5 weapon_railgun
  6:50 Kill: 1022 2 22: <world> killed Dono da Bola by MOD_TRIGGER_HURT
  6:51 Item: 5 weapon_rocketlauncher
  6:54 Item: 2 weapon_rocketlauncher
  6:57 Item: 4 weapon_railgun
  6:57 Item: 3 item_quad
  6:59 Item: 4 item_health
  7:02 Item: 4 weapon_rocketlauncher
  7:02 Kill: 1022 3 22: <world> killed Isgalamido by MOD_TRIGGER_HURT
  7:02 Item: 5 weapon_shotgun
  7:03 Item: 5 ammo_shells
  7:03 Kill: 4 2 6: Zeh killed Dono da Bola by MOD_ROCKET
  7:08 Item: 4 item_health_large
  7:09 Item: 2 weapon_rocketlauncher
  7:10 Item: 3 weapon_rocketlauncher
  7:11 Item: 4 item_armor_shard
  7:11 Item: 4 item_armor_shard
  7:11 Item: 4 item_armor_shard
  7:11 Item: 4 item_armor_combat
  7:12 Kill: 2 5 7: Dono da Bola killed Assasinu Credi by MOD_ROCKET_SPLASH
  7:12 Item: 2 weapon_rocketlauncher
  7:12 Kill: 4 2 7: Zeh killed Dono da Bola by MOD_ROCKET_SPLASH
  7:13 Item: 4 weapon_rocketlauncher
  7:14 Item: 4 item_armor_shard
  7:14 Item: 4 item_armor_shard
  7:14 Item: 4 item_armor_shard
  7:16 Item: 2 weapon_rocketlauncher
  7:17 Item: 5 weapon_rocketlauncher
  7:18 Item: 5 ammo_rockets
  7:21 Item: 3 ammo_bullets
  7:21 Kill: 2 2 7: Dono da Bola killed Dono da Bola by MOD_ROCKET_SPLASH
  7:23 Kill: 4 3 7: Zeh killed Isgalamido by MOD_ROCKET_SPLASH
  7:23 Item: 4 weapon_rocketlauncher
  7:25 Item: 2 weapon_rocketlauncher
  7:29 Item: 3 ammo_rockets
  7:29 Item: 3 weapon_rocketlauncher
  7:29 Kill: 2 5 7: Dono da Bola killed Assasinu Credi by MOD_ROCKET_SPLASH
  7:30 Kill: 1022 2 19: <world> killed Dono da Bola by MOD_FALLING
  7:30 Item: 4 weapon_rocketlauncher
  7:33 Item: 2 weapon_rocketlauncher
  7:33 Item: 5 weapon_rocketlauncher
  7:36 Item: 5 item_armor_body
  7:37 Kill: 1022 4 19: <world> killed Zeh by MOD_FALLING
  7:37 Item: 5 weapon_rocketlauncher
  7:44 Kill: 5 2 6: Assasinu Credi killed Dono da Bola by MOD_ROCKET
  7:46 Item: 4 item_quad
  7:47 Item: 3 weapon_rocketlauncher
  7:50 Item: 2 weapon_rocketlauncher
  7:53 Item: 4 weapon_rocketlauncher
  7:53 Kill: 5 4 7: Assasinu Credi killed Zeh by MOD_ROCKET_SPLASH
  7:53 Kill: 3 5 6: Isgalamido killed Assasinu Credi by MOD_ROCKET
  7:54 Item: 2 weapon_rocketlauncher
  7:55 Item: 2 item_quad
  7:55 Item: 2 weapon_rocketlauncher
  7:56 Item: 4 weapon_rocketlauncher
  7:59 Item: 5 weapon_rocketlauncher
  8:00 Item: 5 ammo_rockets
  8:04 Kill: 2 5 7: Dono da Bola killed Assasinu Credi by MOD_ROCKET_SPLASH
  8:05 Item: 2 weapon_rocketlauncher
  8:07 Item: 5 weapon_rocketlauncher
  8:08 Kill: 2 5 7: Dono da Bola killed Assasinu Credi by MOD_ROCKET_SPLASH
  8:10 Item: 3 weapon_rocketlauncher
  8:11 Kill: 4 3 7: Zeh killed Isgalamido by MOD_ROCKET_SPLASH
  8:11 Kill: 2 2 7: Dono da Bola killed Dono da Bola by MOD_ROCKET_SPLASH
  8:12 Item: 4 item_armor_shard
  8:12 Item: 4 item_armor_shard
  8:12 Item: 4 item_armor_shard
  8:12 Item: 4 item_armor_combat
  8:13 Item: 5 weapon_rocketlauncher
  8:14 Item: 2 weapon_rocketlauncher
  8:15 Item: 4 item_armor_shard
  8:15 Item: 5 item_armor_body
  8:15 Item: 4 item_armor_shard
  8:15 Item: 4 item_armor_shard
  8:15 Item: 2 weapon_rocketlauncher
  8:16 Item: 4 item_quad
  8:16 Item: 4 weapon_rocketlauncher
  8:22 Item: 3 weapon_railgun
  8:24 Kill: 3 4 10: Isgalamido killed Zeh by MOD_RAILGUN
  8:25 Item: 3 weapon_railgun
  8:28 Item: 5 item_health_large
  8:28 Item: 4 weapon_shotgun
  8:30 Item: 2 item_health_large
  8:31 Kill: 3 5 10: Isgalamido killed Assasinu Credi by MOD_RAILGUN
  8:35 Kill: 4 3 1: Zeh killed Isgalamido by MOD_SHOTGUN
  8:37 Item: 5 weapon_rocketlauncher
  8:39 Item: 3 weapon_rocketlauncher
  8:39 Kill: 2 4 7: Dono da Bola killed Zeh by MOD_ROCKET_SPLASH
  8:40 Item: 2 weapon_shotgun
  8:41 Item: 3 ammo_bullets
  8:42 Item: 2 item_armor_shard
  8:42 Item: 2 item_armor_shard
  8:42 Item: 4 weapon_rocketlauncher
  8:42 Item: 2 item_armor_shard
  8:45 Item: 3 item_armor_shard
  8:45 Item: 3 item_armor_shard
  8:45 Item: 3 item_armor_shard
  8:45 Item: 3 item_armor_combat
  8:46 Kill: 4 5 7: Zeh killed Assasinu Credi by MOD_ROCKET_SPLASH
  8:47 Item: 4 weapon_rocketlauncher
  8:49 Kill: 3 2 7: Isgalamido killed Dono da Bola by MOD_ROCKET_SPLASH
  8:49 Item: 5 weapon_rocketlauncher
  8:52 Item: 3 weapon_rocketlauncher
  8:54 Item: 2 weapon_rocketlauncher
  8:55 Item: 4 item_quad
  8:56 Item: 2 item_armor_body
  8:56 Item: 3 ammo_rockets
  9:01 Kill: 4 5 6: Zeh killed Assasinu Credi by MOD_ROCKET
  9:04 Item: 5 weapon_rocketlauncher
  9:05 Kill: 4 5 7: Zeh killed Assasinu Credi by MOD_ROCKET_SPLASH
  9:09 Item: 4 ammo_rockets
  9:09 Item: 4 weapon_rocketlauncher
  9:09 Item: 3 item_armor_shard
  9:09 Item: 3 item_armor_shard
  9:10 Kill: 3 4 7: Isgalamido killed Zeh by MOD_ROCKET_SPLASH
  9:10 Kill: 1022 2 19: <world> killed Dono da Bola by MOD_FALLING
  9:11 Item: 5 weapon_rocketlauncher
  9:12 Item: 3 item_quad
  9:12 Item: 3 weapon_rocketlauncher
  9:14 Item: 2 weapon_rocketlauncher
  9:15 Item: 4 ammo_shells
  9:16 Item: 4 weapon_shotgun
  9:18 Item: 5 weapon_rocketlauncher
  9:19 Item: 4 weapon_shotgun
  9:20 Kill: 3 2 3: Isgalamido killed Dono da Bola by MOD_MACHINEGUN
  9:20 Kill: 5 4 7: Assasinu Credi killed Zeh by MOD_ROCKET_SPLASH
  9:21 Item: 5 weapon_shotgun
  9:22 Item: 2 weapon_rocketlauncher
  9:23 Item: 5 item_armor_shard
  9:24 Item: 5 item_armor_combat
  9:24 Item: 3 weapon_shotgun
  9:25 Item: 4 weapon_rocketlauncher
  9:25 Kill: 3 2 1: Isgalamido killed Dono da Bola by MOD_SHOTGUN
  9:25 Kill: 5 3 7: Assasinu Credi killed Isgalamido by MOD_ROCKET_SPLASH
  9:25 Kill: 2 5 6: Dono da Bola killed Assasinu Credi by MOD_ROCKET
  9:27 Item: 4 weapon_rocketlauncher
  9:27 Item: 2 weapon_rocketlauncher
  9:27 Item: 4 weapon_shotgun
  9:28 Item: 4 item_quad
  9:29 Item: 3 weapon_rocketlauncher
  9:29 Item: 4 item_armor_shard
  9:29 Item: 4 item_armor_shard
  9:29 Item: 4 item_armor_shard
  9:31 Item: 5 item_armor_body
  9:32 Item: 2 weapon_rocketlauncher
  9:36 Kill: 2 4 6: Dono da Bola killed Zeh by MOD_ROCKET
  9:36 Item: 2 item_armor_shard
  9:36 Item: 2 item_armor_shard
  9:37 Item: 5 weapon_rocketlauncher
  9:43 Item: 5 weapon_shotgun
  9:44 Item: 4 weapon_shotgun
  9:44 Item: 4 ammo_shells
  9:46 Item: 3 weapon_rocketlauncher
  9:47 Kill: 5 2 7: Assasinu Credi killed Dono da Bola by MOD_ROCKET_SPLASH
  9:48 Item: 4 weapon_shotgun
  9:50 Item: 2 weapon_rocketlauncher
  9:50 Item: 5 weapon_rocketlauncher
  9:51 Item: 4 weapon_shotgun
  9:52 Kill: 5 4 7: Assasinu Credi killed Zeh by MOD_ROCKET_SPLASH
  9:53 Item: 5 weapon_shotgun
  9:53 Kill: 3 5 7: Isgalamido killed Assasinu Credi by MOD_ROCKET_SPLASH
  9:53 Item: 2 item_armor_shard
  9:54 Item: 4 ammo_rockets
  9:54 Item: 4 weapon_rocketlauncher
  9:55 Item: 3 item_armor_shard
  9:56 Item: 3 item_armor_shard
  9:56 Item: 3 item_armor_shard
  9:56 Item: 3 item_armor_combat
  9:58 Kill: 3 2 6: Isgalamido killed Dono da Bola by MOD_ROCKET
  9:58 Item: 3 weapon_rocketlauncher
 10:00 Item: 5 item_armor_body
 10:01 Item: 2 weapon_rocketlauncher
 10:01 Item: 2 ammo_rockets
 10:07 Item: 5 weapon_rocketlauncher
 10:09 Kill: 5 3 7: Assasinu Credi killed Isgalamido by MOD_ROCKET_SPLASH
 10:12 Item: 4 item_quad
 10:13 Item: 3 weapon_rocketlauncher
 10:17 Item: 5 item_armor_shard
 10:17 Item: 5 item_armor_shard
 10:19 Kill: 3 4 7: Isgalamido killed Zeh by MOD_ROCKET_SPLASH
 10:19 Item: 5 weapon_shotgun
 10:20 Item: 3 item_quad
 10:21 Item: 5 item_armor_shard
 10:21 Item: 5 item_armor_shard
 10:21 Item: 5 item_armor_shard
 10:22 Item: 4 weapon_rocketlauncher
 10:24 Kill: 3 5 7: Isgalamido killed Assasinu Credi by MOD_ROCKET_SPLASH
 10:26 Item: 3 weapon_rocketlauncher
 10:27 Item: 4 item_armor_shard
 10:28 Item: 4 item_armor_combat
 10:29 Kill: 3 4 3: Isgalamido killed Zeh by MOD_MACHINEGUN
 10:30 Item: 5 weapon_rocketlauncher
 10:30 Item: 2 weapon_railgun
 10:32 Item: 2 item_health
 10:32 Item: 5 item_armor_body
 10:33 Item: 3 item_health_large
 10:35 Item: 4 weapon_rocketlauncher
 10:37 Item: 3 item_health_mega
 10:41 Kill: 1022 5 22: <world> killed Assasinu Credi by MOD_TRIGGER_HURT
 10:42 Item: 3 item_armor_shard
 10:42 Kill: 2 4 10: Dono da Bola killed Zeh by MOD_RAILGUN
 10:42 Item: 3 item_armor_shard
 10:43 Item: 5 ammo_rockets
 10:44 Item: 5 weapon_rocketlauncher
 10:44 Item: 3 weapon_rocketlauncher
 10:45 Item: 3 weapon_rocketlauncher
 10:46 Item: 3 ammo_rockets
 10:48 Item: 4 weapon_rocketlauncher
 10:51 Item: 5 weapon_rocketlauncher
 10:51 Item: 5 item_armor_shard
 10:51 Item: 5 item_armor_shard
 10:51 Item: 5 item_armor_shard
 10:55 Item: 4 item_health_large
 10:57 Kill: 3 4 7: Isgalamido killed Zeh by MOD_ROCKET_SPLASH
 11:00 Item: 4 weapon_rocketlauncher
 11:00 Kill: 5 2 7: Assasinu Credi killed Dono da Bola by MOD_ROCKET_SPLASH
 11:00 Item: 5 item_quad
 11:01 Item: 3 item_health_large
 11:03 Item: 3 weapon_rocketlauncher
 11:04 Item: 2 weapon_rocketlauncher
 11:04 Item: 3 weapon_rocketlauncher
 11:07 Item: 2 item_armor_combat
 11:16 Kill: 1022 3 19: <world> killed Isgalamido by MOD_FALLING
 11:17 Kill: 2 5 7: Dono da Bola killed Assasinu Credi by MOD_ROCKET_SPLASH
 11:18 Item: 2 item_armor_body
 11:18 Item: 4 item_armor_shard
 11:18 Item: 4 item_armor_shard
 11:18 Item: 4 item_armor_shard
 11:21 Item: 4 item_armor_shard
 11:21 Item: 4 item_armor_shard
 11:21 Item: 4 item_armor_shard
 11:21 Item: 5 weapon_rocketlauncher
 11:23 Item: 5 weapon_railgun
 11:24 Item: 3 weapon_rocketlauncher
 11:24 Item: 4 weapon_shotgun
 11:25 Item: 4 ammo_shells
 11:25 Item: 3 weapon_rocketlauncher
 11:26 Item: 2 weapon_rocketlauncher
 11:26 Kill: 5 4 7: Assasinu Credi killed Zeh by MOD_ROCKET_SPLASH
 11:30 Item: 4 weapon_shotgun
 11:30 Kill: 5 5 7: Assasinu Credi killed Assasinu Credi by MOD_ROCKET_SPLASH
 11:30 Kill: 3 2 7: Isgalamido killed Dono da Bola by MOD_ROCKET_SPLASH
 11:31 Item: 3 weapon_rocketlauncher
 11:34 Item: 2 weapon_rocketlauncher
 11:37 Item: 5 ammo_rockets
 11:37 Kill: 1022 4 22: <world> killed Zeh by MOD_TRIGGER_HURT
 11:38 Item: 3 item_armor_combat
 11:40 Kill: 1022 5 19: <world> killed Assasinu Credi by MOD_FALLING
 11:40 Item: 4 weapon_rocketlauncher
 11:43 Item: 5 weapon_rocketlauncher
 11:44 Item: 3 item_armor_shard
 11:44 Item: 3 item_armor_shard
 11:44 Item: 3 item_armor_shard
 11:47 Kill: 4 2 7: Zeh killed Dono da Bola by MOD_ROCKET_SPLASH
 11:47 Kill: 3 5 6: Isgalamido killed Assasinu Credi by MOD_ROCKET
 11:50 Item: 5 ammo_rockets
 11:50 Item: 4 weapon_rocketlauncher
 11:50 Item: 5 weapon_rocketlauncher
 11:51 Item: 5 weapon_rocketlauncher
 11:53 Item: 2 weapon_rocketlauncher
 11:56 Item: 5 weapon_rocketlauncher
 11:57 Item: 2 item_armor_shard
 11:57 Item: 2 item_armor_shard
 11:57 Item: 2 item_armor_shard
 11:57 Kill: 4 3 7: Zeh killed Isgalamido by MOD_ROCKET_SPLASH
 11:57 Exit: Fraglimit hit.
 11:57 score: 20  ping: 4  client: 4 Zeh
 11:57 score: 19  ping: 3  client: 3 Isgalamido
 11:57 score: 11  ping: 0  client: 5 Assasinu Credi
 11:57 score: 5  ping: 9  client: 2 Dono da Bola
 12:13 ShutdownGame:
 12:13 ------------------------------------------------------------
 12:13 ------------------------------------------------------------
 12:13 InitGame: \sv_floodProtect\1\sv_maxPing\0\sv_minPing\0\sv_maxRate\10000\sv_minRate\0\sv_hostname\Code Miner Server\g_gametype\0\sv_privateClients\2\sv_maxclients\16\sv_allowDownload\0\bot_minplayers\0\dmflags\0\fraglimit\20\timelimit\15\g_maxGameClients\0\capturelimit\8\version\ioq3 1.36 linux-x86_64 Apr 12 2009\protocol\68\mapname\q3dm17\gamename\baseq3\g_needpass\0
 12:14 ClientConnect: 2
 12:14 ClientUserinfoChanged: 2 n\Dono da Bola\t\0\model\sarge\hmodel\sarge\g_redteam\\g_blueteam\\c1\4\c2\5\hc\95\w\0\l\0\tt\0\tl\0
 12:14 ClientBegin: 2
 12:14 ClientConnect: 3
 12:14 ClientUserinfoChanged: 3 n\Isgalamido\t\0\model\uriel/zael\hmodel\uriel/zael\g_redteam\\g_blueteam\\c1\5\c2\5\hc\100\w\0\l\0\tt\0\tl\0
 12:14 ClientBegin: 3
 12:14 ClientConnect: 4
 12:14 ClientUserinfoChanged: 4 n\Zeh\t\0\model\sarge/default\hmodel\sarge/default\g_redteam\\g_blueteam\\c1\1\c2\5\hc\100\w\0\l\0\tt\0\tl\0
 12:14 ClientBegin: 4
 12:14 ClientConnect: 5
 12:14 ClientUserinfoChanged: 5 n\Assasinu Credi\t\0\model\sarge\hmodel\sarge\g_redteam\\g_blueteam\\c1\4\c2\5\hc\100\w\0\l\0\tt\0\tl\0
 12:14 ClientBegin: 5
 12:16 Item: 3 ammo_rockets
 12:16 Item: 3 weapon_rocketlauncher
 12:19 Item: 5 weapon_rocketlauncher
 12:21 Item: 5 item_armor_body
 12:22 Item: 4 weapon_rocketlauncher
 12:22 Item: 4 ammo_rockets
 12:24 Kill: 3 4 6: Isgalamido killed Zeh by MOD_ROCKET
 12:26 Kill: 3 2 7: Isgalamido killed Dono da Bola by MOD_ROCKET_SPLASH
 12:27 Item: 5 item_armor_shard
 12:27 Item: 5 item_armor_shard
 12:27 Item: 3 item_health_large
 12:27 Item: 5 item_armor_shard
 12:27 Item: 5 item_armor_combat
 12:29 Item: 3 weapon_rocketlauncher
 12:36 Item: 5 item_health_mega
 12:42 Item: 5 weapon_railgun
 12:45 Item: 5 weapon_railgun
 12:48 Item: 5 weapon_railgun
 12:51 Item: 5 weapon_railgun
 12:54 Item: 3 weapon_rocketlauncher
 12:54 Item: 5 weapon_railgun
 12:56 Item: 3 item_armor_body
 13:00 Item: 3 weapon_railgun
 13:03 Item: 3 weapon_railgun
 13:05 Item: 2 weapon_rocketlauncher
 13:05 ClientDisconnect: 3
 13:08 Item: 2 item_armor_shard
 13:08 Item: 5 weapon_railgun
 13:08 Item: 2 item_armor_shard
 13:08 Item: 2 item_armor_shard
 13:08 Item: 2 item_armor_combat
 13:08 Item: 5 weapon_railgun
 13:10 Item: 2 item_armor_shard
 13:10 Item: 2 item_armor_shard
 13:10 Item: 2 item_armor_shard
 13:21 Item: 5 weapon_railgun
 13:26 ClientDisconnect: 2
 13:27 Item: 5 ammo_rockets
 13:27 Item: 5 weapon_rocketlauncher
 13:27 ClientDisconnect: 4
 13:36 ClientConnect: 2
 13:36 ClientUserinfoChanged: 2 n\Zeh\t\0\model\sarge/default\hmodel\sarge/default\g_redteam\\g_blueteam\\c1\1\c2\5\hc\100\w\0\l\0\tt\0\tl\0
 13:36 Item: 5 item_armor_shard
 13:36 Item: 5 item_armor_shard
 13:37 Item: 5 item_armor_shard
 13:37 ClientUserinfoChanged: 2 n\Zeh\t\0\model\sarge/default\hmodel\sarge/default\g_redteam\\g_blueteam\\c1\1\c2\5\hc\100\w\0\l\0\tt\0\tl\0
 13:37 ClientBegin: 2
 13:39 Item: 2 weapon_rocketlauncher
 13:40 Item: 2 ammo_rockets
 13:42 Item: 2 item_armor_body
 13:45 Item: 2 weapon_rocketlauncher
 13:46 Item: 5 item_health_mega
 13:50 Item: 2 weapon_railgun
 14:02 Kill: 1022 5 22: <world> killed Assasinu Credi by MOD_TRIGGER_HURT
 14:09 Item: 5 weapon_rocketlauncher
 14:15 Kill: 2 5 10: Zeh killed Assasinu Credi by MOD_RAILGUN
 14:19 Item: 5 weapon_rocketlauncher
 14:20 Item: 2 item_armor_shard
 14:20 Item: 2 item_armor_shard
 14:20 Item: 2 item_armor_shard
 14:20 Item: 2 item_armor_combat
 14:26 Item: 2 item_armor_shard
 14:26 Item: 2 item_armor_shard
 14:27 Item: 2 item_armor_shard
 14:29 Kill: 5 5 7: Assasinu Credi killed Assasinu Credi by MOD_ROCKET_SPLASH
 14:32 Item: 5 weapon_rocketlauncher
 14:37 Item: 2 item_health_large
 14:38 Kill: 1022 5 22: <world> killed Assasinu Credi by MOD_TRIGGER_HURT
 14:39 Item: 2 weapon_rocketlauncher
 14:40 Item: 2 ammo_rockets
 14:42 Item: 5 weapon_rocketlauncher
 14:46 Kill: 5 2 6: Assasinu Credi killed Zeh by MOD_ROCKET
 14:49 Item: 5 weapon_rocketlauncher
 14:49 Item: 5 item_armor_shard
 14:49 Item: 5 item_armor_shard
 14:49 Item: 5 item_armor_shard
 14:52 Item: 2 ammo_slugs
 14:52 Item: 5 weapon_rocketlauncher
 14:55 Item: 2 weapon_railgun
 14:57 Item: 5 weapon_rocketlauncher
 15:06 Kill: 5 2 6: Assasinu Credi killed Zeh by MOD_ROCKET
 15:09 Item: 5 weapon_railgun
 15:09 Item: 2 weapon_rocketlauncher
 15:09 Item: 2 ammo_rockets
 15:11 Item: 2 item_armor_body
 15:13 Item: 2 weapon_rocketlauncher
 15:18 Kill: 2 5 7: Zeh killed Assasinu Credi by MOD_ROCKET_SPLASH
 15:21 Item: 5 weapon_rocketlauncher
 15:23 Item: 2 item_armor_shard
 15:23 Item: 2 item_armor_shard
 15:23 Item: 2 item_armor_shard
 15:23 Item: 2 item_armor_combat
 15:26 Item: 2 item_armor_shard
 15:26 Item: 2 item_armor_shard
 15:27 Item: 2 item_armor_shard
 15:27 Kill: 1022 5 22: <world> killed Assasinu Credi by MOD_TRIGGER_HURT
 15:28 Item: 2 weapon_railgun
 15:31 Item: 5 weapon_rocketlauncher
 15:36 Kill: 5 5 7: Assasinu Credi killed Assasinu Credi by MOD_ROCKET_SPLASH
 15:38 Kill: 1022 2 22: <world> killed Zeh by MOD_TRIGGER_HURT
 15:42 Item: 5 weapon_rocketlauncher
 15:42 Item: 2 ammo_shells
 15:43 Item: 2 weapon_shotgun
 15:51 Item: 2 item_health_large
 15:53 Item: 2 ammo_rockets
 15:53 Item: 5 weapon_rocketlauncher
 15:54 Kill: 5 2 6: Assasinu Credi killed Zeh by MOD_ROCKET
 15:55 Item: 5 weapon_shotgun
 15:56 ClientDisconnect: 2
 15:58 Item: 5 item_armor_body
 16:01 Item: 5 ammo_rockets
 16:01 Item: 5 weapon_rocketlauncher
 16:02 Item: 5 weapon_rocketlauncher
 16:06 Item: 5 item_armor_shard
 16:06 Item: 5 item_armor_shard
 16:06 Item: 5 item_armor_shard
 16:06 Item: 5 item_armor_combat
 16:10 Item: 5 weapon_rocketlauncher
 16:22 Item: 5 item_health_mega
 16:33 Item: 5 item_armor_shard
 16:33 Item: 5 item_armor_shard
 16:33 Item: 5 item_armor_shard
 16:40 Item: 5 item_armor_body
 16:46 Kill: 1022 5 22: <world> killed Assasinu Credi by MOD_TRIGGER_HURT
 16:47 ClientDisconnect: 5
 27:14 Exit: Timelimit hit.
 54:21 ShutdownGame:
 54:21 ------------------------------------------------------------
  0:00 ------------------------------------------------------------
  0:00 InitGame: \capturelimit\8\g_maxGameClients\0\timelimit\15\fraglimit\20\dmflags\0\sv_allowDownload\0\sv_maxclients\16\sv_privateClients\2\g_gametype\0\sv_hostname\Code Miner Server\sv_minRate\0\sv_maxRate\10000\sv_minPing\0\sv_maxPing\0\sv_floodProtect\1\version\ioq3 1.36 linux-x86_64 Apr 12 2009\protocol\68\mapname\q3dm17\gamename\baseq3\g_needpass\0
  0:07 ClientConnect: 2
  0:07 ClientUserinfoChanged: 2 n\Fasano Again\t\0\model\razor/id\hmodel\razor/id\g_redteam\\g_blueteam\\c1\3\c2\5\hc\100\w\0\l\0\tt\0\tl\0
  0:10 ClientUserinfoChanged: 2 n\Oootsimo\t\0\model\razor/id\hmodel\razor/id\g_redteam\\g_blueteam\\c1\3\c2\5\hc\100\w\0\l\0\tt\0\tl\0
  0:10 ClientBegin: 2
  0:12 Item: 2 weapon_rocketlauncher
  0:12 Item: 2 ammo_rockets
  0:14 Item: 2 item_armor_body
  0:15 ClientConnect: 3
  0:15 ClientUserinfoChanged: 3 n\Isgalamido\t\0\model\xian/default\hmodel\xian/default\g_redteam\\g_blueteam\\c1\4\c2\5\hc\100\w\0\l\0\tt\0\tl\0
  0:16 Item: 2 ammo_rockets
  0:17 Item: 2 weapon_rocketlauncher
  0:17 ClientConnect: 4
  0:17 ClientUserinfoChanged: 4 n\Zeh\t\0\model\sarge/default\hmodel\sarge/default\g_redteam\\g_blueteam\\c1\5\c2\5\hc\100\w\0\l\0\tt\0\tl\0
  0:18 ClientUserinfoChanged: 3 n\Isgalamido\t\0\model\uriel/zael\hmodel\uriel/zael\g_redteam\\g_blueteam\\c1\5\c2\5\hc\100\w\0\l\0\tt\0\tl\0
  0:18 ClientBegin: 3
  0:19 ClientUserinfoChanged: 4 n\Zeh\t\0\model\sarge/default\hmodel\sarge/default\g_redteam\\g_blueteam\\c1\1\c2\5\hc\100\w\0\l\0\tt\0\tl\0
  0:19 ClientBegin: 4
  0:20 Item: 2 item_armor_shard
  0:20 Item: 2 item_armor_shard
  0:20 Item: 2 item_armor_shard
  0:20 Item: 2 item_armor_combat
  0:22 Item: 4 ammo_shells
  0:22 Item: 4 weapon_shotgun
  0:23 Item: 3 weapon_rocketlauncher
  0:25 Kill: 2 4 6: Oootsimo killed Zeh by MOD_ROCKET
  0:26 Item: 2 weapon_shotgun
  0:26 Item: 2 item_armor_shard
  0:27 Item: 2 item_armor_shard
  0:27 Item: 2 item_armor_shard
  0:28 Item: 4 weapon_rocketlauncher
  0:39 Item: 3 item_health_large
  0:47 Item: 3 weapon_railgun
  0:47 Item: 2 weapon_rocketlauncher
  0:49 Kill: 3 4 10: Isgalamido killed Zeh by MOD_RAILGUN
  0:51 Item: 2 item_armor_shard
  0:51 Item: 2 item_armor_shard
  0:52 Item: 2 item_armor_shard
  0:52 Item: 2 item_armor_combat
  0:53 Item: 4 weapon_rocketlauncher
  0:53 Item: 4 ammo_rockets
  0:53 Item: 3 weapon_railgun
  0:59 Item: 2 item_health_large
  1:01 Item: 2 weapon_rocketlauncher
  1:01 Item: 2 ammo_rockets
  1:04 Item: 3 item_quad
  1:07 Kill: 4 3 6: Zeh killed Isgalamido by MOD_ROCKET
  1:08 Item: 4 weapon_railgun
  1:08 Item: 4 item_quad
  1:11 Item: 3 weapon_rocketlauncher
  1:11 Item: 4 weapon_shotgun
  1:13 Item: 4 ammo_shells
  1:13 Kill: 4 3 1: Zeh killed Isgalamido by MOD_SHOTGUN
  1:14 Kill: 2 4 7: Oootsimo killed Zeh by MOD_ROCKET_SPLASH
  1:16 Item: 3 weapon_shotgun
  1:17 Item: 3 item_quad
  1:17 Kill: 1022 2 22: <world> killed Oootsimo by MOD_TRIGGER_HURT
  1:18 Item: 4 weapon_rocketlauncher
  1:18 Item: 3 item_armor_shard
  1:18 Item: 3 item_armor_shard
  1:19 Item: 3 item_armor_shard
  1:19 ClientConnect: 5
  1:19 ClientUserinfoChanged: 5 n\Dono da Bola\t\0\model\sarge/krusade\hmodel\sarge/krusade\g_redteam\\g_blueteam\\c1\5\c2\5\hc\95\w\0\l\0\tt\0\tl\0
  1:20 Item: 4 item_armor_body
  1:21 ClientConnect: 6
  1:21 ClientUserinfoChanged: 6 n\UnnamedPlayer\t\0\model\sarge\hmodel\sarge\g_redteam\\g_blueteam\\c1\4\c2\5\hc\100\w\0\l\0\tt\0\tl\0
  1:21 ClientUserinfoChanged: 5 n\Dono da Bola\t\0\model\sarge\hmodel\sarge\g_redteam\\g_blueteam\\c1\4\c2\5\hc\95\w\0\l\0\tt\0\tl\0
  1:21 ClientBegin: 5
  1:21 Item: 2 weapon_rocketlauncher
  1:24 ClientUserinfoChanged: 6 n\UnnamedPlayer\t\0\model\sarge\hmodel\sarge\g_redteam\\g_blueteam\\c1\4\c2\5\hc\100\w\0\l\0\tt\0\tl\0
  1:24 ClientBegin: 6
  1:25 Item: 2 item_armor_shard
  1:25 Item: 2 item_armor_shard
  1:25 Item: 2 item_armor_shard
  1:25 Item: 2 item_armor_combat
  1:26 Item: 5 weapon_rocketlauncher
  1:27 Item: 5 weapon_rocketlauncher
  1:30 Item: 2 weapon_rocketlauncher
  1:31 Kill: 1022 4 19: <world> killed Zeh by MOD_FALLING
  1:31 Kill: 3 6 1: Isgalamido killed UnnamedPlayer by MOD_SHOTGUN
  1:34 Kill: 3 5 1: Isgalamido killed Dono da Bola by MOD_SHOTGUN
  1:34 Item: 4 weapon_rocketlauncher
  1:34 Item: 4 ammo_rockets
  1:39 Item: 4 weapon_railgun
  1:40 Item: 3 weapon_rocketlauncher
  1:43 Item: 5 weapon_rocketlauncher
  1:45 Kill: 4 3 10: Zeh killed Isgalamido by MOD_RAILGUN
  1:45 ClientUserinfoChanged: 6 n\Maluquinho\t\0\model\sarge\hmodel\sarge\g_redteam\\g_blueteam\\c1\4\c2\5\hc\100\w\0\l\0\tt\0\tl\0
  1:46 Item: 2 item_armor_shard
  1:46 Item: 2 item_armor_shard
  1:46 Item: 2 item_armor_shard
  1:48 Item: 2 weapon_rocketlauncher
  1:50 Item: 2 ammo_shells
  1:50 Item: 3 ammo_slugs
  1:50 Item: 6 ammo_bullets
  1:50 Item: 6 weapon_rocketlauncher
  1:51 Kill: 5 3 7: Dono da Bola killed Isgalamido by MOD_ROCKET_SPLASH
  1:54 Item: 5 weapon_railgun
  1:54 Kill: 2 5 7: Oootsimo killed Dono da Bola by MOD_ROCKET_SPLASH
  1:56 Item: 6 item_armor_combat
  1:58 Item: 5 weapon_rocketlauncher
  1:59 Item: 4 item_health_large
  2:00 Item: 4 weapon_rocketlauncher
  2:00 Item: 3 item_quad
  2:01 Item: 5 item_armor_body
  2:02 Kill: 6 4 7: Maluquinho killed Zeh by MOD_ROCKET_SPLASH
  2:03 Item: 5 weapon_rocketlauncher
  2:04 Kill: 1022 6 22: <world> killed Maluquinho by MOD_TRIGGER_HURT
  2:05 Item: 2 item_armor_shard
  2:05 Item: 2 item_armor_shard
  2:05 Item: 2 item_armor_shard
  2:05 ClientConnect: 7
  2:05 ClientUserinfoChanged: 7 n\Assasinu Credi\t\0\model\sarge\hmodel\sarge\g_redteam\\g_blueteam\\c1\4\c2\5\hc\95\w\0\l\0\tt\0\tl\0
  2:06 Kill: 3 2 3: Isgalamido killed Oootsimo by MOD_MACHINEGUN
  2:08 ClientUserinfoChanged: 7 n\Assasinu Credi\t\0\model\sarge\hmodel\sarge\g_redteam\\g_blueteam\\c1\4\c2\5\hc\100\w\0\l\0\tt\0\tl\0
  2:08 ClientBegin: 7
  2:08 Item: 4 weapon_rocketlauncher
  2:08 Item: 2 ammo_rockets
  2:09 Item: 2 weapon_rocketlauncher
  2:09 Kill: 5 4 7: Dono da Bola killed Zeh by MOD_ROCKET_SPLASH
  2:09 Item: 5 weapon_rocketlauncher
  2:10 Kill: 2 7 6: Oootsimo killed Assasinu Credi by MOD_ROCKET
  2:11 Item: 3 weapon_rocketlauncher
  2:15 Item: 3 item_armor_shard
  2:15 Item: 3 item_armor_shard
  2:16 Item: 3 item_armor_shard
  2:16 Item: 4 weapon_shotgun
  2:19 Item: 7 weapon_rocketlauncher
  2:19 Item: 7 ammo_rockets
  2:26 Item: 2 weapon_rocketlauncher
  2:28 Kill: 2 5 7: Oootsimo killed Dono da Bola by MOD_ROCKET_SPLASH
  2:28 Kill: 4 3 1: Zeh killed Isgalamido by MOD_SHOTGUN
  2:29 Item: 4 item_quad
  2:29 Item: 7 weapon_rocketlauncher
  2:31 Item: 7 item_armor_body
  2:32 Item: 3 weapon_rocketlauncher
  2:34 Item: 4 item_armor_shard
  2:34 Item: 2 item_health_large
  2:34 Item: 4 item_armor_shard
  2:35 Item: 4 item_armor_combat
  2:36 Item: 5 weapon_rocketlauncher
  2:38 Kill: 7 5 7: Assasinu Credi killed Dono da Bola by MOD_ROCKET_SPLASH
  2:38 Kill: 2 4 6: Oootsimo killed Zeh by MOD_ROCKET
  2:40 ClientUserinfoChanged: 6 n\Mal\t\0\model\sarge\hmodel\sarge\g_redteam\\g_blueteam\\c1\4\c2\5\hc\100\w\0\l\0\tt\0\tl\0
  2:41 Item: 3 item_armor_shard
  2:41 Item: 4 weapon_rocketlauncher
  2:42 Item: 2 weapon_rocketlauncher
  2:42 Item: 2 item_armor_shard
  2:42 Item: 2 item_armor_shard
  2:42 Item: 2 item_armor_shard
  2:46 Kill: 4 5 7: Zeh killed Dono da Bola by MOD_ROCKET_SPLASH
  2:46 Item: 4 weapon_rocketlauncher
  2:47 Item: 4 weapon_rocketlauncher
  2:48 Item: 2 weapon_shotgun
  2:55 Item: 7 ammo_shells
  2:56 Item: 3 weapon_rocketlauncher
  2:56 Item: 3 ammo_rockets
  2:59 Kill: 4 7 6: Zeh killed Assasinu Credi by MOD_ROCKET
  3:00 Item: 2 weapon_rocketlauncher
  3:01 Kill: 2 4 7: Oootsimo killed Zeh by MOD_ROCKET_SPLASH
  3:02 Item: 6 item_health_large
  3:04 Item: 4 ammo_rockets
  3:04 Item: 4 weapon_rocketlauncher
  3:05 Item: 7 weapon_rocketlauncher
  3:05 Item: 2 item_armor_combat
  3:06 Item: 4 item_armor_body
  3:06 Kill: 2 3 7: Oootsimo killed Isgalamido by MOD_ROCKET_SPLASH
  3:09 Item: 7 item_health_large
  3:10 Item: 6 weapon_rocketlauncher
  3:10 Kill: 4 6 7: Zeh killed Mal by MOD_ROCKET_SPLASH
  3:11 Item: 4 weapon_rocketlauncher
  3:12 Kill: 2 7 7: Oootsimo killed Assasinu Credi by MOD_ROCKET_SPLASH
  3:13 Item: 2 weapon_rocketlauncher
  3:13 Item: 3 weapon_rocketlauncher
  3:16 Item: 3 ammo_slugs
  3:16 Item: 2 item_armor_shard
  3:16 Item: 2 item_armor_shard
  3:16 Item: 2 item_armor_shard
  3:18 Item: 3 weapon_railgun
  3:19 Item: 7 weapon_rocketlauncher
  3:21 Item: 6 ammo_bullets
  3:21 Kill: 1022 3 22: <world> killed Isgalamido by MOD_TRIGGER_HURT
  3:21 Item: 6 weapon_rocketlauncher
  3:23 Item: 7 weapon_rocketlauncher
  3:23 Item: 6 weapon_rocketlauncher
  3:24 Item: 2 item_armor_shard
  3:25 Item: 2 item_armor_shard
  3:25 Item: 2 item_armor_shard
  3:25 Item: 4 item_quad
  3:31 Item: 3 weapon_rocketlauncher
  3:31 Kill: 4 6 7: Zeh killed Mal by MOD_ROCKET_SPLASH
  3:31 Item: 5 weapon_rocketlauncher
  3:32 Item: 7 weapon_rocketlauncher
  3:32 ShutdownGame:
  3:32 ------------------------------------------------------------
  3:32 ------------------------------------------------------------
  3:32 InitGame: \capturelimit\8\g_maxGameClients\0\timelimit\15\fraglimit\20\dmflags\0\bot_minplayers\0\sv_allowDownload\0\sv_maxclients\16\sv_privateClients\2\g_gametype\0\sv_hostname\Code Miner Server\sv_minRate\0\sv_maxRate\10000\sv_minPing\0\sv_maxPing\0\sv_floodProtect\1\version\ioq3 1.36 linux-x86_64 Apr 12 2009\protocol\68\mapname\q3dm17\gamename\baseq3\g_needpass\0
  3:32 ClientConnect: 2
  3:32 ClientUserinfoChanged: 2 n\Oootsimo\t\0\model\razor/id\hmodel\razor/id\g_redteam\\g_blueteam\\c1\3\c2\5\hc\100\w\0\l\0\tt\0\tl\0
  3:32 ClientBegin: 2
  3:32 ClientConnect: 3
  3:32 ClientUserinfoChanged: 3 n\Isgalamido\t\0\model\uriel/zael\hmodel\uriel/zael\g_redteam\\g_blueteam\\c1\5\c2\5\hc\100\w\0\l\0\tt\0\tl\0
  3:32 ClientBegin: 3
  3:32 ClientConnect: 4
  3:32 ClientUserinfoChanged: 4 n\Zeh\t\0\model\sarge/default\hmodel\sarge/default\g_redteam\\g_blueteam\\c1\1\c2\5\hc\100\w\0\l\0\tt\0\tl\0
  3:32 ClientBegin: 4
  3:32 ClientConnect: 5
  3:32 ClientUserinfoChanged: 5 n\Dono da Bola\t\0\model\sarge\hmodel\sarge\g_redteam\\g_blueteam\\c1\4\c2\5\hc\95\w\0\l\0\tt\0\tl\0
  3:32 ClientBegin: 5
  3:32 ClientConnect: 6
  3:32 ClientUserinfoChanged: 6 n\Mal\t\0\model\sarge\hmodel\sarge\g_redteam\\g_blueteam\\c1\4\c2\5\hc\100\w\0\l\0\tt\0\tl\0
  3:32 ClientBegin: 6
  3:32 ClientConnect: 7
  3:32 ClientUserinfoChanged: 7 n\Assasinu Credi\t\0\model\sarge\hmodel\sarge\g_redteam\\g_blueteam\\c1\4\c2\5\hc\100\w\0\l\0\tt\0\tl\0
  3:32 ClientBegin: 7
  3:33 Item: 5 ammo_rockets
  3:33 Item: 2 ammo_rockets
  3:34 Item: 6 ammo_bullets
  3:34 Item: 2 weapon_rocketlauncher
  3:35 Item: 5 weapon_rocketlauncher
  3:36 Item: 7 item_armor_body
  3:39 Item: 2 item_armor_shard
  3:39 Item: 2 item_armor_shard
  3:39 Item: 2 item_armor_shard
  3:39 Item: 2 item_armor_combat
  3:40 Item: 5 weapon_rocketlauncher
  3:43 Item: 2 weapon_rocketlauncher
  3:43 Item: 3 weapon_railgun
  3:45 Item: 7 weapon_rocketlauncher
  3:46 Item: 4 weapon_rocketlauncher
  3:46 Item: 2 ammo_bullets
  3:46 Item: 5 weapon_railgun
  3:50 Item: 2 item_armor_shard
  3:50 Item: 2 item_armor_shard
  3:50 Item: 2 item_armor_shard
  3:51 Kill: 1022 4 19: <world> killed Zeh by MOD_FALLING
  3:53 Item: 6 weapon_rocketlauncher
  3:55 Kill: 1022 5 22: <world> killed Dono da Bola by MOD_TRIGGER_HURT
  3:58 Item: 4 weapon_rocketlauncher
  4:02 Item: 3 weapon_rocketlauncher
  4:04 Item: 2 weapon_rocketlauncher
  4:07 Item: 4 item_health_large
  4:07 Kill: 7 2 7: Assasinu Credi killed Oootsimo by MOD_ROCKET_SPLASH
  4:07 Item: 5 weapon_rocketlauncher
  4:10 Item: 2 weapon_rocketlauncher
  4:12 Item: 4 item_armor_body
  4:12 Kill: 5 3 7: Dono da Bola killed Isgalamido by MOD_ROCKET_SPLASH
  4:13 Kill: 2 6 6: Oootsimo killed Mal by MOD_ROCKET
  4:15 Item: 7 item_quad
  4:16 Item: 4 weapon_railgun
  4:16 Item: 3 weapon_rocketlauncher
  4:16 Item: 3 ammo_rockets
  4:17 Item: 4 item_health
  4:17 Item: 2 item_armor_shard
  4:17 Item: 2 item_armor_shard
  4:17 Item: 2 item_armor_shard
  4:17 Item: 2 item_armor_combat
  4:19 Item: 3 weapon_rocketlauncher
  4:20 Item: 2 weapon_rocketlauncher
  4:20 Item: 2 item_armor_shard
  4:22 Item: 5 item_armor_shard
  4:22 Item: 5 item_armor_shard
  4:23 Kill: 1022 4 22: <world> killed Zeh by MOD_TRIGGER_HURT
  4:23 Kill: 2 5 6: Oootsimo killed Dono da Bola by MOD_ROCKET
  4:25 Item: 2 weapon_rocketlauncher
  4:25 Item: 7 ammo_rockets
  4:25 Item: 7 weapon_rocketlauncher
  4:26 Kill: 1022 6 22: <world> killed Mal by MOD_TRIGGER_HURT
  4:27 Item: 4 weapon_rocketlauncher
  4:30 Item: 5 weapon_rocketlauncher
  4:34 Kill: 7 5 7: Assasinu Credi killed Dono da Bola by MOD_ROCKET_SPLASH
  4:36 Kill: 2 3 6: Oootsimo killed Isgalamido by MOD_ROCKET
  4:37 Item: 5 weapon_rocketlauncher
  4:37 Item: 2 item_health_large
  4:39 Kill: 7 7 7: Assasinu Credi killed Assasinu Credi by MOD_ROCKET_SPLASH
  4:39 Kill: 7 6 7: Assasinu Credi killed Mal by MOD_ROCKET_SPLASH
  4:39 Item: 5 item_quad
  4:39 Item: 5 weapon_rocketlauncher
  4:40 Kill: 4 5 6: Zeh killed Dono da Bola by MOD_ROCKET
  4:41 Item: 2 weapon_rocketlauncher
  4:41 Item: 4 item_quad
  4:42 Item: 7 weapon_rocketlauncher
  4:42 Item: 2 weapon_rocketlauncher
  4:44 Item: 7 item_armor_body
  4:44 Item: 2 item_armor_shard
  4:44 Item: 2 item_armor_shard
  4:44 Item: 2 item_armor_shard
  4:45 Item: 5 weapon_rocketlauncher
  4:47 Item: 4 weapon_shotgun
  4:47 Item: 2 item_health_large
  4:49 Item: 3 weapon_railgun
  4:50 Item: 2 weapon_rocketlauncher
  4:51 Item: 5 weapon_rocketlauncher
  4:51 Item: 2 item_armor_shard
  4:51 Item: 2 item_armor_shard
  4:51 Item: 4 item_armor_combat
  4:51 Item: 2 item_armor_shard
  4:51 Kill: 4 2 1: Zeh killed Oootsimo by MOD_SHOTGUN
  4:52 Item: 3 weapon_railgun
  4:52 Kill: 5 6 7: Dono da Bola killed Mal by MOD_ROCKET_SPLASH
  4:54 Item: 2 weapon_rocketlauncher
  4:55 Item: 3 weapon_railgun
  4:57 Kill: 3 7 10: Isgalamido killed Assasinu Credi by MOD_RAILGUN
  4:58 Item: 4 weapon_rocketlauncher
  4:58 Kill: 2 5 7: Oootsimo killed Dono da Bola by MOD_ROCKET_SPLASH
  4:59 Item: 4 weapon_rocketlauncher
  5:00 Item: 5 ammo_rockets
  5:00 Item: 5 weapon_rocketlauncher
  5:01 Item: 4 weapon_rocketlauncher
  5:02 Item: 3 weapon_railgun
  5:03 Item: 7 weapon_rocketlauncher
  5:04 Item: 6 weapon_shotgun
  5:05 Item: 6 ammo_shells
  5:06 Kill: 4 6 7: Zeh killed Mal by MOD_ROCKET_SPLASH
  5:11 Item: 6 weapon_rocketlauncher
  5:11 Item: 3 item_quad
  5:11 Kill: 7 5 7: Assasinu Credi killed Dono da Bola by MOD_ROCKET_SPLASH
  5:12 Item: 2 ammo_rockets
  5:12 Item: 2 weapon_rocketlauncher
  5:13 Kill: 3 6 10: Isgalamido killed Mal by MOD_RAILGUN
  5:14 Item: 4 item_armor_body
  5:14 Item: 7 weapon_rocketlauncher
  5:16 Item: 2 item_health_large
  5:17 Item: 5 weapon_rocketlauncher
  5:17 Item: 7 weapon_rocketlauncher
  5:18 Item: 4 item_health_large
  5:18 Kill: 3 7 10: Isgalamido killed Assasinu Credi by MOD_RAILGUN
  5:19 Item: 2 item_armor_shard
  5:19 Item: 2 item_armor_shard
  5:19 Item: 2 item_armor_shard
  5:21 Item: 7 weapon_rocketlauncher
  5:21 Kill: 7 3 6: Assasinu Credi killed Isgalamido by MOD_ROCKET
  5:21 Item: 7 item_quad
  5:21 Item: 7 weapon_railgun
  5:22 Item: 2 weapon_rocketlauncher
  5:23 Item: 2 item_armor_shard
  5:23 Item: 2 item_armor_shard
  5:23 Item: 2 item_armor_shard
  5:23 Item: 2 item_armor_combat
  5:23 Kill: 4 7 7: Zeh killed Assasinu Credi by MOD_ROCKET_SPLASH
  5:26 Item: 6 weapon_rocketlauncher
  5:26 Item: 2 item_quad
  5:27 Item: 2 weapon_railgun
  5:28 Kill: 6 7 6: Mal killed Assasinu Credi by MOD_ROCKET
  5:29 Kill: 5 2 6: Dono da Bola killed Oootsimo by MOD_ROCKET
  5:29 Item: 5 item_quad
  5:30 Kill: 1022 6 22: <world> killed Mal by MOD_TRIGGER_HURT
  5:31 Item: 4 weapon_rocketlauncher
  5:31 Item: 2 weapon_rocketlauncher
  5:32 Kill: 2 5 6: Oootsimo killed Dono da Bola by MOD_ROCKET
  5:33 Item: 2 item_quad
  5:33 Item: 3 weapon_railgun
  5:34 Item: 7 weapon_shotgun
  5:35 Item: 6 weapon_shotgun
  5:36 Item: 3 weapon_railgun
  5:37 Kill: 2 4 7: Oootsimo killed Zeh by MOD_ROCKET_SPLASH
  5:37 Item: 5 weapon_rocketlauncher
  5:38 Kill: 7 6 1: Assasinu Credi killed Mal by MOD_SHOTGUN
  5:38 Item: 5 weapon_shotgun
  5:39 Item: 3 weapon_railgun
  5:41 Item: 4 weapon_rocketlauncher
  5:42 Kill: 2 7 7: Oootsimo killed Assasinu Credi by MOD_ROCKET_SPLASH
  5:42 Item: 6 weapon_rocketlauncher
  5:42 Item: 6 ammo_rockets
  5:44 Item: 4 item_armor_body
  5:46 Item: 2 item_armor_shard
  5:46 Item: 2 item_armor_shard
  5:46 Item: 7 weapon_rocketlauncher
  5:46 Item: 2 item_armor_shard
  5:47 Item: 3 weapon_shotgun
  5:47 Kill: 1022 6 22: <world> killed Mal by MOD_TRIGGER_HURT
  5:50 Item: 2 weapon_rocketlauncher
  5:51 Kill: 2 7 7: Oootsimo killed Assasinu Credi by MOD_ROCKET_SPLASH
  5:52 Item: 6 weapon_rocketlauncher
  5:53 ClientConnect: 8
  5:53 ClientUserinfoChanged: 8 n\Chessus!\t\0\model\xaero/default\hmodel\xaero/default\g_redteam\\g_blueteam\\c1\7\c2\5\hc\100\w\0\l\0\tt\0\tl\0
  5:53 Item: 2 weapon_rocketlauncher
  5:53 Item: 2 weapon_rocketlauncher
  5:54 Kill: 5 2 6: Dono da Bola killed Oootsimo by MOD_ROCKET
  5:54 Kill: 5 5 7: Dono da Bola killed Dono da Bola by MOD_ROCKET_SPLASH
  5:55 Item: 7 weapon_rocketlauncher
  5:55 ClientUserinfoChanged: 8 n\Chessus\t\0\model\visor/blue\hmodel\visor/blue\g_redteam\\g_blueteam\\c1\4\c2\5\hc\100\w\0\l\0\tt\0\tl\0
  5:55 ClientBegin: 8
  5:56 Item: 4 item_quad
  5:57 Item: 2 weapon_rocketlauncher
  6:01 Kill: 1022 2 22: <world> killed Oootsimo by MOD_TRIGGER_HURT
  6:02 Kill: 3 6 10: Isgalamido killed Mal by MOD_RAILGUN
  6:02 Item: 5 weapon_rocketlauncher
  6:04 Kill: 4 5 7: Zeh killed Dono da Bola by MOD_ROCKET_SPLASH
  6:04 Item: 8 weapon_railgun
  6:04 Item: 2 weapon_rocketlauncher
  6:05 Item: 3 item_armor_shard
  6:05 Item: 3 item_armor_shard
  6:05 Item: 3 item_armor_shard
  6:05 Item: 3 item_armor_combat
  6:06 Item: 2 weapon_rocketlauncher
  6:07 Item: 7 item_health_large
  6:07 Item: 8 weapon_railgun
  6:07 Item: 4 weapon_rocketlauncher
  6:08 Kill: 3 4 10: Isgalamido killed Zeh by MOD_RAILGUN
  6:09 Item: 3 weapon_rocketlauncher
  6:09 Item: 5 weapon_rocketlauncher
  6:10 Item: 8 weapon_railgun
  6:10 Item: 5 ammo_rockets
  6:10 Item: 3 weapon_rocketlauncher
  6:11 Item: 6 weapon_rocketlauncher
  6:12 Item: 5 item_quad
  6:13 Item: 8 weapon_railgun
  6:14 Kill: 5 5 7: Dono da Bola killed Dono da Bola by MOD_ROCKET_SPLASH
  6:15 Kill: 1022 6 22: <world> killed Mal by MOD_TRIGGER_HURT
  6:15 Item: 2 item_armor_shard
  6:15 Item: 2 item_armor_shard
  6:16 Item: 4 weapon_shotgun
  6:16 Item: 2 item_armor_shard
  6:16 Item: 8 weapon_railgun
  6:16 Item: 3 item_quad
  6:17 Item: 5 weapon_rocketlauncher
  6:18 Item: 7 item_health_large
  6:19 Item: 8 weapon_railgun
  6:19 Kill: 1022 3 19: <world> killed Isgalamido by MOD_FALLING
  6:20 Kill: 4 2 1: Zeh killed Oootsimo by MOD_SHOTGUN
  6:20 Item: 6 weapon_rocketlauncher
  6:21 Item: 6 weapon_rocketlauncher
  6:22 Item: 8 weapon_railgun
  6:22 Item: 3 weapon_rocketlauncher
  6:23 Item: 2 weapon_rocketlauncher
  6:23 Item: 6 item_quad
  6:23 Item: 6 weapon_rocketlauncher
  6:24 Item: 7 item_armor_body
  6:25 Item: 8 weapon_railgun
  6:25 Kill: 5 4 6: Dono da Bola killed Zeh by MOD_ROCKET
  6:26 Item: 6 weapon_shotgun
  6:27 Kill: 6 5 1: Mal killed Dono da Bola by MOD_SHOTGUN
  6:27 Item: 7 weapon_rocketlauncher
  6:28 Item: 6 weapon_shotgun
  6:28 Item: 8 weapon_railgun
  6:29 Item: 4 weapon_rocketlauncher
  6:29 Item: 6 weapon_rocketlauncher
  6:29 Kill: 2 6 7: Oootsimo killed Mal by MOD_ROCKET_SPLASH
  6:30 Item: 2 item_armor_shard
  6:30 Item: 2 item_armor_shard
  6:31 Item: 2 item_armor_shard
  6:31 Item: 8 weapon_railgun
  6:32 Item: 5 weapon_rocketlauncher
  6:32 Kill: 7 3 7: Assasinu Credi killed Isgalamido by MOD_ROCKET_SPLASH
  6:34 Item: 8 weapon_railgun
  6:35 Item: 5 item_armor_combat
  6:37 Item: 8 weapon_railgun
  6:37 Item: 5 weapon_shotgun
  6:37 Item: 7 item_quad
  6:37 Kill: 2 7 6: Oootsimo killed Assasinu Credi by MOD_ROCKET
  6:38 Item: 4 item_quad
  6:38 Item: 4 weapon_rocketlauncher
  6:39 Kill: 4 5 6: Zeh killed Dono da Bola by MOD_ROCKET
  6:39 Kill: 4 4 7: Zeh killed Zeh by MOD_ROCKET_SPLASH
  6:39 Kill: 1022 2 22: <world> killed Oootsimo by MOD_TRIGGER_HURT
  6:40 Item: 8 weapon_railgun
  6:40 Item: 7 weapon_rocketlauncher
  6:42 Item: 6 item_armor_shard
  6:42 Item: 6 item_armor_shard
  6:42 Item: 6 item_armor_shard
  6:42 Kill: 3 8 3: Isgalamido killed Chessus by MOD_MACHINEGUN
  6:43 Item: 6 item_quad
  6:43 Item: 6 weapon_shotgun
  6:43 Item: 6 weapon_rocketlauncher
  6:45 Item: 5 weapon_rocketlauncher
  6:45 Item: 4 ammo_slugs
  6:47 Item: 4 weapon_railgun
  6:47 Item: 2 weapon_rocketlauncher
  6:48 Item: 4 weapon_railgun
  6:48 Item: 2 ammo_rockets
  6:50 Item: 4 item_health
  6:52 Kill: 2 5 7: Oootsimo killed Dono da Bola by MOD_ROCKET_SPLASH
  6:52 Kill: 1022 4 22: <world> killed Zeh by MOD_TRIGGER_HURT
  6:53 Item: 3 weapon_railgun
  6:55 Item: 6 weapon_rocketlauncher
  6:56 Item: 2 item_armor_shard
  6:56 Item: 4 weapon_rocketlauncher
  6:56 Item: 2 item_armor_shard
  6:56 Item: 2 item_armor_shard
  6:56 Item: 4 ammo_rockets
  6:58 Kill: 1022 6 19: <world> killed Mal by MOD_FALLING
  6:58 Item: 4 item_armor_body
  6:58 Item: 7 weapon_rocketlauncher
  6:59 Item: 7 weapon_rocketlauncher
  6:59 Item: 5 weapon_rocketlauncher
  7:01 Kill: 5 3 7: Dono da Bola killed Isgalamido by MOD_ROCKET_SPLASH
  7:05 Item: 6 weapon_rocketlauncher
  7:07 Item: 2 weapon_railgun
  7:08 Item: 2 item_health_large
  7:08 Kill: 7 4 7: Assasinu Credi killed Zeh by MOD_ROCKET_SPLASH
  7:08 Item: 7 weapon_rocketlauncher
  7:10 Item: 3 weapon_rocketlauncher
  7:11 Item: 5 item_armor_combat
  7:12 Kill: 5 7 6: Dono da Bola killed Assasinu Credi by MOD_ROCKET
  7:12 Item: 5 item_armor_shard
  7:13 Item: 5 item_armor_shard
  7:13 Item: 5 item_armor_shard
  7:13 Item: 2 weapon_rocketlauncher
  7:13 Item: 4 ammo_shells
  7:14 Item: 4 weapon_shotgun
  7:15 Item: 7 weapon_rocketlauncher
  7:16 Kill: 3 5 6: Isgalamido killed Dono da Bola by MOD_ROCKET
  7:17 Item: 2 item_health_large
  7:19 Item: 2 weapon_rocketlauncher
  7:20 Item: 5 weapon_rocketlauncher
  7:22 Item: 2 item_armor_shard
  7:22 Item: 2 item_armor_shard
  7:23 Item: 2 item_armor_shard
  7:26 Item: 7 weapon_rocketlauncher
  7:26 Kill: 1022 6 22: <world> killed Mal by MOD_TRIGGER_HURT
  7:27 Kill: 2 3 6: Oootsimo killed Isgalamido by MOD_ROCKET
  7:27 Kill: 5 7 7: Dono da Bola killed Assasinu Credi by MOD_ROCKET_SPLASH
  7:29 Kill: 4 5 1: Zeh killed Dono da Bola by MOD_SHOTGUN
  7:29 Item: 6 ammo_rockets
  7:29 Item: 6 weapon_rocketlauncher
  7:29 Item: 4 weapon_rocketlauncher
  7:30 Item: 7 weapon_rocketlauncher
  7:34 Item: 7 item_armor_body
  7:34 Item: 5 weapon_rocketlauncher
  7:35 Item: 6 weapon_shotgun
  7:36 Item: 3 weapon_railgun
  7:36 Kill: 2 4 6: Oootsimo killed Zeh by MOD_ROCKET
  7:37 Kill: 6 2 1: Mal killed Oootsimo by MOD_SHOTGUN
  7:37 Item: 6 ammo_shells
  7:37 Item: 5 item_armor_shard
  7:38 Item: 5 item_armor_shard
  7:38 Item: 5 item_armor_shard
  7:39 Item: 7 weapon_rocketlauncher
  7:40 Item: 4 weapon_rocketlauncher
  7:40 Item: 4 ammo_rockets
  7:40 Kill: 3 8 10: Isgalamido killed Chessus by MOD_RAILGUN
  7:41 Item: 5 item_armor_combat
  7:42 Item: 6 weapon_shotgun
  7:43 Item: 2 weapon_rocketlauncher
  7:45 Item: 4 weapon_railgun
  7:47 Item: 5 weapon_rocketlauncher
  7:47 Kill: 2 6 7: Oootsimo killed Mal by MOD_ROCKET_SPLASH
  7:48 Item: 7 weapon_rocketlauncher
  7:49 Item: 5 weapon_rocketlauncher
  7:51 Item: 3 ammo_bullets
  7:54 Kill: 1022 4 22: <world> killed Zeh by MOD_TRIGGER_HURT
  7:54 Kill: 2 7 6: Oootsimo killed Assasinu Credi by MOD_ROCKET
  7:55 Item: 3 item_armor_shard
  7:55 Item: 3 item_armor_shard
  7:55 Item: 5 item_armor_shard
  7:55 Kill: 3 5 10: Isgalamido killed Dono da Bola by MOD_RAILGUN
  7:57 Item: 4 weapon_rocketlauncher
  7:58 ClientDisconnect: 8
  8:00 Item: 7 weapon_rocketlauncher
  8:01 Kill: 1022 6 22: <world> killed Mal by MOD_TRIGGER_HURT
  8:02 Item: 5 weapon_shotgun
  8:03 Kill: 1022 4 19: <world> killed Zeh by MOD_FALLING
  8:03 Item: 2 weapon_rocketlauncher
  8:04 Item: 7 item_armor_body
  8:06 Item: 2 weapon_rocketlauncher
  8:09 Item: 4 ammo_slugs
  8:10 Item: 3 item_quad
  8:10 Item: 6 weapon_rocketlauncher
  8:11 Item: 4 weapon_railgun
  8:11 Kill: 6 5 6: Mal killed Dono da Bola by MOD_ROCKET
  8:11 Item: 6 ammo_rockets
  8:13 Kill: 7 7 7: Assasinu Credi killed Assasinu Credi by MOD_ROCKET_SPLASH
  8:14 Item: 5 weapon_rocketlauncher
  8:14 Kill: 3 6 3: Isgalamido killed Mal by MOD_MACHINEGUN
  8:16 Kill: 3 5 3: Isgalamido killed Dono da Bola by MOD_MACHINEGUN
  8:17 Item: 7 weapon_rocketlauncher
  8:18 Item: 2 item_armor_shard
  8:18 Item: 2 item_armor_shard
  8:18 Item: 2 item_armor_shard
  8:18 Item: 2 item_armor_combat
  8:18 Item: 3 weapon_rocketlauncher
  8:20 Item: 2 weapon_rocketlauncher
  8:21 Item: 5 ammo_rockets
  8:21 Kill: 6 4 3: Mal killed Zeh by MOD_MACHINEGUN
  8:21 Item: 5 weapon_rocketlauncher
  8:21 Item: 3 item_health_large
  8:22 Item: 5 weapon_railgun
  8:23 Item: 3 weapon_rocketlauncher
  8:25 Item: 2 item_armor_shard
  8:28 Kill: 7 6 6: Assasinu Credi killed Mal by MOD_ROCKET
  8:31 Item: 2 item_health_large
  8:31 Kill: 1022 3 19: <world> killed Isgalamido by MOD_FALLING
  8:31 Item: 7 item_armor_shard
  8:31 Item: 7 item_armor_shard
  8:32 Item: 4 item_armor_body
  8:32 Item: 6 weapon_rocketlauncher
  8:33 Item: 3 weapon_rocketlauncher
  8:35 Kill: 2 7 6: Oootsimo killed Assasinu Credi by MOD_ROCKET
  8:35 Item: 2 weapon_rocketlauncher
  8:40 Item: 4 weapon_rocketlauncher
  8:41 Kill: 6 4 7: Mal killed Zeh by MOD_ROCKET_SPLASH
  8:41 Item: 7 weapon_rocketlauncher
  8:41 Item: 5 item_quad
  8:41 Item: 5 weapon_rocketlauncher
  8:42 Item: 7 weapon_rocketlauncher
  8:42 Item: 5 item_health_large
  8:44 Item: 4 weapon_rocketlauncher
  8:44 Item: 4 weapon_rocketlauncher
  8:44 Kill: 3 5 7: Isgalamido killed Dono da Bola by MOD_ROCKET_SPLASH
  8:44 Item: 3 weapon_rocketlauncher
  8:44 Item: 3 item_quad
  8:46 Kill: 5 6 3: Dono da Bola killed Mal by MOD_MACHINEGUN
  8:47 Kill: 7 2 7: Assasinu Credi killed Oootsimo by MOD_ROCKET_SPLASH
  8:47 Item: 5 weapon_rocketlauncher
  8:47 Item: 3 ammo_bullets
  8:48 Kill: 3 4 7: Isgalamido killed Zeh by MOD_ROCKET_SPLASH
  8:48 Item: 5 weapon_rocketlauncher
  8:51 Item: 3 weapon_rocketlauncher
  8:53 Item: 2 weapon_rocketlauncher
  8:56 Kill: 5 4 7: Dono da Bola killed Zeh by MOD_ROCKET_SPLASH
  8:57 Kill: 7 6 6: Assasinu Credi killed Mal by MOD_ROCKET
  8:59 Kill: 3 7 7: Isgalamido killed Assasinu Credi by MOD_ROCKET_SPLASH
  8:59 Item: 2 item_armor_shard
  9:00 Item: 2 item_armor_shard
  9:00 Item: 2 item_armor_shard
  9:00 Item: 2 item_armor_combat
  9:00 Item: 4 weapon_rocketlauncher
  9:00 Item: 6 ammo_rockets
  9:01 Item: 6 weapon_rocketlauncher
  9:02 Item: 3 item_armor_shard
  9:02 Item: 3 item_armor_shard
  9:02 Item: 3 item_armor_shard
  9:04 Kill: 3 3 7: Isgalamido killed Isgalamido by MOD_ROCKET_SPLASH
  9:05 Item: 6 ammo_shells
  9:05 Item: 7 weapon_rocketlauncher
  9:06 Item: 6 weapon_shotgun
  9:06 Item: 4 item_armor_body
  9:06 Item: 5 weapon_railgun
  9:07 Item: 2 weapon_rocketlauncher
  9:07 Item: 3 weapon_rocketlauncher
  9:07 Item: 5 item_health
  9:08 Item: 2 item_health_large
  9:08 Item: 3 weapon_rocketlauncher
  9:08 Item: 3 ammo_rockets
  9:14 Item: 7 weapon_rocketlauncher
  9:14 Kill: 1022 6 22: <world> killed Mal by MOD_TRIGGER_HURT
  9:21 Kill: 1022 5 22: <world> killed Dono da Bola by MOD_TRIGGER_HURT
  9:21 Kill: 7 2 6: Assasinu Credi killed Oootsimo by MOD_ROCKET
  9:22 Item: 4 item_health_large
  9:22 Item: 7 weapon_rocketlauncher
  9:23 Item: 3 weapon_railgun
  9:23 Kill: 1022 3 19: <world> killed Isgalamido by MOD_FALLING
  9:24 Item: 5 weapon_rocketlauncher
  9:27 Item: 6 weapon_rocketlauncher
  9:29 Kill: 6 7 6: Mal killed Assasinu Credi by MOD_ROCKET
  9:31 Kill: 4 5 3: Zeh killed Dono da Bola by MOD_MACHINEGUN
  9:31 Item: 4 ammo_shells
  9:32 Item: 2 weapon_shotgun
  9:32 Item: 3 item_quad
  9:32 Item: 7 weapon_rocketlauncher
  9:33 Item: 4 weapon_rocketlauncher
  9:33 Kill: 2 6 1: Oootsimo killed Mal by MOD_SHOTGUN
  9:34 Item: 2 weapon_rocketlauncher
  9:34 Item: 5 weapon_rocketlauncher
  9:34 Item: 7 item_armor_body
  9:35 Kill: 3 2 3: Isgalamido killed Oootsimo by MOD_MACHINEGUN
  9:37 Item: 5 item_armor_shard
  9:37 Item: 5 item_armor_shard
  9:37 Item: 5 item_armor_shard
  9:37 Item: 5 item_armor_combat
  9:38 Kill: 2 4 3: Oootsimo killed Zeh by MOD_MACHINEGUN
  9:38 Item: 5 weapon_rocketlauncher
  9:39 Kill: 5 2 7: Dono da Bola killed Oootsimo by MOD_ROCKET_SPLASH
  9:40 Item: 6 weapon_rocketlauncher
  9:41 Item: 3 weapon_rocketlauncher
  9:41 Item: 5 item_armor_shard
  9:41 Item: 5 item_armor_shard
  9:42 Item: 5 item_armor_shard
  9:42 Kill: 7 3 7: Assasinu Credi killed Isgalamido by MOD_ROCKET_SPLASH
  9:43 Item: 4 ammo_rockets
  9:43 Item: 2 weapon_rocketlauncher
  9:43 Item: 7 item_quad
  9:44 Item: 4 weapon_rocketlauncher
  9:48 Item: 4 weapon_rocketlauncher
  9:48 Item: 4 ammo_shells
  9:49 Kill: 4 5 7: Zeh killed Dono da Bola by MOD_ROCKET_SPLASH
  9:49 Item: 3 weapon_rocketlauncher
  9:51 Item: 7 item_health_large
  9:52 Kill: 1022 6 22: <world> killed Mal by MOD_TRIGGER_HURT
  9:52 Item: 2 weapon_rocketlauncher
  9:54 Kill: 7 5 7: Assasinu Credi killed Dono da Bola by MOD_ROCKET_SPLASH
  9:56 Item: 6 weapon_rocketlauncher
  9:57 Item: 7 item_health_large
  9:57 Item: 5 weapon_rocketlauncher
  9:57 Item: 3 weapon_rocketlauncher
  9:58 Kill: 2 4 7: Oootsimo killed Zeh by MOD_ROCKET_SPLASH
  9:58 Item: 2 weapon_rocketlauncher
 10:00 Kill: 7 3 7: Assasinu Credi killed Isgalamido by MOD_ROCKET_SPLASH
 10:00 Kill: 5 2 6: Dono da Bola killed Oootsimo by MOD_ROCKET
 10:00 Item: 5 weapon_rocketlauncher
 10:01 Item: 7 weapon_rocketlauncher
 10:01 Item: 4 weapon_rocketlauncher
 10:03 Kill: 7 5 7: Assasinu Credi killed Dono da Bola by MOD_ROCKET_SPLASH
 10:03 Item: 3 weapon_rocketlauncher
 10:04 Kill: 7 6 7: Assasinu Credi killed Mal by MOD_ROCKET_SPLASH
 10:04 Item: 3 ammo_rockets
 10:05 Item: 2 weapon_rocketlauncher
 10:05 Item: 7 weapon_rocketlauncher
 10:06 Item: 3 item_armor_body
 10:06 Kill: 7 7 7: Assasinu Credi killed Assasinu Credi by MOD_ROCKET_SPLASH
 10:06 Item: 5 weapon_rocketlauncher
 10:07 Item: 4 weapon_rocketlauncher
 10:09 Kill: 2 4 7: Oootsimo killed Zeh by MOD_ROCKET_SPLASH
 10:09 Item: 3 weapon_railgun
 10:10 Item: 2 weapon_rocketlauncher
 10:11 Item: 2 item_armor_shard
 10:11 Item: 2 item_armor_shard
 10:11 Item: 2 item_armor_shard
 10:11 Item: 2 item_armor_combat
 10:13 Kill: 1022 6 22: <world> killed Mal by MOD_TRIGGER_HURT
 10:13 Item: 4 weapon_rocketlauncher
 10:14 Item: 2 item_armor_shard
 10:14 Item: 2 item_armor_shard
 10:14 Item: 2 item_armor_shard
 10:16 Kill: 4 7 6: Zeh killed Assasinu Credi by MOD_ROCKET
 10:17 Item: 6 ammo_shells
 10:18 Item: 6 weapon_shotgun
 10:19 Kill: 2 4 7: Oootsimo killed Zeh by MOD_ROCKET_SPLASH
 10:19 Kill: 3 2 10: Isgalamido killed Oootsimo by MOD_RAILGUN
 10:20 Item: 5 weapon_rocketlauncher
 10:20 Item: 5 weapon_rocketlauncher
 10:20 Item: 3 weapon_railgun
 10:21 Item: 7 weapon_rocketlauncher
 10:22 Item: 6 weapon_shotgun
 10:25 Kill: 1022 6 22: <world> killed Mal by MOD_TRIGGER_HURT
 10:25 Item: 7 weapon_rocketlauncher
 10:25 Item: 5 item_health_large
 10:25 Item: 2 weapon_rocketlauncher
 10:27 Kill: 7 4 7: Assasinu Credi killed Zeh by MOD_ROCKET_SPLASH
 10:31 Kill: 1022 2 19: <world> killed Oootsimo by MOD_FALLING
 10:33 Item: 7 weapon_rocketlauncher
 10:33 Item: 7 ammo_rockets
 10:35 Item: 4 weapon_rocketlauncher
 10:36 Item: 2 weapon_rocketlauncher
 10:37 Item: 7 item_armor_body
 10:38 Item: 6 weapon_railgun
 10:40 Item: 5 weapon_rocketlauncher
 10:41 Item: 2 item_armor_shard
 10:41 Item: 2 item_armor_shard
 10:41 Item: 2 item_armor_shard
 10:41 Item: 5 item_armor_shard
 10:41 Item: 5 item_armor_shard
 10:41 Item: 5 item_armor_shard
 10:41 Kill: 3 5 10: Isgalamido killed Dono da Bola by MOD_RAILGUN
 10:44 Item: 5 weapon_rocketlauncher
 10:44 Item: 7 item_armor_combat
 10:47 Kill: 4 7 6: Zeh killed Assasinu Credi by MOD_ROCKET
 10:47 Kill: 1022 2 22: <world> killed Oootsimo by MOD_TRIGGER_HURT
 10:48 Kill: 1022 3 22: <world> killed Isgalamido by MOD_TRIGGER_HURT
 10:50 Item: 3 weapon_rocketlauncher
 10:53 Item: 5 item_health_large
 10:53 Kill: 3 2 6: Isgalamido killed Oootsimo by MOD_ROCKET
 10:53 Kill: 3 3 7: Isgalamido killed Isgalamido by MOD_ROCKET_SPLASH
 10:54 Item: 7 weapon_rocketlauncher
 10:54 Kill: 1022 6 22: <world> killed Mal by MOD_TRIGGER_HURT
 10:54 Item: 7 ammo_rockets
 10:56 Item: 3 weapon_rocketlauncher
 10:57 Item: 6 weapon_rocketlauncher
 10:59 Item: 4 item_quad
 10:59 Item: 2 weapon_rocketlauncher
 11:01 Kill: 7 3 7: Assasinu Credi killed Isgalamido by MOD_ROCKET_SPLASH
 11:02 Kill: 2 5 6: Oootsimo killed Dono da Bola by MOD_ROCKET
 11:02 Item: 7 weapon_rocketlauncher
 11:02 Kill: 4 2 3: Zeh killed Oootsimo by MOD_MACHINEGUN
 11:03 Kill: 6 7 7: Mal killed Assasinu Credi by MOD_ROCKET_SPLASH
 11:04 Item: 6 weapon_rocketlauncher
 11:05 Item: 2 weapon_rocketlauncher
 11:05 Item: 4 weapon_rocketlauncher
 11:06 Item: 4 item_armor_shard
 11:06 Item: 4 item_armor_shard
 11:06 Item: 7 weapon_rocketlauncher
 11:06 Item: 4 item_armor_shard
 11:07 Item: 6 item_armor_shard
 11:07 Item: 6 item_armor_shard
 11:07 Item: 6 item_armor_shard
 11:08 Kill: 2 4 6: Oootsimo killed Zeh by MOD_ROCKET
 11:09 Item: 5 weapon_rocketlauncher
 11:10 Item: 7 item_armor_body
 11:12 Item: 4 ammo_bullets
 11:12 Item: 5 item_quad
 11:12 Item: 5 weapon_rocketlauncher
 11:14 Item: 3 weapon_rocketlauncher
 11:14 Kill: 6 2 7: Mal killed Oootsimo by MOD_ROCKET_SPLASH
 11:15 Kill: 2 6 7: Oootsimo killed Mal by MOD_ROCKET_SPLASH
 11:15 Exit: Fraglimit hit.
 11:15 score: 20  ping: 4  client: 2 Oootsimo
 11:15 score: 16  ping: 31  client: 7 Assasinu Credi
 11:15 score: 12  ping: 2  client: 3 Isgalamido
 11:15 score: 8  ping: 1  client: 5 Dono da Bola
 11:15 score: 7  ping: 3  client: 4 Zeh
 11:15 score: -3  ping: 15  client: 6 Mal
 11:16 Item: 5 item_armor_combat
 11:22 ShutdownGame:
 11:22 ------------------------------------------------------------
 11:22 ------------------------------------------------------------
 11:22 InitGame: \capturelimit\8\g_maxGameClients\0\timelimit\15\fraglimit\20\dmflags\0\bot_minplayers\0\sv_allowDownload\0\sv_maxclients\16\sv_privateClients\2\g_gametype\0\sv_hostname\Code Miner Server\sv_minRate\0\sv_maxRate\10000\sv_minPing\0\sv_maxPing\0\sv_floodProtect\1\version\ioq3 1.36 linux-x86_64 Apr 12 2009\protocol\68\mapname\q3dm17\gamename\baseq3\g_needpass\0
 11:23 ClientConnect: 2
 11:23 ClientUserinfoChanged: 2 n\Oootsimo\t\0\model\razor/id\hmodel\razor/id\g_redteam\\g_blueteam\\c1\3\c2\5\hc\100\w\0\l\0\tt\0\tl\0
 11:23 ClientBegin: 2
 11:23 ClientConnect: 3
 11:23 ClientUserinfoChanged: 3 n\Isgalamido\t\0\model\uriel/zael\hmodel\uriel/zael\g_redteam\\g_blueteam\\c1\5\c2\5\hc\100\w\0\l\0\tt\0\tl\0
 11:23 ClientBegin: 3
 11:23 ClientConnect: 4
 11:23 ClientUserinfoChanged: 4 n\Zeh\t\0\model\sarge/default\hmodel\sarge/default\g_redteam\\g_blueteam\\c1\1\c2\5\hc\100\w\0\l\0\tt\0\tl\0
 11:23 ClientBegin: 4
 11:23 ClientConnect: 5
 11:23 ClientUserinfoChanged: 5 n\Dono da Bola\t\0\model\sarge\hmodel\sarge\g_redteam\\g_blueteam\\c1\4\c2\5\hc\95\w\0\l\0\tt\0\tl\0
 11:23 ClientBegin: 5
 11:23 ClientConnect: 6
 11:23 ClientUserinfoChanged: 6 n\Mal\t\0\model\sarge\hmodel\sarge\g_redteam\\g_blueteam\\c1\4\c2\5\hc\100\w\0\l\0\tt\0\tl\0
 11:23 ClientBegin: 6
 11:23 ClientConnect: 7
 11:23 ClientUserinfoChanged: 7 n\Assasinu Credi\t\0\model\sarge\hmodel\sarge\g_redteam\\g_blueteam\\c1\4\c2\5\hc\100\w\0\l\0\tt\0\tl\0
 11:23 ClientBegin: 7
 11:23 Item: 3 ammo_rockets
 11:24 Item: 3 weapon_rocketlauncher
 11:24 Item: 4 ammo_rockets
 11:24 Item: 4 weapon_rocketlauncher
 11:25 Item: 4 ammo_bullets
 11:26 Item: 7 item_armor_body
 11:27 Item: 3 item_armor_shard
 11:27 Item: 3 item_armor_shard
 11:28 Item: 3 item_armor_shard
 11:28 Item: 3 item_armor_combat
 11:28 Kill: 1022 2 22: <world> killed Oootsimo by MOD_TRIGGER_HURT
 11:30 Item: 6 ammo_shells
 11:30 Item: 6 weapon_shotgun
 11:30 Item: 7 weapon_rocketlauncher
 11:30 Kill: 3 4 6: Isgalamido killed Zeh by MOD_ROCKET
 11:31 Item: 5 weapon_railgun
 11:31 Item: 3 weapon_rocketlauncher
 11:34 Item: 4 weapon_rocketlauncher
 11:36 Item: 6 weapon_shotgun
 11:36 Kill: 7 6 7: Assasinu Credi killed Mal by MOD_ROCKET_SPLASH
 11:37 Item: 2 weapon_shotgun
 11:37 Item: 2 ammo_shells
 11:39 Kill: 4 2 7: Zeh killed Oootsimo by MOD_ROCKET_SPLASH
 11:42 Item: 2 weapon_rocketlauncher
 11:43 Item: 5 item_armor_shard
 11:43 Item: 5 item_armor_shard
 11:44 Item: 5 item_armor_shard
 11:45 Item: 2 ammo_bullets
 11:45 Kill: 3 7 7: Isgalamido killed Assasinu Credi by MOD_ROCKET_SPLASH
 11:48 Kill: 1022 3 19: <world> killed Isgalamido by MOD_FALLING
 11:48 Item: 4 weapon_rocketlauncher
 11:48 Kill: 5 6 10: Dono da Bola killed Mal by MOD_RAILGUN
 11:48 Item: 4 item_health_large
 11:50 Item: 3 weapon_rocketlauncher
 11:50 Kill: 2 5 6: Oootsimo killed Dono da Bola by MOD_ROCKET
 11:53 Item: 4 weapon_railgun
 11:54 Item: 6 item_armor_body
 11:56 Kill: 1022 4 22: <world> killed Zeh by MOD_TRIGGER_HURT
 11:56 Item: 5 weapon_rocketlauncher
 11:58 Kill: 3 7 7: Isgalamido killed Assasinu Credi by MOD_ROCKET_SPLASH
 11:58 Item: 4 weapon_rocketlauncher
 11:59 Item: 2 weapon_rocketlauncher
 12:00 Kill: 2 3 6: Oootsimo killed Isgalamido by MOD_ROCKET
 12:00 Kill: 2 2 7: Oootsimo killed Oootsimo by MOD_ROCKET_SPLASH
 12:00 Kill: 2 6 7: Oootsimo killed Mal by MOD_ROCKET_SPLASH
 12:01 Item: 5 weapon_rocketlauncher
 12:02 Item: 7 weapon_rocketlauncher
 12:02 Item: 4 item_armor_combat
 12:03 Item: 2 weapon_rocketlauncher
 12:03 Item: 2 weapon_rocketlauncher
 12:04 Kill: 5 5 7: Dono da Bola killed Dono da Bola by MOD_ROCKET_SPLASH
 12:06 Item: 2 weapon_rocketlauncher
 12:06 Item: 3 weapon_rocketlauncher
 12:06 Item: 4 weapon_rocketlauncher
 12:07 Item: 4 ammo_rockets
 12:08 Item: 2 item_armor_shard
 12:08 Item: 2 item_armor_shard
 12:08 Item: 2 item_armor_shard
 12:10 Item: 5 weapon_rocketlauncher
 12:11 Item: 2 item_armor_shard
 12:11 Item: 2 item_armor_shard
 12:11 Item: 2 item_armor_shard
 12:14 Item: 2 item_health_large
 12:15 Kill: 7 4 6: Assasinu Credi killed Zeh by MOD_ROCKET
 12:18 Item: 6 weapon_railgun
 12:19 Item: 7 weapon_rocketlauncher
 12:21 Item: 5 weapon_rocketlauncher
 12:21 Kill: 7 3 7: Assasinu Credi killed Isgalamido by MOD_ROCKET_SPLASH
 12:22 Kill: 2 5 6: Oootsimo killed Dono da Bola by MOD_ROCKET
 12:23 Item: 4 ammo_rockets
 12:23 Item: 4 weapon_rocketlauncher
 12:25 Kill: 7 7 7: Assasinu Credi killed Assasinu Credi by MOD_ROCKET_SPLASH
 12:25 Kill: 3 2 3: Isgalamido killed Oootsimo by MOD_MACHINEGUN
 12:27 Item: 3 weapon_rocketlauncher
 12:27 Item: 3 weapon_rocketlauncher
 12:28 Item: 5 weapon_rocketlauncher
 12:29 Kill: 3 6 6: Isgalamido killed Mal by MOD_ROCKET
 12:30 Item: 3 weapon_rocketlauncher
 12:33 Kill: 7 2 3: Assasinu Credi killed Oootsimo by MOD_MACHINEGUN
 12:33 Kill: 3 4 7: Isgalamido killed Zeh by MOD_ROCKET_SPLASH
 12:33 Item: 7 weapon_rocketlauncher
 12:34 Kill: 5 7 6: Dono da Bola killed Assasinu Credi by MOD_ROCKET
 12:35 Item: 3 item_armor_shard
 12:35 Item: 3 item_armor_shard
 12:35 Item: 3 item_armor_shard
 12:35 Item: 3 item_armor_combat
 12:35 Item: 2 weapon_rocketlauncher
 12:35 Item: 5 weapon_rocketlauncher
 12:36 Item: 2 weapon_rocketlauncher
 12:36 Kill: 3 5 7: Isgalamido killed Dono da Bola by MOD_ROCKET_SPLASH
 12:37 Item: 4 ammo_shells
 12:37 Item: 4 weapon_shotgun
 12:39 Item: 7 weapon_rocketlauncher
 12:39 Item: 6 weapon_rocketlauncher
 12:40 Kill: 3 4 7: Isgalamido killed Zeh by MOD_ROCKET_SPLASH
 12:41 Item: 3 item_health_large
 12:42 Item: 5 weapon_rocketlauncher
 12:42 Item: 2 weapon_rocketlauncher
 12:45 Item: 7 weapon_rocketlauncher
 12:45 Item: 4 item_armor_body
 12:45 Item: 2 item_armor_shard
 12:46 Item: 2 item_armor_shard
 12:46 Item: 2 item_armor_shard
 12:48 Kill: 5 6 7: Dono da Bola killed Mal by MOD_ROCKET_SPLASH
 12:48 Item: 5 weapon_rocketlauncher
 12:49 Kill: 3 5 6: Isgalamido killed Dono da Bola by MOD_ROCKET
 12:49 Item: 4 weapon_railgun
 12:50 Item: 2 weapon_shotgun
 12:51 Item: 3 weapon_rocketlauncher
 12:54 Kill: 3 7 7: Isgalamido killed Assasinu Credi by MOD_ROCKET_SPLASH
 12:55 Item: 5 weapon_rocketlauncher
 12:55 Item: 5 weapon_rocketlauncher
 12:56 Item: 6 weapon_railgun
 12:56 Kill: 2 3 7: Oootsimo killed Isgalamido by MOD_ROCKET_SPLASH
 12:57 Item: 7 weapon_rocketlauncher
 12:58 Item: 2 weapon_rocketlauncher
 12:59 Item: 5 ammo_rockets
 12:59 Item: 3 weapon_rocketlauncher
 13:01 Kill: 3 5 6: Isgalamido killed Dono da Bola by MOD_ROCKET
 13:02 Kill: 2 6 7: Oootsimo killed Mal by MOD_ROCKET_SPLASH
 13:02 Item: 2 weapon_railgun
 13:03 Kill: 4 3 10: Zeh killed Isgalamido by MOD_RAILGUN
 13:04 Item: 7 weapon_rocketlauncher
 13:04 Item: 2 item_health_large
 13:05 Kill: 4 7 10: Zeh killed Assasinu Credi by MOD_RAILGUN
 13:07 Item: 5 weapon_rocketlauncher
 13:07 Item: 3 ammo_rockets
 13:08 Kill: 4 2 10: Zeh killed Oootsimo by MOD_RAILGUN
 13:11 Item: 7 weapon_rocketlauncher
 13:11 Item: 4 weapon_rocketlauncher
 13:11 Kill: 1022 3 22: <world> killed Isgalamido by MOD_TRIGGER_HURT
 13:12 Kill: 7 6 7: Assasinu Credi killed Mal by MOD_ROCKET_SPLASH
 13:13 Item: 4 item_armor_body
 13:15 Item: 3 weapon_rocketlauncher
 13:16 Item: 2 weapon_rocketlauncher
 13:16 Item: 4 ammo_slugs
 13:17 Item: 5 item_armor_shard
 13:17 Item: 5 item_armor_shard
 13:17 Item: 5 item_armor_shard
 13:17 Item: 5 item_armor_combat
 13:18 Item: 7 item_armor_shard
 13:20 Item: 4 weapon_railgun
 13:21 Item: 6 weapon_rocketlauncher
 13:21 Kill: 1022 5 22: <world> killed Dono da Bola by MOD_TRIGGER_HURT
 13:21 Item: 7 item_health_large
 13:22 Item: 2 item_armor_shard
 13:23 Item: 2 item_armor_shard
 13:25 Item: 5 weapon_rocketlauncher
 13:25 Kill: 4 7 10: Zeh killed Assasinu Credi by MOD_RAILGUN
 13:28 Kill: 6 6 7: Mal killed Mal by MOD_ROCKET_SPLASH
 13:29 Item: 7 weapon_rocketlauncher
 13:30 Item: 3 item_quad
 13:31 Item: 5 weapon_rocketlauncher
 13:32 Item: 6 weapon_rocketlauncher
 13:33 Kill: 3 6 7: Isgalamido killed Mal by MOD_ROCKET_SPLASH
 13:34 Item: 7 weapon_rocketlauncher
 13:36 Item: 2 item_health_large
 13:37 Kill: 3 5 7: Isgalamido killed Dono da Bola by MOD_ROCKET_SPLASH
 13:39 Item: 5 weapon_rocketlauncher
 13:40 Item: 4 weapon_rocketlauncher
 13:40 Item: 4 ammo_rockets
 13:40 Item: 7 weapon_rocketlauncher
 13:41 Item: 4 weapon_rocketlauncher
 13:42 Item: 6 item_health_large
 13:43 Kill: 3 2 3: Isgalamido killed Oootsimo by MOD_MACHINEGUN
 13:45 Item: 7 weapon_rocketlauncher
 13:45 Item: 7 item_armor_shard
 13:45 Item: 7 item_armor_shard
 13:45 Item: 7 item_armor_shard
 13:45 Item: 3 weapon_rocketlauncher
 13:46 Item: 2 weapon_rocketlauncher
 13:48 Item: 7 item_armor_shard
 13:48 Item: 7 item_armor_shard
 13:48 Item: 7 item_armor_shard
 13:48 Item: 7 item_armor_combat
 13:49 Item: 2 ammo_bullets
 13:50 Kill: 4 7 7: Zeh killed Assasinu Credi by MOD_ROCKET_SPLASH
 13:51 Item: 4 weapon_rocketlauncher
 13:52 Item: 7 weapon_rocketlauncher
 13:55 Kill: 3 7 7: Isgalamido killed Assasinu Credi by MOD_ROCKET_SPLASH
 13:55 Item: 3 weapon_rocketlauncher
 13:56 Item: 6 weapon_rocketlauncher
 13:57 Kill: 1022 4 19: <world> killed Zeh by MOD_FALLING
 13:58 Kill: 3 6 7: Isgalamido killed Mal by MOD_ROCKET_SPLASH
 13:58 Item: 7 ammo_rockets
 13:59 Kill: 2 5 6: Oootsimo killed Dono da Bola by MOD_ROCKET
 14:00 Item: 7 item_armor_body
 14:00 Item: 4 weapon_rocketlauncher
 14:03 Item: 2 weapon_rocketlauncher
 14:03 Item: 5 weapon_rocketlauncher
 14:04 Item: 4 ammo_slugs
 14:05 Item: 2 weapon_rocketlauncher
 14:07 Item: 4 weapon_railgun
 14:09 Item: 4 item_health
 14:12 Item: 7 weapon_railgun
 14:12 Item: 4 weapon_rocketlauncher
 14:12 Item: 2 weapon_rocketlauncher
 14:13 Kill: 1022 6 22: <world> killed Mal by MOD_TRIGGER_HURT
 14:14 Kill: 3 2 7: Isgalamido killed Oootsimo by MOD_ROCKET_SPLASH
 14:15 Kill: 7 5 10: Assasinu Credi killed Dono da Bola by MOD_RAILGUN
 14:17 Item: 6 weapon_rocketlauncher
 14:17 Item: 4 item_armor_shard
 14:17 Item: 4 item_armor_shard
 14:17 Item: 4 item_armor_shard
 14:17 Item: 3 item_health_large
 14:17 Item: 2 weapon_rocketlauncher
 14:19 Item: 3 weapon_rocketlauncher
 14:20 Item: 4 weapon_rocketlauncher
 14:21 Item: 5 weapon_rocketlauncher
 14:21 Item: 2 item_armor_combat
 14:23 Kill: 2 7 7: Oootsimo killed Assasinu Credi by MOD_ROCKET_SPLASH
 14:24 Kill: 3 6 6: Isgalamido killed Mal by MOD_ROCKET
 14:25 Item: 5 weapon_rocketlauncher
 14:25 Kill: 1022 3 19: <world> killed Isgalamido by MOD_FALLING
 14:27 Item: 5 ammo_rockets
 14:28 Item: 2 weapon_rocketlauncher
 14:28 Item: 7 weapon_rocketlauncher
 14:28 Kill: 2 5 6: Oootsimo killed Dono da Bola by MOD_ROCKET
 14:29 Item: 2 weapon_rocketlauncher
 14:29 Kill: 7 6 6: Assasinu Credi killed Mal by MOD_ROCKET
 14:32 Kill: 2 4 7: Oootsimo killed Zeh by MOD_ROCKET_SPLASH
 14:33 Item: 7 item_armor_body
 14:33 Item: 2 weapon_rocketlauncher
 14:34 Item: 5 weapon_rocketlauncher
 14:35 Item: 3 weapon_railgun
 14:35 Item: 2 item_armor_shard
 14:35 Item: 2 item_armor_shard
 14:35 Item: 2 item_armor_shard
 14:36 Item: 7 weapon_rocketlauncher
 14:36 Item: 7 weapon_rocketlauncher
 14:37 Item: 6 weapon_shotgun
 14:37 Kill: 3 4 10: Isgalamido killed Zeh by MOD_RAILGUN
 14:37 Item: 6 ammo_shells
 14:39 Kill: 3 2 10: Isgalamido killed Oootsimo by MOD_RAILGUN
 14:40 Item: 4 weapon_rocketlauncher
 14:41 Item: 6 weapon_shotgun
 14:42 Item: 5 weapon_rocketlauncher
 14:43 Kill: 5 5 7: Dono da Bola killed Dono da Bola by MOD_ROCKET_SPLASH
 14:44 Item: 2 weapon_rocketlauncher
 14:45 Kill: 7 6 7: Assasinu Credi killed Mal by MOD_ROCKET_SPLASH
 14:45 Item: 4 ammo_rockets
 14:46 Item: 2 weapon_railgun
 14:46 Item: 4 weapon_rocketlauncher
 14:48 Kill: 2 3 10: Oootsimo killed Isgalamido by MOD_RAILGUN
 14:48 Kill: 4 7 7: Zeh killed Assasinu Credi by MOD_ROCKET_SPLASH
 14:49 Item: 6 weapon_rocketlauncher
 14:51 Item: 4 weapon_rocketlauncher
 14:51 Item: 4 item_health_large
 14:52 Item: 2 item_armor_combat
 14:53 Item: 3 weapon_rocketlauncher
 14:54 Kill: 1022 6 22: <world> killed Mal by MOD_TRIGGER_HURT
 14:54 Item: 2 weapon_shotgun
 14:56 Item: 6 weapon_rocketlauncher
 14:57 Item: 5 weapon_rocketlauncher
 14:58 Item: 6 item_armor_body
 14:59 Item: 3 item_health_large
 14:59 Kill: 1022 7 22: <world> killed Assasinu Credi by MOD_TRIGGER_HURT
 15:00 Item: 5 item_armor_shard
 15:00 Item: 5 item_armor_shard
 15:00 Item: 5 item_armor_shard
 15:02 Kill: 2 5 6: Oootsimo killed Dono da Bola by MOD_ROCKET
 15:02 Item: 2 weapon_rocketlauncher
 15:02 Kill: 7 2 3: Assasinu Credi killed Oootsimo by MOD_MACHINEGUN
 15:02 Item: 6 weapon_rocketlauncher
 15:03 Item: 7 weapon_rocketlauncher
 15:07 Item: 2 weapon_rocketlauncher
 15:07 Item: 7 weapon_rocketlauncher
 15:09 Item: 5 ammo_rockets
 15:09 Kill: 4 3 6: Zeh killed Isgalamido by MOD_ROCKET
 15:10 Item: 5 weapon_rocketlauncher
 15:12 Item: 4 item_quad
 15:13 Item: 3 weapon_rocketlauncher
 15:14 Kill: 2 7 6: Oootsimo killed Assasinu Credi by MOD_ROCKET
 15:14 Kill: 4 6 7: Zeh killed Mal by MOD_ROCKET_SPLASH
 15:14 Item: 5 weapon_rocketlauncher
 15:18 Kill: 4 5 7: Zeh killed Dono da Bola by MOD_ROCKET_SPLASH
 15:18 Item: 6 weapon_rocketlauncher
 15:19 Item: 6 weapon_rocketlauncher
 15:19 Item: 2 ammo_shells
 15:20 Item: 2 weapon_rocketlauncher
 15:21 Kill: 2 4 7: Oootsimo killed Zeh by MOD_ROCKET_SPLASH
 15:21 Kill: 4 2 7: Zeh killed Oootsimo by MOD_ROCKET_SPLASH
 15:21 Item: 5 weapon_rocketlauncher
 15:23 Kill: 3 7 7: Isgalamido killed Assasinu Credi by MOD_ROCKET_SPLASH
 15:24 Item: 6 weapon_rocketlauncher
 15:24 Item: 6 weapon_rocketlauncher
 15:24 Item: 6 item_quad
 15:25 Item: 5 item_armor_shard
 15:25 Item: 2 weapon_rocketlauncher
 15:25 Item: 5 item_armor_shard
 15:25 Item: 5 item_armor_shard
 15:25 Item: 5 item_armor_combat
 15:25 Item: 4 item_armor_body
 15:25 Item: 6 item_armor_shard
 15:25 Item: 6 item_armor_shard
 15:26 Item: 6 item_armor_shard
 15:26 Item: 7 weapon_rocketlauncher
 15:27 Item: 4 ammo_rockets
 15:31 Item: 4 weapon_shotgun
 15:32 Kill: 1022 3 19: <world> killed Isgalamido by MOD_FALLING
 15:33 Item: 7 weapon_rocketlauncher
 15:35 Kill: 7 6 7: Assasinu Credi killed Mal by MOD_ROCKET_SPLASH
 15:35 Item: 3 weapon_rocketlauncher
 15:35 Kill: 2 5 7: Oootsimo killed Dono da Bola by MOD_ROCKET_SPLASH
 15:36 Item: 4 item_health_large
 15:36 Kill: 4 7 1: Zeh killed Assasinu Credi by MOD_SHOTGUN
 15:38 Item: 5 weapon_rocketlauncher
 15:38 Item: 4 item_quad
 15:38 Item: 4 weapon_rocketlauncher
 15:39 Item: 6 weapon_rocketlauncher
 15:39 Item: 7 weapon_rocketlauncher
 15:41 Item: 6 ammo_bullets
 15:42 Kill: 7 6 6: Assasinu Credi killed Mal by MOD_ROCKET
 15:42 Item: 7 weapon_rocketlauncher
 15:44 Kill: 1022 7 19: <world> killed Assasinu Credi by MOD_FALLING
 15:44 Item: 2 item_health_large
 15:44 Kill: 4 2 7: Zeh killed Oootsimo by MOD_ROCKET_SPLASH
 15:46 Item: 5 weapon_rocketlauncher
 15:48 Item: 2 weapon_rocketlauncher
 15:50 Item: 7 weapon_rocketlauncher
 15:50 Item: 5 item_armor_body
 15:54 Kill: 4 3 7: Zeh killed Isgalamido by MOD_ROCKET_SPLASH
 15:56 Item: 6 weapon_railgun
 15:56 Kill: 1022 6 19: <world> killed Mal by MOD_FALLING
 15:57 Item: 5 item_armor_shard
 15:57 Item: 5 item_armor_shard
 15:58 Item: 5 item_armor_shard
 15:58 Item: 5 item_armor_combat
 15:59 Kill: 4 7 6: Zeh killed Assasinu Credi by MOD_ROCKET
 16:00 Item: 5 item_armor_shard
 16:00 Item: 5 item_armor_shard
 16:00 Item: 5 item_armor_shard
 16:00 Item: 6 weapon_rocketlauncher
 16:00 Item: 6 ammo_rockets
 16:03 Item: 7 weapon_rocketlauncher
 16:03 Kill: 1022 5 22: <world> killed Dono da Bola by MOD_TRIGGER_HURT
 16:03 Item: 3 item_quad
 16:03 Kill: 2 6 7: Oootsimo killed Mal by MOD_ROCKET_SPLASH
 16:05 Item: 4 weapon_rocketlauncher
 16:08 Item: 3 weapon_railgun
 16:08 Item: 6 weapon_rocketlauncher
 16:09 Kill: 3 2 10: Isgalamido killed Oootsimo by MOD_RAILGUN
 16:10 Item: 7 weapon_rocketlauncher
 16:10 Kill: 1022 4 22: <world> killed Zeh by MOD_TRIGGER_HURT
 16:12 Item: 4 ammo_rockets
 16:13 Item: 2 weapon_rocketlauncher
 16:16 Item: 4 ammo_shells
 16:17 Item: 4 weapon_shotgun
 16:17 Kill: 3 4 10: Isgalamido killed Zeh by MOD_RAILGUN
 16:19 Kill: 3 2 10: Isgalamido killed Oootsimo by MOD_RAILGUN
 16:19 Exit: Fraglimit hit.
 16:19 score: 20  ping: 6  client: 3 Isgalamido
 16:19 score: 14  ping: 6  client: 2 Oootsimo
 16:19 score: 12  ping: 1  client: 4 Zeh
 16:19 score: 8  ping: 31  client: 7 Assasinu Credi
 16:19 score: -1  ping: 3  client: 5 Dono da Bola
 16:19 score: -4  ping: 4  client: 6 Mal
 16:35 ShutdownGame:
 16:35 ------------------------------------------------------------
 16:35 ------------------------------------------------------------
 16:35 InitGame: \capturelimit\8\g_maxGameClients\0\timelimit\15\fraglimit\20\dmflags\0\bot_minplayers\0\sv_allowDownload\0\sv_maxclients\16\sv_privateClients\2\g_gametype\0\sv_hostname\Code Miner Server\sv_minRate\0\sv_maxRate\10000\sv_minPing\0\sv_maxPing\0\sv_floodProtect\1\version\ioq3 1.36 linux-x86_64 Apr 12 2009\protocol\68\mapname\q3dm17\gamename\baseq3\g_needpass\0
 16:36 ClientConnect: 2
 16:36 ClientUserinfoChanged: 2 n\Oootsimo\t\0\model\razor/id\hmodel\razor/id\g_redteam\\g_blueteam\\c1\3\c2\5\hc\100\w\0\l\0\tt\0\tl\0
 16:36 ClientBegin: 2
 16:36 ClientConnect: 3
 16:36 ClientUserinfoChanged: 3 n\Isgalamido\t\0\model\uriel/zael\hmodel\uriel/zael\g_redteam\\g_blueteam\\c1\5\c2\5\hc\100\w\0\l\0\tt\0\tl\0
 16:36 ClientBegin: 3
 16:36 ClientConnect: 4
 16:36 ClientUserinfoChanged: 4 n\Zeh\t\0\model\sarge/default\hmodel\sarge/default\g_redteam\\g_blueteam\\c1\1\c2\5\hc\100\w\0\l\0\tt\0\tl\0
 16:36 ClientBegin: 4
 16:36 ClientConnect: 5
 16:36 ClientUserinfoChanged: 5 n\Dono da Bola\t\0\model\sarge\hmodel\sarge\g_redteam\\g_blueteam\\c1\4\c2\5\hc\95\w\0\l\0\tt\0\tl\0
 16:36 ClientBegin: 5
 16:36 ClientConnect: 6
 16:36 ClientUserinfoChanged: 6 n\Mal\t\0\model\sarge\hmodel\sarge\g_redteam\\g_blueteam\\c1\4\c2\5\hc\100\w\0\l\0\tt\0\tl\0
 16:36 ClientBegin: 6
 16:36 ClientConnect: 7
 16:36 ClientUserinfoChanged: 7 n\Assasinu Credi\t\0\model\sarge\hmodel\sarge\g_redteam\\g_blueteam\\c1\4\c2\5\hc\100\w\0\l\0\tt\0\tl\0
 16:36 ClientBegin: 7
 16:38 Item: 4 ammo_rockets
 16:38 Item: 4 weapon_rocketlauncher
 16:38 Item: 5 weapon_rocketlauncher
 16:39 Item: 5 ammo_rockets
 16:41 Item: 4 weapon_rocketlauncher
 16:41 Kill: 1022 7 22: <world> killed Assasinu Credi by MOD_TRIGGER_HURT
 16:42 Item: 6 ammo_shells
 16:43 Item: 6 weapon_shotgun
 16:45 Item: 2 weapon_rocketlauncher
 16:45 Item: 6 item_armor_shard
 16:45 Item: 6 item_armor_shard
 16:45 Item: 6 item_armor_shard
 16:46 Item: 6 item_armor_combat
 16:48 Item: 6 weapon_shotgun
 16:48 Kill: 2 4 7: Oootsimo killed Zeh by MOD_ROCKET_SPLASH
 16:48 Item: 6 ammo_shells
 16:49 Kill: 2 2 7: Oootsimo killed Oootsimo by MOD_ROCKET_SPLASH
 16:49 Item: 5 weapon_rocketlauncher
 16:49 Kill: 6 5 1: Mal killed Dono da Bola by MOD_SHOTGUN
 16:51 Item: 2 weapon_rocketlauncher
 16:55 Item: 5 weapon_rocketlauncher
 16:56 Item: 2 weapon_rocketlauncher
 16:57 Item: 2 weapon_rocketlauncher
 16:58 Item: 6 weapon_rocketlauncher
 17:00 Item: 4 ammo_slugs
 17:03 Item: 4 weapon_railgun
 17:05 Kill: 6 2 6: Mal killed Oootsimo by MOD_ROCKET
 17:07 Item: 6 weapon_rocketlauncher
 17:09 Kill: 5 6 7: Dono da Bola killed Mal by MOD_ROCKET_SPLASH
 17:09 Item: 5 weapon_rocketlauncher
 17:10 Item: 2 weapon_rocketlauncher
 17:11 Item: 4 item_armor_shard
 17:11 Item: 4 item_armor_shard
 17:11 Item: 4 item_armor_shard
 17:14 Item: 4 weapon_shotgun
 17:15 Kill: 5 5 7: Dono da Bola killed Dono da Bola by MOD_ROCKET_SPLASH
 17:16 Kill: 6 3 3: Mal killed Isgalamido by MOD_MACHINEGUN
 17:17 Kill: 2 4 7: Oootsimo killed Zeh by MOD_ROCKET_SPLASH
 17:18 Item: 2 weapon_shotgun
 17:18 Item: 5 weapon_rocketlauncher
 17:19 Item: 6 item_armor_body
 17:19 Item: 5 ammo_rockets
 17:23 Item: 4 item_health_large
 17:23 Item: 2 item_armor_shard
 17:23 Item: 2 item_armor_shard
 17:24 Item: 2 item_armor_shard
 17:24 Item: 2 item_armor_combat
 17:24 Item: 7 ammo_rockets
 17:25 Item: 7 weapon_rocketlauncher
 17:25 Item: 4 weapon_rocketlauncher
 17:29 Item: 3 weapon_rocketlauncher
 17:33 Kill: 4 5 6: Zeh killed Dono da Bola by MOD_ROCKET
 17:34 Item: 2 weapon_rocketlauncher
 17:34 Kill: 1022 3 19: <world> killed Isgalamido by MOD_FALLING
 17:34 Kill: 7 4 6: Assasinu Credi killed Zeh by MOD_ROCKET
 17:36 Item: 7 weapon_rocketlauncher
 17:37 Item: 5 weapon_rocketlauncher
 17:38 Item: 2 item_armor_shard
 17:38 Item: 2 item_armor_shard
 17:38 Item: 2 item_armor_shard
 17:39 Kill: 1022 6 22: <world> killed Mal by MOD_TRIGGER_HURT
 17:42 ClientDisconnect: 3
 17:42 Item: 6 weapon_rocketlauncher
 17:43 Kill: 1022 4 22: <world> killed Zeh by MOD_TRIGGER_HURT
 17:43 Kill: 5 7 7: Dono da Bola killed Assasinu Credi by MOD_ROCKET_SPLASH
 17:45 Item: 5 weapon_rocketlauncher
 17:45 Kill: 2 5 6: Oootsimo killed Dono da Bola by MOD_ROCKET
 17:46 Item: 7 weapon_rocketlauncher
 17:46 Item: 4 weapon_rocketlauncher
 17:48 ClientDisconnect: 5
 17:50 Item: 4 weapon_rocketlauncher
 17:53 Kill: 1022 6 22: <world> killed Mal by MOD_TRIGGER_HURT
 17:54 Item: 2 item_health_large
 17:55 Kill: 4 2 7: Zeh killed Oootsimo by MOD_ROCKET_SPLASH
 17:57 Item: 4 item_armor_body
 17:59 Item: 2 weapon_rocketlauncher
 17:59 Item: 7 weapon_rocketlauncher
 18:00 ClientConnect: 3
 18:00 ClientUserinfoChanged: 3 n\Isgalamido\t\0\model\uriel/zael\hmodel\uriel/zael\g_redteam\\g_blueteam\\c1\5\c2\5\hc\100\w\0\l\0\tt\0\tl\0
 18:00 Item: 7 weapon_rocketlauncher
 18:01 Item: 4 ammo_rockets
 18:01 ClientUserinfoChanged: 3 n\Isgalamido\t\0\model\uriel/zael\hmodel\uriel/zael\g_redteam\\g_blueteam\\c1\5\c2\5\hc\100\w\0\l\0\tt\0\tl\0
 18:01 ClientBegin: 3
 18:03 Kill: 2 4 6: Oootsimo killed Zeh by MOD_ROCKET
 18:03 Item: 3 weapon_rocketlauncher
 18:06 Item: 2 item_armor_shard
 18:06 Item: 2 item_armor_shard
 18:06 Item: 2 item_armor_shard
 18:06 Item: 2 item_armor_combat
 18:06 Item: 4 weapon_rocketlauncher
 18:07 Item: 4 ammo_rockets
 18:07 Kill: 3 7 6: Isgalamido killed Assasinu Credi by MOD_ROCKET
 18:07 Item: 3 weapon_shotgun
 18:08 Item: 3 weapon_rocketlauncher
 18:09 Kill: 2 3 7: Oootsimo killed Isgalamido by MOD_ROCKET_SPLASH
 18:10 Kill: 1022 6 22: <world> killed Mal by MOD_TRIGGER_HURT
 18:11 Item: 3 weapon_rocketlauncher
 18:12 Item: 2 weapon_rocketlauncher
 18:13 Item: 2 item_armor_shard
 18:13 Item: 7 weapon_rocketlauncher
 18:13 Item: 2 item_armor_shard
 18:13 Item: 2 item_armor_shard
 18:15 Item: 6 ammo_shells
 18:21 Kill: 1022 4 19: <world> killed Zeh by MOD_FALLING
 18:21 Item: 3 weapon_rocketlauncher
 18:21 Kill: 3 7 7: Isgalamido killed Assasinu Credi by MOD_ROCKET_SPLASH
 18:22 Kill: 1022 6 22: <world> killed Mal by MOD_TRIGGER_HURT
 18:22 Item: 3 weapon_rocketlauncher
 18:24 Item: 7 weapon_rocketlauncher
 18:27 Item: 6 item_armor_body
 18:28 Item: 2 weapon_rocketlauncher
 18:29 ClientDisconnect: 3
 18:31 Item: 6 weapon_rocketlauncher
 18:32 Item: 4 item_quad
 18:32 Item: 4 weapon_rocketlauncher
 18:32 Item: 2 weapon_rocketlauncher
 18:35 Item: 6 weapon_rocketlauncher
 18:38 Item: 7 item_armor_shard
 18:38 Item: 7 item_armor_shard
 18:38 ClientConnect: 3
 18:38 ClientUserinfoChanged: 3 n\Dono da Bola\t\0\model\sarge/krusade\hmodel\sarge/krusade\g_redteam\\g_blueteam\\c1\5\c2\5\hc\95\w\0\l\0\tt\0\tl\0
 18:38 Item: 7 item_armor_shard
 18:38 Item: 2 weapon_rocketlauncher
 18:38 Item: 7 item_armor_combat
 18:40 ClientUserinfoChanged: 3 n\Dono da Bola\t\0\model\sarge\hmodel\sarge\g_redteam\\g_blueteam\\c1\4\c2\5\hc\95\w\0\l\0\tt\0\tl\0
 18:40 ClientBegin: 3
 18:41 Kill: 4 7 6: Zeh killed Assasinu Credi by MOD_ROCKET
 18:42 Item: 6 item_health_large
 18:42 Item: 2 weapon_rocketlauncher
 18:45 Item: 7 weapon_rocketlauncher
 18:46 Kill: 4 7 7: Zeh killed Assasinu Credi by MOD_ROCKET_SPLASH
 18:46 Item: 2 item_armor_shard
 18:46 Item: 2 item_armor_shard
 18:46 Item: 2 item_armor_shard
 18:50 Kill: 1022 3 19: <world> killed Dono da Bola by MOD_FALLING
 18:50 Item: 6 weapon_rocketlauncher
 18:52 Item: 7 ammo_rockets
 18:52 Item: 7 weapon_rocketlauncher
 18:54 Kill: 6 4 7: Mal killed Zeh by MOD_ROCKET_SPLASH
 18:55 Kill: 7 6 7: Assasinu Credi killed Mal by MOD_ROCKET_SPLASH
 18:56 Item: 2 weapon_rocketlauncher
 18:56 Item: 2 weapon_rocketlauncher
 18:58 Item: 4 ammo_rockets
 19:00 Item: 4 item_armor_body
 19:00 Item: 7 item_quad
 19:04 Item: 4 weapon_railgun
 19:07 Item: 4 weapon_rocketlauncher
 19:07 Item: 7 item_health_large
 19:08 Item: 2 item_armor_shard
 19:08 Item: 2 item_armor_shard
 19:08 Item: 2 item_armor_shard
 19:09 Item: 2 item_armor_combat
 19:12 Kill: 4 6 6: Zeh killed Mal by MOD_ROCKET
 19:13 Kill: 7 7 7: Assasinu Credi killed Assasinu Credi by MOD_ROCKET_SPLASH
 19:13 Item: 2 weapon_rocketlauncher
 19:14 Item: 4 weapon_rocketlauncher
 19:14 Item: 2 weapon_rocketlauncher
 19:17 Item: 7 weapon_rocketlauncher
 19:18 Item: 6 weapon_rocketlauncher
 19:22 Kill: 4 2 7: Zeh killed Oootsimo by MOD_ROCKET_SPLASH
 19:24 Item: 4 weapon_rocketlauncher
 19:24 ClientConnect: 5
 19:24 ClientUserinfoChanged: 5 n\Chessus!\t\0\model\xaero/default\hmodel\xaero/default\g_redteam\\g_blueteam\\c1\7\c2\5\hc\100\w\0\l\0\tt\0\tl\0
 19:26 Item: 2 weapon_rocketlauncher
 19:27 ClientUserinfoChanged: 5 n\Chessus\t\0\model\visor/blue\hmodel\visor/blue\g_redteam\\g_blueteam\\c1\4\c2\5\hc\100\w\0\l\0\tt\0\tl\0
 19:27 ClientBegin: 5
 19:29 Item: 7 item_armor_shard
 19:29 Item: 7 item_armor_shard
 19:29 Item: 7 item_armor_shard
 19:33 Item: 5 ammo_slugs
 19:34 Item: 4 item_quad
 19:34 Item: 6 item_armor_shard
 19:34 Item: 6 item_armor_shard
 19:35 Item: 6 item_armor_shard
 19:35 Kill: 7 6 6: Assasinu Credi killed Mal by MOD_ROCKET
 19:36 Item: 5 weapon_railgun
 19:36 Kill: 7 7 7: Assasinu Credi killed Assasinu Credi by MOD_ROCKET_SPLASH
 19:37 Item: 2 item_health_large
 19:38 Item: 7 ammo_rockets
 19:39 Item: 7 weapon_rocketlauncher
 19:39 Item: 5 weapon_railgun
 19:41 Item: 6 weapon_rocketlauncher
 19:41 Kill: 4 2 7: Zeh killed Oootsimo by MOD_ROCKET_SPLASH
 19:42 Item: 5 weapon_railgun
 19:42 Item: 7 item_armor_combat
 19:42 Item: 4 weapon_rocketlauncher
 19:44 Kill: 4 6 7: Zeh killed Mal by MOD_ROCKET_SPLASH
 19:44 Item: 4 weapon_rocketlauncher
 19:45 Item: 5 weapon_railgun
 19:45 Item: 7 weapon_rocketlauncher
 19:47 Item: 2 weapon_rocketlauncher
 19:47 Kill: 4 7 7: Zeh killed Assasinu Credi by MOD_ROCKET_SPLASH
 19:48 Item: 5 weapon_railgun
 19:49 Item: 4 weapon_rocketlauncher
 19:51 Item: 7 weapon_rocketlauncher
 19:51 Item: 5 weapon_railgun
 19:51 Item: 4 item_armor_body
 19:54 Item: 6 weapon_shotgun
 19:54 Item: 5 weapon_railgun
 19:55 Item: 6 ammo_shells
 19:55 Kill: 2 6 6: Oootsimo killed Mal by MOD_ROCKET
 19:56 Item: 2 weapon_shotgun
 19:57 Item: 4 ammo_bullets
 19:57 Item: 5 weapon_railgun
 19:58 Item: 6 weapon_rocketlauncher
 19:58 Kill: 4 6 7: Zeh killed Mal by MOD_ROCKET_SPLASH
 19:59 Kill: 5 4 10: Chessus killed Zeh by MOD_RAILGUN
 20:00 Item: 5 weapon_railgun
 20:01 Item: 2 item_quad
 20:02 Item: 6 weapon_rocketlauncher
 20:02 Item: 6 ammo_rockets
 20:03 Kill: 5 2 10: Chessus killed Oootsimo by MOD_RAILGUN
 20:03 Item: 4 weapon_shotgun
 20:03 Item: 5 weapon_railgun
 20:05 Item: 4 item_armor_shard
 20:05 Item: 7 weapon_rocketlauncher
 20:05 Item: 4 item_armor_shard
 20:05 Item: 7 item_quad
 20:05 Item: 4 item_armor_shard
 20:06 Item: 5 weapon_railgun
 20:06 Kill: 5 7 10: Chessus killed Assasinu Credi by MOD_RAILGUN
 20:09 Item: 5 weapon_railgun
 20:09 Item: 2 weapon_rocketlauncher
 20:11 Item: 7 weapon_rocketlauncher
 20:14 Item: 5 weapon_railgun
 20:14 Kill: 7 6 6: Assasinu Credi killed Mal by MOD_ROCKET
 20:14 Kill: 7 7 7: Assasinu Credi killed Assasinu Credi by MOD_ROCKET_SPLASH
 20:15 Item: 2 weapon_rocketlauncher
 20:15 Item: 2 weapon_rocketlauncher
 20:15 Kill: 1022 4 22: <world> killed Zeh by MOD_TRIGGER_HURT
 20:16 Item: 2 weapon_rocketlauncher
 20:18 Item: 5 weapon_railgun
 20:20 Kill: 5 7 10: Chessus killed Assasinu Credi by MOD_RAILGUN
 20:21 Item: 5 weapon_railgun
 20:22 Item: 4 weapon_rocketlauncher
 20:23 Item: 4 weapon_rocketlauncher
 20:23 Item: 4 weapon_rocketlauncher
 20:24 Item: 6 ammo_shells
 20:24 Kill: 2 6 6: Oootsimo killed Mal by MOD_ROCKET
 20:25 Item: 5 weapon_railgun
 20:25 Item: 7 weapon_rocketlauncher
 20:26 Kill: 5 2 10: Chessus killed Oootsimo by MOD_RAILGUN
 20:28 Item: 5 weapon_railgun
 20:29 Kill: 7 4 6: Assasinu Credi killed Zeh by MOD_ROCKET
 20:30 Item: 2 weapon_rocketlauncher
 20:30 Kill: 5 7 10: Chessus killed Assasinu Credi by MOD_RAILGUN
 20:30 Item: 6 weapon_shotgun
 20:31 Item: 6 weapon_rocketlauncher
 20:32 Item: 5 weapon_railgun
 20:32 Item: 4 weapon_rocketlauncher
 20:32 Item: 7 ammo_rockets
 20:33 Item: 6 item_armor_shard
 20:33 Item: 6 item_armor_shard
 20:33 Item: 6 item_armor_shard
 20:33 Item: 6 item_armor_combat
 20:34 Item: 2 weapon_rocketlauncher
 20:35 Item: 6 weapon_rocketlauncher
 20:35 Item: 6 weapon_rocketlauncher
 20:36 Item: 5 weapon_railgun
 20:37 Item: 6 weapon_rocketlauncher
 20:39 Item: 7 weapon_railgun
 20:39 Kill: 4 5 6: Zeh killed Chessus by MOD_ROCKET
 20:40 Item: 6 item_armor_body
 20:43 Item: 5 ammo_rockets
 20:44 Item: 5 weapon_rocketlauncher
 20:46 Item: 2 item_armor_shard
 20:49 Item: 5 item_health_large
 20:49 Item: 2 item_health_large
 20:49 Kill: 6 4 6: Mal killed Zeh by MOD_ROCKET
 20:49 Kill: 4 2 7: Zeh killed Oootsimo by MOD_ROCKET_SPLASH
 20:51 Item: 2 weapon_rocketlauncher
 20:53 Item: 5 item_health_large
 20:54 Kill: 5 4 7: Chessus killed Zeh by MOD_ROCKET_SPLASH
 20:58 Item: 5 ammo_slugs
 21:00 Item: 7 weapon_railgun
 21:00 Item: 4 weapon_rocketlauncher
 21:01 Item: 2 item_armor_shard
 21:01 Item: 2 item_armor_shard
 21:02 Kill: 1022 5 22: <world> killed Chessus by MOD_TRIGGER_HURT
 21:02 Item: 6 weapon_rocketlauncher
 21:05 Item: 4 weapon_railgun
 21:05 Item: 2 item_armor_shard
 21:06 Item: 2 item_armor_shard
 21:06 Item: 5 weapon_rocketlauncher
 21:06 Item: 2 item_armor_shard
 21:06 Item: 2 item_armor_combat
 21:07 Item: 7 ammo_shells
 21:08 Item: 7 weapon_shotgun
 21:08 Item: 2 item_health_large
 21:10 Kill: 6 7 6: Mal killed Assasinu Credi by MOD_ROCKET
 21:10 Kill: 6 6 7: Mal killed Mal by MOD_ROCKET_SPLASH
 21:10 Item: 5 ammo_slugs
 21:12 Item: 2 weapon_rocketlauncher
 21:13 Item: 5 weapon_railgun
 21:14 Item: 4 item_quad
 21:14 Item: 7 weapon_rocketlauncher
 21:15 Kill: 4 2 10: Zeh killed Oootsimo by MOD_RAILGUN
 21:15 Item: 7 weapon_rocketlauncher
 21:16 Item: 5 weapon_railgun
 21:16 Item: 7 item_armor_body
 21:17 Item: 6 weapon_rocketlauncher
 21:18 Kill: 5 4 10: Chessus killed Zeh by MOD_RAILGUN
 21:18 Item: 2 weapon_rocketlauncher
 21:19 Item: 5 weapon_railgun
 21:22 Item: 5 weapon_railgun
 21:22 Item: 7 ammo_bullets
 21:23 Item: 4 item_quad
 21:24 Item: 4 weapon_railgun
 21:24 Kill: 7 2 7: Assasinu Credi killed Oootsimo by MOD_ROCKET_SPLASH
 21:25 Item: 6 weapon_rocketlauncher
 21:26 Item: 6 weapon_rocketlauncher
 21:26 Item: 5 weapon_railgun
 21:26 Kill: 4 5 10: Zeh killed Chessus by MOD_RAILGUN
 21:26 Item: 7 weapon_rocketlauncher
 21:28 Kill: 2 4 3: Oootsimo killed Zeh by MOD_MACHINEGUN
 21:29 Item: 7 item_health_large
 21:31 Item: 2 weapon_railgun
 21:31 Item: 2 item_quad
 21:34 Item: 6 item_armor_shard
 21:34 Kill: 4 2 3: Zeh killed Oootsimo by MOD_MACHINEGUN
 21:34 Item: 6 item_armor_shard
 21:34 Item: 6 item_armor_shard
 21:36 Item: 4 item_quad
 21:36 Item: 4 weapon_railgun
 21:37 Item: 6 ammo_shells
 21:37 Item: 2 weapon_rocketlauncher
 21:37 Item: 2 ammo_rockets
 21:38 Item: 6 weapon_shotgun
 21:40 Item: 2 weapon_rocketlauncher
 21:40 Item: 5 ammo_slugs
 21:42 Kill: 7 6 7: Assasinu Credi killed Mal by MOD_ROCKET_SPLASH
 21:43 Item: 5 weapon_railgun
 21:43 Item: 5 weapon_railgun
 21:44 Item: 2 item_armor_combat
 21:46 Item: 5 weapon_railgun
 21:47 Item: 4 weapon_shotgun
 21:48 Item: 6 weapon_rocketlauncher
 21:48 Kill: 7 4 6: Assasinu Credi killed Zeh by MOD_ROCKET
 21:49 Item: 2 weapon_shotgun
 21:49 Item: 2 item_quad
 21:49 Item: 5 weapon_railgun
 21:51 Kill: 5 2 10: Chessus killed Oootsimo by MOD_RAILGUN
 21:52 ShutdownGame:
 21:52 ------------------------------------------------------------
  0:00 ------------------------------------------------------------
  0:00 InitGame: \capturelimit\8\g_maxGameClients\0\timelimit\15\fraglimit\20\dmflags\0\bot_minplayers\0\sv_allowDownload\0\sv_maxclients\16\sv_privateClients\2\g_gametype\0\sv_hostname\Code Miner Server\sv_minRate\0\sv_maxRate\10000\sv_minPing\0\sv_maxPing\0\sv_floodProtect\1\version\ioq3 1.36 linux-x86_64 Apr 12 2009\protocol\68\mapname\Q3TOURNEY6_CTF\gamename\baseq3\g_needpass\0
  0:00 ClientConnect: 2
  0:00 ClientUserinfoChanged: 2 n\Oootsimo\t\0\model\razor/id\hmodel\razor/id\g_redteam\\g_blueteam\\c1\3\c2\5\hc\100\w\0\l\0\tt\0\tl\0
  0:00 ClientConnect: 3
  0:00 ClientUserinfoChanged: 3 n\Dono da Bola\t\0\model\sarge\hmodel\sarge\g_redteam\\g_blueteam\\c1\4\c2\5\hc\95\w\0\l\0\tt\0\tl\0
  0:00 ClientConnect: 4
  0:00 ClientUserinfoChanged: 4 n\Zeh\t\0\model\sarge/default\hmodel\sarge/default\g_redteam\\g_blueteam\\c1\1\c2\5\hc\100\w\0\l\0\tt\0\tl\0
  0:00 ClientConnect: 5
  0:00 ClientUserinfoChanged: 5 n\Chessus\t\0\model\visor/blue\hmodel\visor/blue\g_redteam\\g_blueteam\\c1\4\c2\5\hc\100\w\0\l\0\tt\0\tl\0
  0:00 ClientConnect: 6
  0:00 ClientUserinfoChanged: 6 n\Mal\t\0\model\sarge\hmodel\sarge\g_redteam\\g_blueteam\\c1\4\c2\5\hc\100\w\0\l\0\tt\0\tl\0
  0:00 ClientConnect: 7
  0:00 ClientUserinfoChanged: 7 n\Assasinu Credi\t\0\model\sarge\hmodel\sarge\g_redteam\\g_blueteam\\c1\4\c2\5\hc\100\w\0\l\0\tt\0\tl\0
  0:03 ClientUserinfoChanged: 2 n\Oootsimo\t\0\model\razor/id\hmodel\razor/id\g_redteam\\g_blueteam\\c1\3\c2\5\hc\100\w\0\l\0\tt\0\tl\0
  0:03 ClientBegin: 2
  0:03 ClientUserinfoChanged: 6 n\Mal\t\0\model\sarge\hmodel\sarge\g_redteam\\g_blueteam\\c1\4\c2\5\hc\100\w\0\l\0\tt\0\tl\0
  0:03 Kill: 6 2 18: Mal killed Oootsimo by MOD_TELEFRAG
  0:03 ClientBegin: 6
  0:04 ClientUserinfoChanged: 7 n\Assasinu Credi\t\0\model\sarge\hmodel\sarge\g_redteam\\g_blueteam\\c1\4\c2\5\hc\100\w\0\l\0\tt\0\tl\0
  0:04 Kill: 7 6 18: Assasinu Credi killed Mal by MOD_TELEFRAG
  0:04 ClientBegin: 7
  0:04 ClientUserinfoChanged: 3 n\Dono da Bola\t\0\model\sarge\hmodel\sarge\g_redteam\\g_blueteam\\c1\4\c2\5\hc\95\w\0\l\0\tt\0\tl\0
  0:04 Kill: 3 7 18: Dono da Bola killed Assasinu Credi by MOD_TELEFRAG
  0:04 ClientBegin: 3
  0:04 ClientUserinfoChanged: 5 n\Chessus\t\0\model\visor/blue\hmodel\visor/blue\g_redteam\\g_blueteam\\c1\4\c2\5\hc\100\w\0\l\0\tt\0\tl\0
  0:04 Kill: 5 3 18: Chessus killed Dono da Bola by MOD_TELEFRAG
  0:04 ClientBegin: 5
  0:04 ClientUserinfoChanged: 4 n\Zeh\t\0\model\sarge/default\hmodel\sarge/default\g_redteam\\g_blueteam\\c1\1\c2\5\hc\100\w\0\l\0\tt\0\tl\0
  0:04 Kill: 4 5 18: Zeh killed Chessus by MOD_TELEFRAG
  0:04 ClientBegin: 4
  0:06 Kill: 5 4 18: Chessus killed Zeh by MOD_TELEFRAG
  0:07 Kill: 3 5 18: Dono da Bola killed Chessus by MOD_TELEFRAG
  0:10 Kill: 1022 3 22: <world> killed Dono da Bola by MOD_TRIGGER_HURT
  0:11 Kill: 1022 2 22: <world> killed Oootsimo by MOD_TRIGGER_HURT
  0:12 Kill: 3 5 18: Dono da Bola killed Chessus by MOD_TELEFRAG
  0:13 ClientConnect: 8
  0:13 ClientUserinfoChanged: 8 n\Isgalamido\t\0\model\uriel/zael\hmodel\uriel/zael\g_redteam\\g_blueteam\\c1\5\c2\5\hc\100\w\0\l\0\tt\0\tl\0
  0:13 Kill: 1022 6 22: <world> killed Mal by MOD_TRIGGER_HURT
  0:15 Kill: 6 5 18: Mal killed Chessus by MOD_TELEFRAG
  0:15 ClientUserinfoChanged: 8 n\Isgalamido\t\0\model\uriel/zael\hmodel\uriel/zael\g_redteam\\g_blueteam\\c1\5\c2\5\hc\100\w\0\l\0\tt\0\tl\0
  0:15 Kill: 8 6 18: Isgalamido killed Mal by MOD_TELEFRAG
  0:15 ClientBegin: 8
  0:15 Kill: 2 8 18: Oootsimo killed Isgalamido by MOD_TELEFRAG
  0:17 Kill: 8 6 18: Isgalamido killed Mal by MOD_TELEFRAG
  0:17 Kill: 5 8 18: Chessus killed Isgalamido by MOD_TELEFRAG
  0:19 Item: 3 weapon_rocketlauncher
  0:19 Kill: 6 5 18: Mal killed Chessus by MOD_TELEFRAG
  0:19 Kill: 8 6 18: Isgalamido killed Mal by MOD_TELEFRAG
  0:20 Kill: 1022 4 22: <world> killed Zeh by MOD_TRIGGER_HURT
  0:21 Kill: 5 8 18: Chessus killed Isgalamido by MOD_TELEFRAG
  0:22 Kill: 3 5 6: Dono da Bola killed Chessus by MOD_ROCKET
  0:22 Kill: 3 2 7: Dono da Bola killed Oootsimo by MOD_ROCKET_SPLASH
  0:23 Kill: 1022 6 22: <world> killed Mal by MOD_TRIGGER_HURT
  0:24 Item: 3 weapon_rocketlauncher
  0:24 Kill: 5 2 18: Chessus killed Oootsimo by MOD_TELEFRAG
  0:25 Item: 4 weapon_railgun
  0:26 Kill: 1022 8 22: <world> killed Isgalamido by MOD_TRIGGER_HURT
  0:27 Kill: 4 5 10: Zeh killed Chessus by MOD_RAILGUN
  0:28 Kill: 4 2 10: Zeh killed Oootsimo by MOD_RAILGUN
  0:31 Item: 6 ammo_rockets
  0:31 Item: 6 ammo_bullets
  0:32 Item: 6 weapon_rocketlauncher
  0:32 Kill: 1022 8 22: <world> killed Isgalamido by MOD_TRIGGER_HURT
  0:34 Item: 2 weapon_railgun
  0:35 Kill: 5 8 18: Chessus killed Isgalamido by MOD_TELEFRAG
  0:35 Kill: 7 5 18: Assasinu Credi killed Chessus by MOD_TELEFRAG
  0:36 Item: 6 weapon_bfg
  0:36 Kill: 8 7 18: Isgalamido killed Assasinu Credi by MOD_TELEFRAG
  0:37 Item: 3 item_health
  0:37 Item: 4 item_health_large
  0:38 Item: 6 item_health
  0:39 Kill: 1022 3 22: <world> killed Dono da Bola by MOD_TRIGGER_HURT
  0:39 Item: 8 weapon_railgun
  0:40 Item: 4 weapon_rocketlauncher
  0:40 Kill: 1022 5 22: <world> killed Chessus by MOD_TRIGGER_HURT
  0:41 Item: 6 weapon_bfg
  0:41 Kill: 1022 7 22: <world> killed Assasinu Credi by MOD_TRIGGER_HURT
  0:42 Item: 8 item_armor_body
  0:43 Item: 7 item_quad
  0:46 Item: 4 ammo_rockets
  0:46 Item: 4 ammo_bullets
  0:46 Item: 6 weapon_bfg
  0:46 Item: 2 weapon_rocketlauncher
  0:46 Item: 4 weapon_rocketlauncher
  0:48 Kill: 1022 7 22: <world> killed Assasinu Credi by MOD_TRIGGER_HURT
  0:50 Item: 2 item_health_large
  0:50 Kill: 4 6 6: Zeh killed Mal by MOD_ROCKET
  0:50 Item: 4 weapon_bfg
  0:51 Item: 4 weapon_bfg
  0:52 Kill: 1022 8 22: <world> killed Isgalamido by MOD_TRIGGER_HURT
  0:54 Item: 2 weapon_rocketlauncher
  0:54 Kill: 6 8 18: Mal killed Isgalamido by MOD_TELEFRAG
  0:55 Item: 7 weapon_rocketlauncher
  0:57 Item: 6 weapon_railgun
  0:58 Kill: 4 2 13: Zeh killed Oootsimo by MOD_BFG_SPLASH
  0:59 Item: 6 weapon_rocketlauncher
  0:59 Item: 7 weapon_bfg
  1:02 Kill: 1022 4 22: <world> killed Zeh by MOD_TRIGGER_HURT
  1:04 Kill: 1022 6 22: <world> killed Mal by MOD_TRIGGER_HURT
  1:04 Item: 8 weapon_bfg
  1:05 Kill: 8 7 12: Isgalamido killed Assasinu Credi by MOD_BFG
  1:05 Kill: 8 8 13: Isgalamido killed Isgalamido by MOD_BFG_SPLASH
  1:05 Item: 2 weapon_rocketlauncher
  1:06 Kill: 6 4 18: Mal killed Zeh by MOD_TELEFRAG
  1:07 Kill: 8 6 18: Isgalamido killed Mal by MOD_TELEFRAG
  1:10 Kill: 7 6 18: Assasinu Credi killed Mal by MOD_TELEFRAG
  1:10 Kill: 1022 2 22: <world> killed Oootsimo by MOD_TRIGGER_HURT
  1:10 Item: 8 weapon_railgun
  1:12 Item: 8 weapon_rocketlauncher
  1:13 Kill: 6 2 18: Mal killed Oootsimo by MOD_TELEFRAG
  1:14 Item: 4 ammo_rockets
  1:14 Item: 4 ammo_bullets
  1:16 Item: 4 weapon_railgun
  1:17 Kill: 8 6 10: Isgalamido killed Mal by MOD_RAILGUN
  1:19 Item: 7 weapon_railgun
  1:21 Item: 4 weapon_rocketlauncher
  1:23 Kill: 8 7 10: Isgalamido killed Assasinu Credi by MOD_RAILGUN
  1:24 Item: 6 weapon_railgun
  1:26 Item: 4 weapon_rocketlauncher
  1:29 Item: 7 weapon_rocketlauncher
  1:30 Item: 4 weapon_railgun
  1:32 ClientDisconnect: 2
  1:33 Item: 7 item_health_large
  1:33 Kill: 1022 6 22: <world> killed Mal by MOD_TRIGGER_HURT
  1:37 Kill: 7 8 6: Assasinu Credi killed Isgalamido by MOD_ROCKET
  1:39 Item: 6 weapon_railgun
  1:41 Kill: 4 7 10: Zeh killed Assasinu Credi by MOD_RAILGUN
  1:42 Item: 4 weapon_rocketlauncher
  1:45 Item: 4 weapon_rocketlauncher
  1:46 Item: 4 ammo_rockets
  1:46 Kill: 8 6 3: Isgalamido killed Mal by MOD_MACHINEGUN
  1:46 Item: 4 ammo_bullets
  1:47 Item: 7 weapon_railgun
  1:47 Item: 8 weapon_railgun
  1:47 Item: 4 weapon_rocketlauncher
  1:50 Kill: 4 8 6: Zeh killed Isgalamido by MOD_ROCKET
  1:52 Kill: 7 4 10: Assasinu Credi killed Zeh by MOD_RAILGUN
  1:52 Item: 7 weapon_rocketlauncher
  1:53 Item: 6 weapon_rocketlauncher
  1:53 Item: 7 weapon_railgun
  1:55 Item: 8 weapon_railgun
  1:57 Item: 4 ammo_rockets
  1:57 Item: 4 ammo_bullets
  1:58 Item: 4 weapon_rocketlauncher
  2:00 Kill: 1022 6 22: <world> killed Mal by MOD_TRIGGER_HURT
  2:00 Item: 7 item_health_large
  2:01 Item: 8 weapon_bfg
  2:02 Item: 8 item_health
  2:03 Kill: 1022 8 17: <world> killed Isgalamido by MOD_CRUSH
  2:03 Item: 7 weapon_railgun
  2:04 Item: 4 weapon_railgun
  2:05 Item: 6 weapon_rocketlauncher
  2:06 Item: 4 item_armor_body
  2:07 Item: 4 item_health_large
  2:10 Kill: 4 7 10: Zeh killed Assasinu Credi by MOD_RAILGUN
  2:10 Item: 8 weapon_rocketlauncher
  2:11 Item: 4 weapon_railgun
  2:14 Item: 8 weapon_bfg
  2:17 ClientDisconnect: 5
  2:19 Item: 4 weapon_bfg
  2:19 Item: 4 item_health
  2:20 Kill: 4 8 12: Zeh killed Isgalamido by MOD_BFG
  2:24 ClientDisconnect: 8
  2:25 Item: 6 weapon_rocketlauncher
  2:26 ClientDisconnect: 4
  2:28 ClientDisconnect: 7
  2:34 ClientDisconnect: 6
  3:01 Item: 3 item_quad
  3:47 ShutdownGame:
  3:47 ------------------------------------------------------------
  0:00 ------------------------------------------------------------
  0:00 InitGame: \capturelimit\8\g_maxGameClients\0\timelimit\15\fraglimit\20\dmflags\0\bot_minplayers\0\sv_allowDownload\0\sv_maxclients\16\sv_privateClients\2\g_gametype\4\sv_hostname\Code Miner Server\sv_minRate\0\sv_maxRate\10000\sv_minPing\0\sv_maxPing\0\sv_floodProtect\1\version\ioq3 1.36 linux-x86_64 Apr 12 2009\protocol\68\mapname\Q3TOURNEY6_CTF\gamename\baseq3\g_needpass\0
  0:00 ClientConnect: 3
  0:00 ClientUserinfoChanged: 3 n\Dono da Bola\t\3\model\sarge\hmodel\sarge\g_redteam\\g_blueteam\\c1\4\c2\5\hc\95\w\0\l\0\tt\0\tl\0
  0:04 ClientUserinfoChanged: 3 n\Dono da Bola\t\3\model\sarge\hmodel\sarge\g_redteam\\g_blueteam\\c1\4\c2\5\hc\95\w\0\l\0\tt\0\tl\0
  0:04 ClientBegin: 3
  0:06 ClientUserinfoChanged: 3 n\Dono da Bola\t\1\model\sarge\hmodel\sarge\g_redteam\\g_blueteam\\c1\4\c2\5\hc\95\w\0\l\0\tt\0\tl\1
  0:06 ClientUserinfoChanged: 3 n\Dono da Bola\t\1\model\sarge\hmodel\sarge\g_redteam\\g_blueteam\\c1\4\c2\5\hc\95\w\0\l\0\tt\0\tl\1
  0:06 ClientBegin: 3
  0:08 Item: 3 weapon_railgun
  0:10 Item: 3 weapon_rocketlauncher
  0:17 Kill: 1022 3 22: <world> killed Dono da Bola by MOD_TRIGGER_HURT
  0:26 ClientConnect: 2
  0:26 ClientUserinfoChanged: 2 n\Isgalamido\t\3\model\uriel/zael\hmodel\uriel/zael\g_redteam\\g_blueteam\\c1\5\c2\5\hc\100\w\0\l\0\tt\0\tl\0
  0:28 ClientUserinfoChanged: 2 n\Isgalamido\t\3\model\uriel/zael\hmodel\uriel/zael\g_redteam\\g_blueteam\\c1\5\c2\5\hc\100\w\0\l\0\tt\0\tl\0
  0:28 ClientBegin: 2
  0:30 ClientUserinfoChanged: 2 n\Isgalamido\t\1\model\uriel/zael\hmodel\uriel/zael\g_redteam\\g_blueteam\\c1\5\c2\5\hc\100\w\0\l\0\tt\0\tl\0
  0:30 ClientBegin: 2
  0:37 Item: 2 weapon_rocketlauncher
  0:43 Item: 2 weapon_railgun
  0:45 Item: 3 weapon_rocketlauncher
  0:46 Item: 2 item_armor_body
  0:49 Item: 3 weapon_rocketlauncher
  0:50 Item: 2 weapon_rocketlauncher
  0:54 Item: 2 weapon_bfg
  0:55 Kill: 1022 3 22: <world> killed Dono da Bola by MOD_TRIGGER_HURT
  0:59 Item: 3 weapon_rocketlauncher
  1:00 Item: 2 ammo_rockets
  1:00 Item: 2 ammo_bullets
  1:00 ClientConnect: 4
  1:00 ClientUserinfoChanged: 4 n\Zeh\t\3\model\sarge/default\hmodel\sarge/default\g_redteam\\g_blueteam\\c1\1\c2\5\hc\100\w\0\l\0\tt\0\tl\0
  1:02 ClientConnect: 5
  1:02 ClientUserinfoChanged: 5 n\Oootsimo\t\3\model\razor/id\hmodel\razor/id\g_redteam\\g_blueteam\\c1\3\c2\5\hc\100\w\0\l\0\tt\0\tl\0
  1:02 ClientUserinfoChanged: 4 n\Zeh\t\3\model\sarge/default\hmodel\sarge/default\g_redteam\\g_blueteam\\c1\1\c2\5\hc\100\w\0\l\0\tt\0\tl\0
  1:02 ClientBegin: 4
  1:03 ClientUserinfoChanged: 5 n\Oootsimo\t\3\model\razor/id\hmodel\razor/id\g_redteam\\g_blueteam\\c1\3\c2\5\hc\100\w\0\l\0\tt\0\tl\0
  1:03 ClientBegin: 5
  1:03 Item: 3 weapon_bfg
  1:05 ClientConnect: 6
  1:05 ClientUserinfoChanged: 6 n\Chessus\t\3\model\visor/blue\hmodel\visor/blue\g_redteam\\g_blueteam\\c1\4\c2\5\hc\100\w\0\l\0\tt\0\tl\0
  1:06 ClientUserinfoChanged: 6 n\Chessus\t\3\model\visor/blue\hmodel\visor/blue\g_redteam\\g_blueteam\\c1\4\c2\5\hc\100\w\0\l\0\tt\0\tl\0
  1:06 ClientBegin: 6
  1:07 ClientUserinfoChanged: 4 n\Zeh\t\2\model\sarge/default\hmodel\sarge/default\g_redteam\\g_blueteam\\c1\1\c2\5\hc\100\w\0\l\0\tt\0\tl\1
  1:07 ClientUserinfoChanged: 4 n\Zeh\t\2\model\sarge/default\hmodel\sarge/default\g_redteam\\g_blueteam\\c1\1\c2\5\hc\100\w\0\l\0\tt\0\tl\1
  1:07 ClientBegin: 4
  1:09 ClientUserinfoChanged: 6 n\Chessus\t\2\model\visor/blue\hmodel\visor/blue\g_redteam\\g_blueteam\\c1\4\c2\5\hc\100\w\0\l\0\tt\0\tl\0
  1:09 ClientBegin: 6
  1:09 ClientConnect: 7
  1:09 ClientUserinfoChanged: 7 n\Assasinu Credi\t\3\model\james\hmodel\*james\g_redteam\\g_blueteam\\c1\4\c2\5\hc\95\w\0\l\0\tt\0\tl\0
  1:09 ClientUserinfoChanged: 5 n\Oootsimo\t\2\model\razor/id\hmodel\razor/id\g_redteam\\g_blueteam\\c1\3\c2\5\hc\100\w\0\l\0\tt\0\tl\0
  1:09 ClientBegin: 5
  1:09 Item: 4 ammo_bullets
  1:09 Kill: 1022 2 22: <world> killed Isgalamido by MOD_TRIGGER_HURT
  1:09 Item: 4 ammo_rockets
  1:11 ClientUserinfoChanged: 7 n\Assasinu Credi\t\3\model\james\hmodel\*james\g_redteam\\g_blueteam\\c1\4\c2\5\hc\100\w\0\l\0\tt\0\tl\0
  1:11 ClientBegin: 7
  1:11 Item: 3 item_armor_body
  1:11 Item: 6 weapon_railgun
  1:14 ClientUserinfoChanged: 7 n\Assasinu Credi\t\1\model\james\hmodel\*james\g_redteam\\g_blueteam\\c1\4\c2\5\hc\100\w\0\l\0\tt\0\tl\0
  1:14 ClientBegin: 7
  1:14 Item: 5 weapon_rocketlauncher
  1:14 Item: 6 weapon_railgun
  1:15 Item: 3 weapon_rocketlauncher
  1:17 Item: 6 weapon_railgun
  1:19 Item: 7 weapon_rocketlauncher
  1:19 Item: 5 team_CTF_redflag
  1:20 Item: 3 item_health
  1:20 Kill: 1022 3 17: <world> killed Dono da Bola by MOD_CRUSH
  1:22 Kill: 1022 2 22: <world> killed Isgalamido by MOD_TRIGGER_HURT
  1:23 Kill: 5 7 7: Oootsimo killed Assasinu Credi by MOD_ROCKET_SPLASH
  1:23 Item: 3 weapon_railgun
  1:24 Item: 4 weapon_railgun
  1:25 Item: 5 weapon_rocketlauncher
  1:26 Item: 2 weapon_rocketlauncher
  1:28 Item: 5 item_health_large
  1:29 Item: 5 team_CTF_blueflag
  1:30 Item: 4 weapon_railgun
  1:30 Item: 2 weapon_bfg
  1:31 Kill: 2 6 13: Isgalamido killed Chessus by MOD_BFG_SPLASH
  1:32 Item: 7 weapon_railgun
  1:34 Item: 3 team_CTF_blueflag
  1:35 Item: 4 item_health_large
  1:35 Kill: 5 3 7: Oootsimo killed Dono da Bola by MOD_ROCKET_SPLASH
  1:35 Kill: 1022 7 22: <world> killed Assasinu Credi by MOD_TRIGGER_HURT
  1:35 Item: 6 weapon_rocketlauncher
  1:36 Item: 5 team_CTF_blueflag
  1:36 Item: 5 weapon_railgun
  1:36 Item: 4 item_health_large
  1:37 Item: 2 item_armor_body
  1:38 Item: 4 weapon_railgun
  1:39 Item: 3 weapon_rocketlauncher
  1:39 Item: 4 item_health_large
  1:40 Item: 4 team_CTF_redflag
  1:42 Kill: 3 5 7: Dono da Bola killed Oootsimo by MOD_ROCKET_SPLASH
  1:42 Item: 2 ammo_rockets
  1:42 Item: 4 weapon_rocketlauncher
  1:42 Item: 2 ammo_bullets
  1:44 Item: 3 team_CTF_blueflag
  1:44 Item: 5 weapon_railgun
  1:45 Kill: 2 4 3: Isgalamido killed Zeh by MOD_MACHINEGUN
  1:45 Kill: 5 3 10: Oootsimo killed Dono da Bola by MOD_RAILGUN
  1:46 Item: 5 weapon_rocketlauncher
  1:46 Item: 5 team_CTF_blueflag
  1:46 Item: 7 team_CTF_blueflag
  1:47 Item: 6 weapon_railgun
  1:47 Item: 2 weapon_bfg
  1:48 Item: 4 weapon_rocketlauncher
  1:48 Item: 5 weapon_rocketlauncher
  1:48 Item: 3 weapon_rocketlauncher
  1:48 Kill: 1022 7 22: <world> killed Assasinu Credi by MOD_TRIGGER_HURT
  1:52 Item: 6 team_CTF_redflag
  1:52 Item: 5 weapon_railgun
  1:53 Item: 7 weapon_railgun
  1:53 Item: 2 weapon_bfg
  1:55 ClientConnect: 8
  1:55 ClientUserinfoChanged: 8 n\UnnamedPlayer\t\3\model\james\hmodel\*james\g_redteam\\g_blueteam\\c1\4\c2\5\hc\100\w\0\l\0\tt\0\tl\0
  1:55 Item: 6 team_CTF_blueflag
  1:56 Item: 4 ammo_bullets
  1:57 Item: 6 ammo_rockets
  1:57 Kill: 2 2 13: Isgalamido killed Isgalamido by MOD_BFG_SPLASH
  1:57 Item: 4 weapon_rocketlauncher
  1:58 ClientUserinfoChanged: 8 n\Mal\t\3\model\james\hmodel\*james\g_redteam\\g_blueteam\\c1\4\c2\5\hc\100\w\0\l\0\tt\0\tl\0
  1:58 ClientBegin: 8
  2:01 Item: 2 weapon_railgun
  2:01 Item: 7 weapon_rocketlauncher
  2:02 Item: 6 team_CTF_redflag
  2:04 Item: 5 item_health_large
  2:04 Item: 6 weapon_rocketlauncher
  2:06 ClientUserinfoChanged: 8 n\Mal\t\2\model\james\hmodel\*james\g_redteam\\g_blueteam\\c1\4\c2\5\hc\100\w\0\l\0\tt\0\tl\0
  2:06 ClientBegin: 8
  2:06 Item: 7 weapon_railgun
  2:07 Kill: 2 4 10: Isgalamido killed Zeh by MOD_RAILGUN
  2:08 Item: 8 weapon_rocketlauncher
  2:08 Item: 6 team_CTF_blueflag
  2:11 Kill: 2 6 10: Isgalamido killed Chessus by MOD_RAILGUN
  2:11 Item: 8 team_CTF_redflag
  2:14 Kill: 1022 7 22: <world> killed Assasinu Credi by MOD_TRIGGER_HURT
  2:14 Item: 4 weapon_railgun
  2:14 Item: 5 weapon_rocketlauncher
  2:15 Item: 4 weapon_rocketlauncher
  2:17 Kill: 2 8 10: Isgalamido killed Mal by MOD_RAILGUN
  2:18 Item: 6 weapon_railgun
  2:20 Item: 2 weapon_bfg
  2:20 Item: 5 weapon_rocketlauncher
  2:20 Item: 6 team_CTF_redflag
  2:22 Kill: 2 6 13: Isgalamido killed Chessus by MOD_BFG_SPLASH
  2:23 Item: 4 weapon_rocketlauncher
  2:24 Item: 8 weapon_rocketlauncher
  2:25 Item: 4 weapon_railgun
  2:25 Kill: 5 2 7: Oootsimo killed Isgalamido by MOD_ROCKET_SPLASH
  2:26 Item: 6 team_CTF_redflag
  2:26 Item: 6 weapon_railgun
  2:26 Item: 6 weapon_bfg
  2:27 Item: 6 team_CTF_blueflag
  2:28 Item: 2 weapon_railgun
  2:28 Item: 7 ammo_rockets
  2:28 Item: 7 ammo_bullets
  2:29 Item: 7 weapon_rocketlauncher
  2:29 Item: 6 weapon_railgun
  2:29 Item: 8 team_CTF_redflag
  2:30 Item: 5 weapon_rocketlauncher
  2:32 Item: 8 weapon_rocketlauncher
  2:33 Item: 7 weapon_railgun
  2:33 Item: 5 weapon_rocketlauncher
  2:33 ShutdownGame:
  2:33 ------------------------------------------------------------
  2:33 ------------------------------------------------------------
  2:33 InitGame: \capturelimit\8\g_maxGameClients\0\timelimit\15\fraglimit\20\dmflags\0\bot_minplayers\0\sv_allowDownload\0\sv_maxclients\16\sv_privateClients\2\g_gametype\4\sv_hostname\Code Miner Server\sv_minRate\0\sv_maxRate\10000\sv_minPing\0\sv_maxPing\0\sv_floodProtect\1\version\ioq3 1.36 linux-x86_64 Apr 12 2009\protocol\68\mapname\Q3TOURNEY6_CTF\gamename\baseq3\g_needpass\0
  2:33 ClientConnect: 2
  2:33 ClientUserinfoChanged: 2 n\Isgalamido\t\1\model\uriel/zael\hmodel\uriel/zael\g_redteam\\g_blueteam\\c1\5\c2\5\hc\100\w\0\l\0\tt\0\tl\0
  2:33 ClientBegin: 2
  2:33 ClientConnect: 3
  2:33 ClientUserinfoChanged: 3 n\Dono da Bola\t\1\model\sarge\hmodel\sarge\g_redteam\\g_blueteam\\c1\4\c2\5\hc\95\w\0\l\0\tt\0\tl\1
  2:33 ClientBegin: 3
  2:33 ClientConnect: 4
  2:33 ClientUserinfoChanged: 4 n\Zeh\t\2\model\sarge/default\hmodel\sarge/default\g_redteam\\g_blueteam\\c1\1\c2\5\hc\100\w\0\l\0\tt\0\tl\1
  2:33 ClientBegin: 4
  2:33 ClientConnect: 5
  2:33 ClientUserinfoChanged: 5 n\Oootsimo\t\2\model\razor/id\hmodel\razor/id\g_redteam\\g_blueteam\\c1\3\c2\5\hc\100\w\0\l\0\tt\0\tl\0
  2:33 ClientBegin: 5
  2:33 ClientConnect: 6
  2:33 ClientUserinfoChanged: 6 n\Chessus\t\2\model\visor/blue\hmodel\visor/blue\g_redteam\\g_blueteam\\c1\4\c2\5\hc\100\w\0\l\0\tt\0\tl\0
  2:33 ClientBegin: 6
  2:33 ClientConnect: 7
  2:33 ClientUserinfoChanged: 7 n\Assasinu Credi\t\1\model\james\hmodel\*james\g_redteam\\g_blueteam\\c1\4\c2\5\hc\100\w\0\l\0\tt\0\tl\0
  2:33 ClientBegin: 7
  2:33 ClientConnect: 8
  2:33 ClientUserinfoChanged: 8 n\Mal\t\2\model\james\hmodel\*james\g_redteam\\g_blueteam\\c1\4\c2\5\hc\100\w\0\l\0\tt\0\tl\0
  2:33 ClientBegin: 8
  2:36 Item: 2 ammo_rockets
  2:36 Item: 2 ammo_bullets
  2:36 Item: 7 weapon_railgun
  2:36 Kill: 1022 3 22: <world> killed Dono da Bola by MOD_TRIGGER_HURT
  2:36 Item: 4 weapon_rocketlauncher
  2:36 Item: 2 weapon_rocketlauncher
  2:38 Item: 6 weapon_railgun
  2:39 Kill: 7 6 10: Assasinu Credi killed Chessus by MOD_RAILGUN
  2:39 Item: 7 weapon_railgun
  2:40 Item: 4 ammo_rockets
  2:40 Item: 4 ammo_bullets
  2:41 Item: 3 weapon_rocketlauncher
  2:41 Item: 8 team_CTF_redflag
  2:41 Item: 6 weapon_railgun
  2:42 Item: 2 item_health_large
  2:42 Item: 7 weapon_railgun
  2:45 Item: 3 team_CTF_blueflag
  2:45 Item: 7 weapon_railgun
  2:45 Item: 5 weapon_rocketlauncher
  2:46 Item: 8 weapon_rocketlauncher
  2:46 Item: 6 weapon_railgun
  2:48 Item: 7 weapon_railgun
  2:48 Item: 3 weapon_rocketlauncher
  2:50 Item: 2 weapon_bfg
  2:51 Kill: 1022 8 22: <world> killed Mal by MOD_TRIGGER_HURT
  2:51 Item: 5 weapon_railgun
  2:52 Kill: 4 3 7: Zeh killed Dono da Bola by MOD_ROCKET_SPLASH
  2:52 Kill: 1022 6 22: <world> killed Chessus by MOD_TRIGGER_HURT
  2:53 Item: 4 team_CTF_blueflag
  2:53 Item: 4 weapon_rocketlauncher
  2:53 Item: 4 team_CTF_redflag
  2:53 Kill: 2 5 13: Isgalamido killed Oootsimo by MOD_BFG_SPLASH
  2:55 Item: 6 weapon_railgun
  2:56 Item: 4 weapon_rocketlauncher
  2:57 Item: 5 weapon_rocketlauncher
  2:59 Item: 4 team_CTF_blueflag
  2:59 Kill: 6 2 10: Chessus killed Isgalamido by MOD_RAILGUN
  2:59 Item: 3 team_CTF_blueflag
  3:00 Item: 6 weapon_bfg
  3:02 Kill: 1022 8 22: <world> killed Mal by MOD_TRIGGER_HURT
  3:02 Kill: 1022 3 22: <world> killed Dono da Bola by MOD_TRIGGER_HURT
  3:03 Item: 4 item_health_large
  3:03 Item: 2 weapon_rocketlauncher
  3:05 Item: 3 weapon_railgun
  3:06 Item: 6 weapon_railgun
  3:06 Item: 8 weapon_rocketlauncher
  3:06 Kill: 7 6 10: Assasinu Credi killed Chessus by MOD_RAILGUN
  3:08 Item: 3 weapon_railgun
  3:10 Item: 8 team_CTF_redflag
  3:10 Item: 6 weapon_railgun
  3:11 Kill: 2 8 7: Isgalamido killed Mal by MOD_ROCKET_SPLASH
  3:11 Item: 6 weapon_railgun
  3:11 Item: 2 weapon_rocketlauncher
  3:11 Item: 2 team_CTF_redflag
  3:12 Item: 3 team_CTF_blueflag
  3:12 Kill: 5 3 7: Oootsimo killed Dono da Bola by MOD_ROCKET_SPLASH
  3:12 Item: 5 team_CTF_blueflag
  3:14 Item: 5 weapon_railgun
  3:15 Item: 3 weapon_rocketlauncher
  3:16 Item: 8 weapon_railgun
  3:16 Kill: 7 6 10: Assasinu Credi killed Chessus by MOD_RAILGUN
  3:16 Kill: 7 4 10: Assasinu Credi killed Zeh by MOD_RAILGUN
  3:18 Item: 8 weapon_railgun
  3:19 Item: 6 weapon_rocketlauncher
  3:19 Item: 4 weapon_railgun
  3:19 Kill: 1022 3 22: <world> killed Dono da Bola by MOD_TRIGGER_HURT
  3:20 Item: 5 ammo_rockets
  3:20 Item: 5 ammo_bullets
  3:22 Kill: 6 6 7: Chessus killed Chessus by MOD_ROCKET_SPLASH
  3:23 Item: 3 weapon_railgun
  3:24 Item: 3 weapon_rocketlauncher
  3:25 Item: 6 weapon_rocketlauncher
  3:29 Kill: 6 7 6: Chessus killed Assasinu Credi by MOD_ROCKET
  3:29 Item: 6 weapon_railgun
  3:29 Kill: 5 3 7: Oootsimo killed Dono da Bola by MOD_ROCKET_SPLASH
  3:30 Item: 6 weapon_railgun
  3:30 Item: 8 weapon_rocketlauncher
  3:31 Item: 5 weapon_rocketlauncher
  3:31 Kill: 2 6 6: Isgalamido killed Chessus by MOD_ROCKET
  3:33 Item: 7 weapon_railgun
  3:33 Item: 2 item_health_large
  3:34 Item: 4 weapon_rocketlauncher
  3:34 Item: 3 weapon_rocketlauncher
  3:34 Item: 8 team_CTF_redflag
  3:34 Item: 7 weapon_railgun
  3:35 Kill: 8 8 7: Mal killed Mal by MOD_ROCKET_SPLASH
  3:35 Item: 7 team_CTF_redflag
  3:36 Item: 7 weapon_rocketlauncher
  3:38 Item: 3 team_CTF_blueflag
  3:39 Item: 6 team_CTF_redflag
  3:39 Item: 8 weapon_rocketlauncher
  3:40 Kill: 7 6 7: Assasinu Credi killed Chessus by MOD_ROCKET_SPLASH
  3:40 Kill: 4 4 7: Zeh killed Zeh by MOD_ROCKET_SPLASH
  3:41 Item: 7 ammo_rockets
  3:41 Item: 2 team_CTF_redflag
  3:41 Item: 7 ammo_bullets
  3:41 Kill: 5 3 6: Oootsimo killed Dono da Bola by MOD_ROCKET
  3:42 Item: 5 team_CTF_blueflag
  3:42 Item: 5 weapon_rocketlauncher
  3:43 Item: 5 weapon_rocketlauncher
  3:43 Item: 4 weapon_rocketlauncher
  3:44 Item: 6 weapon_railgun
  3:44 Kill: 8 2 7: Mal killed Isgalamido by MOD_ROCKET_SPLASH
  3:44 Item: 8 weapon_rocketlauncher
  3:44 Item: 3 weapon_railgun
  3:44 Item: 8 team_CTF_redflag
  3:46 Item: 3 item_health_large
  3:46 Item: 6 item_armor_body
  3:46 Kill: 6 3 10: Chessus killed Dono da Bola by MOD_RAILGUN
  3:47 Item: 8 weapon_railgun
  3:47 Kill: 7 8 7: Assasinu Credi killed Mal by MOD_ROCKET_SPLASH
  3:50 Item: 6 team_CTF_redflag
  3:50 Item: 6 weapon_rocketlauncher
  3:50 Item: 3 weapon_railgun
  3:52 Item: 3 weapon_rocketlauncher
  3:53 Item: 8 weapon_rocketlauncher
  3:54 Kill: 4 7 7: Zeh killed Assasinu Credi by MOD_ROCKET_SPLASH
  3:54 Item: 4 weapon_railgun
  3:55 Item: 2 weapon_railgun
  3:56 Item: 5 item_health_large
  3:57 Item: 2 item_health_large
  3:57 Kill: 4 3 10: Zeh killed Dono da Bola by MOD_RAILGUN
  3:58 Item: 6 team_CTF_blueflag
  3:58 Item: 6 weapon_rocketlauncher
  3:58 Kill: 1022 8 22: <world> killed Mal by MOD_TRIGGER_HURT
  4:00 Item: 2 team_CTF_blueflag
  4:00 Item: 7 weapon_rocketlauncher
  4:00 Item: 6 weapon_rocketlauncher
  4:01 Item: 5 ammo_rockets
  4:01 Item: 5 ammo_bullets
  4:01 Item: 4 weapon_railgun
  4:03 Item: 5 weapon_rocketlauncher
  4:05 Item: 6 team_CTF_redflag
  4:05 Item: 3 weapon_railgun
  4:07 Item: 6 weapon_rocketlauncher
  4:08 Kill: 7 7 7: Assasinu Credi killed Assasinu Credi by MOD_ROCKET_SPLASH
  4:08 Kill: 7 4 7: Assasinu Credi killed Zeh by MOD_ROCKET_SPLASH
  4:08 Kill: 5 2 7: Oootsimo killed Isgalamido by MOD_ROCKET_SPLASH
  4:09 Kill: 1022 3 22: <world> killed Dono da Bola by MOD_TRIGGER_HURT
  4:09 Item: 5 team_CTF_blueflag
  4:09 Item: 5 weapon_railgun
  4:11 Item: 2 weapon_rocketlauncher
  4:11 Item: 8 weapon_rocketlauncher
  4:11 Item: 2 weapon_railgun
  4:12 Item: 6 team_CTF_blueflag
  4:12 Kill: 5 7 7: Oootsimo killed Assasinu Credi by MOD_ROCKET_SPLASH
  4:14 Item: 6 weapon_railgun
  4:15 Item: 3 weapon_rocketlauncher
  4:16 Item: 6 item_armor_body
  4:17 Item: 7 weapon_railgun
  4:17 Item: 2 item_health_large
  4:18 Item: 4 team_CTF_redflag
  4:18 Item: 5 weapon_rocketlauncher
  4:18 Kill: 8 3 7: Mal killed Dono da Bola by MOD_ROCKET_SPLASH
  4:20 Kill: 6 2 10: Chessus killed Isgalamido by MOD_RAILGUN
  4:21 Kill: 1022 8 22: <world> killed Mal by MOD_TRIGGER_HURT
  4:21 Item: 7 ammo_rockets
  4:21 Item: 7 ammo_bullets
  4:22 Item: 6 weapon_rocketlauncher
  4:22 Item: 7 weapon_rocketlauncher
  4:22 Item: 2 weapon_railgun
  4:22 Item: 5 weapon_rocketlauncher
  4:24 Kill: 6 7 7: Chessus killed Assasinu Credi by MOD_ROCKET_SPLASH
  4:24 Item: 4 team_CTF_blueflag
  4:24 Item: 8 weapon_rocketlauncher
  4:25 Item: 2 weapon_railgun
  4:25 Item: 6 weapon_rocketlauncher
  4:26 Item: 6 weapon_rocketlauncher
  4:27 Item: 3 weapon_railgun
  4:28 Kill: 8 3 7: Mal killed Dono da Bola by MOD_ROCKET_SPLASH
  4:29 Item: 4 weapon_rocketlauncher
  4:30 Item: 3 weapon_railgun
  4:31 Kill: 7 6 3: Assasinu Credi killed Chessus by MOD_MACHINEGUN
  4:31 Item: 8 item_health_large
  4:32 Item: 4 weapon_rocketlauncher
  4:32 Item: 4 weapon_railgun
  4:32 Item: 7 weapon_rocketlauncher
  4:34 Item: 6 weapon_railgun
  4:36 Item: 7 weapon_railgun
  4:37 Item: 3 team_CTF_blueflag
  4:38 Kill: 3 4 10: Dono da Bola killed Zeh by MOD_RAILGUN
  4:39 Kill: 1022 6 22: <world> killed Chessus by MOD_TRIGGER_HURT
  4:41 Item: 3 weapon_rocketlauncher
  4:41 Item: 5 ammo_rockets
  4:41 Kill: 2 8 10: Isgalamido killed Mal by MOD_RAILGUN
  4:42 Item: 4 weapon_railgun
  4:43 Item: 6 ammo_bullets
  4:43 Item: 6 weapon_rocketlauncher
  4:43 Item: 6 weapon_rocketlauncher
  4:45 Item: 4 weapon_railgun
  4:45 Item: 3 team_CTF_redflag
  4:46 Item: 8 weapon_rocketlauncher
  4:46 Kill: 7 4 10: Assasinu Credi killed Zeh by MOD_RAILGUN
  4:46 Item: 5 team_CTF_redflag
  4:47 Item: 7 weapon_railgun
  4:48 Kill: 5 3 7: Oootsimo killed Dono da Bola by MOD_ROCKET_SPLASH
  4:48 Item: 6 weapon_railgun
  4:49 Item: 5 weapon_rocketlauncher
  4:49 Item: 4 weapon_railgun
  4:50 Item: 3 weapon_rocketlauncher
  4:50 Kill: 2 5 3: Isgalamido killed Oootsimo by MOD_MACHINEGUN
  4:51 Item: 2 weapon_rocketlauncher
  4:51 Item: 4 weapon_rocketlauncher
  4:52 Kill: 1022 8 22: <world> killed Mal by MOD_TRIGGER_HURT
  4:54 Item: 2 weapon_bfg
  4:54 Item: 6 weapon_railgun
  4:54 Item: 5 weapon_rocketlauncher
  4:54 Item: 2 item_health
  4:54 Kill: 6 7 10: Chessus killed Assasinu Credi by MOD_RAILGUN
  4:56 Item: 3 team_CTF_blueflag
  4:56 Item: 2 item_health_large
  4:57 Item: 7 weapon_railgun
  4:58 Kill: 5 3 7: Oootsimo killed Dono da Bola by MOD_ROCKET_SPLASH
  4:58 Item: 6 weapon_railgun
  4:59 Item: 8 team_CTF_blueflag
  4:59 Item: 2 item_health_large
  4:59 Item: 8 weapon_rocketlauncher
  5:00 Item: 8 weapon_rocketlauncher
  5:02 Item: 3 weapon_rocketlauncher
  5:03 Item: 6 weapon_railgun
  5:05 Kill: 2 2 13: Isgalamido killed Isgalamido by MOD_BFG_SPLASH
  5:06 Item: 8 weapon_railgun
  5:06 Item: 3 weapon_bfg
  5:06 Item: 7 ammo_rockets
  5:06 Item: 7 ammo_bullets
  5:07 Item: 7 weapon_rocketlauncher
  5:08 Item: 2 weapon_bfg
  5:09 Item: 2 weapon_railgun
  5:10 Item: 8 team_CTF_redflag
  5:10 Kill: 3 6 12: Dono da Bola killed Chessus by MOD_BFG
  5:10 Kill: 2 8 12: Isgalamido killed Mal by MOD_BFG
  5:11 Item: 3 weapon_railgun
  5:11 Item: 2 team_CTF_redflag
  5:12 Item: 3 team_CTF_blueflag
  5:12 Kill: 4 3 7: Zeh killed Dono da Bola by MOD_ROCKET_SPLASH
  5:13 Item: 6 weapon_railgun
  5:13 Item: 4 weapon_railgun
  5:14 Item: 4 team_CTF_blueflag
  5:14 Item: 4 item_health_large
  5:15 Item: 3 weapon_railgun
  5:15 Item: 6 weapon_rocketlauncher
  5:16 Item: 4 weapon_railgun
  5:17 Item: 3 weapon_rocketlauncher
  5:18 Kill: 3 5 6: Dono da Bola killed Oootsimo by MOD_ROCKET
  5:18 Kill: 1022 8 22: <world> killed Mal by MOD_TRIGGER_HURT
  5:19 Item: 7 weapon_railgun
  5:19 Item: 4 weapon_rocketlauncher
  5:20 Item: 5 weapon_railgun
  5:21 Kill: 1022 3 22: <world> killed Dono da Bola by MOD_TRIGGER_HURT
  5:22 Item: 4 ammo_rockets
  5:22 Item: 7 weapon_railgun
  5:23 Item: 5 ammo_bullets
  5:24 Item: 5 weapon_rocketlauncher
  5:24 Item: 3 weapon_rocketlauncher
  5:25 Kill: 7 6 10: Assasinu Credi killed Chessus by MOD_RAILGUN
  5:28 Kill: 2 5 10: Isgalamido killed Oootsimo by MOD_RAILGUN
  5:30 Kill: 3 8 7: Dono da Bola killed Mal by MOD_ROCKET_SPLASH
  5:30 Item: 6 weapon_railgun
  5:30 Kill: 2 4 10: Isgalamido killed Zeh by MOD_RAILGUN
  5:30 Kill: 4 3 7: Zeh killed Dono da Bola by MOD_ROCKET_SPLASH
  5:32 Item: 5 weapon_rocketlauncher
  5:32 Kill: 7 6 10: Assasinu Credi killed Chessus by MOD_RAILGUN
  5:34 Item: 4 weapon_rocketlauncher
  5:34 Item: 3 weapon_rocketlauncher
  5:35 Item: 8 weapon_rocketlauncher
  5:35 Kill: 5 2 7: Oootsimo killed Isgalamido by MOD_ROCKET_SPLASH
  5:36 Item: 4 weapon_rocketlauncher
  5:36 Item: 5 team_CTF_redflag
  5:36 Item: 6 weapon_railgun
  5:38 Item: 3 team_CTF_blueflag
  5:39 Item: 3 weapon_rocketlauncher
  5:40 Item: 2 weapon_rocketlauncher
  5:41 Item: 7 item_health_large
  5:42 Item: 7 weapon_railgun
  5:43 Kill: 1022 3 22: <world> killed Dono da Bola by MOD_TRIGGER_HURT
  5:44 Item: 6 weapon_railgun
  5:44 Item: 2 item_health
  5:44 Item: 2 weapon_bfg
  5:45 Item: 3 weapon_railgun
  5:45 Kill: 2 8 12: Isgalamido killed Mal by MOD_BFG
  5:46 Kill: 1022 5 22: <world> killed Oootsimo by MOD_TRIGGER_HURT
  5:46 Item: 2 item_health_large
  5:47 Item: 3 weapon_rocketlauncher
  5:49 Item: 2 team_CTF_blueflag
  5:51 Item: 5 weapon_rocketlauncher
  5:51 Kill: 7 4 10: Assasinu Credi killed Zeh by MOD_RAILGUN
  5:51 Item: 8 weapon_railgun
  5:53 Item: 5 weapon_rocketlauncher
  5:53 Kill: 7 8 10: Assasinu Credi killed Mal by MOD_RAILGUN
  5:54 Item: 6 item_health_large
  5:54 Item: 6 weapon_railgun
  5:54 Item: 2 item_armor_body
  5:55 Item: 2 item_health_large
  5:55 Kill: 7 6 10: Assasinu Credi killed Chessus by MOD_RAILGUN
  5:57 Item: 5 team_CTF_redflag
  5:59 Kill: 2 5 7: Isgalamido killed Oootsimo by MOD_ROCKET_SPLASH
  5:59 Item: 3 team_CTF_redflag
  5:59 Item: 3 weapon_rocketlauncher
  5:59 Item: 2 team_CTF_redflag
  6:00 Item: 8 weapon_rocketlauncher
  6:00 Item: 6 weapon_railgun
  6:00 Item: 6 weapon_railgun
  6:01 Item: 3 weapon_rocketlauncher
  6:01 Item: 6 weapon_railgun
  6:01 Item: 4 team_CTF_redflag
  6:02 Item: 8 weapon_rocketlauncher
  6:03 Item: 4 ammo_rockets
  6:03 Item: 4 ammo_bullets
  6:03 Kill: 6 3 10: Chessus killed Dono da Bola by MOD_RAILGUN
  6:05 Item: 5 weapon_rocketlauncher
  6:05 Item: 7 weapon_rocketlauncher
  6:05 Kill: 2 4 3: Isgalamido killed Zeh by MOD_MACHINEGUN
  6:06 Kill: 1022 8 22: <world> killed Mal by MOD_TRIGGER_HURT
  6:08 Item: 3 weapon_rocketlauncher
  6:08 Item: 6 weapon_railgun
  6:08 Item: 7 team_CTF_blueflag
  6:10 Item: 7 ammo_rockets
  6:11 Item: 7 ammo_bullets
  6:11 Item: 5 team_CTF_redflag
  6:11 Item: 7 weapon_rocketlauncher
  6:13 Kill: 1022 5 22: <world> killed Oootsimo by MOD_TRIGGER_HURT
  6:16 Kill: 6 2 10: Chessus killed Isgalamido by MOD_RAILGUN
  6:16 Item: 5 weapon_rocketlauncher
  6:16 Item: 7 team_CTF_redflag
  6:18 Item: 2 weapon_railgun
  6:19 Item: 7 item_health_large
  6:19 Item: 4 weapon_rocketlauncher
  6:20 Kill: 6 7 10: Chessus killed Assasinu Credi by MOD_RAILGUN
  6:20 Item: 5 team_CTF_redflag
  6:23 Kill: 5 2 6: Oootsimo killed Isgalamido by MOD_ROCKET
  6:23 Kill: 5 5 7: Oootsimo killed Oootsimo by MOD_ROCKET_SPLASH
  6:23 Item: 6 weapon_railgun
  6:23 Item: 3 weapon_rocketlauncher
  6:24 Item: 3 team_CTF_redflag
  6:24 Item: 7 weapon_rocketlauncher
  6:25 Item: 4 weapon_rocketlauncher
  6:25 Item: 3 weapon_rocketlauncher
  6:27 Item: 3 weapon_railgun
  6:28 Item: 5 weapon_rocketlauncher
  6:30 Item: 2 weapon_rocketlauncher
  6:30 Item: 7 weapon_railgun
  6:31 Item: 5 weapon_rocketlauncher
  6:33 Kill: 7 6 10: Assasinu Credi killed Chessus by MOD_RAILGUN
  6:34 Item: 3 weapon_railgun
  6:38 Kill: 1022 8 22: <world> killed Mal by MOD_TRIGGER_HURT
  6:38 Item: 6 weapon_railgun
  6:38 Item: 4 weapon_rocketlauncher
  6:38 Kill: 1022 5 22: <world> killed Oootsimo by MOD_TRIGGER_HURT
  6:38 Item: 3 weapon_railgun
  6:40 Item: 6 weapon_railgun
  6:41 Item: 5 weapon_rocketlauncher
  6:42 Item: 4 item_health_large
  6:45 Kill: 7 6 10: Assasinu Credi killed Chessus by MOD_RAILGUN
  6:45 Item: 8 team_CTF_redflag
  6:45 Kill: 5 7 7: Oootsimo killed Assasinu Credi by MOD_ROCKET_SPLASH
  6:47 Kill: 5 2 6: Oootsimo killed Isgalamido by MOD_ROCKET
  6:47 Item: 4 weapon_rocketlauncher
  6:47 Item: 5 weapon_rocketlauncher
  6:48 Item: 7 weapon_railgun
  6:48 Item: 7 weapon_railgun
  6:48 Item: 5 ammo_bullets
  6:48 Kill: 8 3 3: Mal killed Dono da Bola by MOD_MACHINEGUN
  6:48 Item: 8 weapon_railgun
  6:49 Item: 6 weapon_railgun
  6:49 Item: 5 ammo_rockets
  6:49 Item: 6 weapon_railgun
  6:50 Item: 8 weapon_rocketlauncher
  6:51 Kill: 2 8 3: Isgalamido killed Mal by MOD_MACHINEGUN
  6:52 Item: 4 ammo_bullets
  6:52 Item: 4 ammo_rockets
  6:53 Item: 3 weapon_railgun
  6:54 Item: 2 weapon_bfg
  6:56 Item: 8 weapon_rocketlauncher
  6:57 Kill: 1022 5 22: <world> killed Oootsimo by MOD_TRIGGER_HURT
  6:57 Item: 3 weapon_rocketlauncher
  7:00 Item: 5 weapon_railgun
  7:01 Kill: 1022 6 22: <world> killed Chessus by MOD_TRIGGER_HURT
  7:01 Item: 3 team_CTF_blueflag
  7:02 Item: 5 weapon_rocketlauncher
  7:03 Kill: 3 4 7: Dono da Bola killed Zeh by MOD_ROCKET_SPLASH
  7:03 Item: 3 weapon_rocketlauncher
  7:03 Item: 2 item_health_large
  7:04 Item: 6 weapon_railgun
  7:05 Kill: 6 7 10: Chessus killed Assasinu Credi by MOD_RAILGUN
  7:05 Kill: 2 8 12: Isgalamido killed Mal by MOD_BFG
  7:05 Kill: 5 2 7: Oootsimo killed Isgalamido by MOD_ROCKET_SPLASH
  7:06 Item: 5 weapon_bfg
  7:07 Item: 3 weapon_railgun
  7:08 Kill: 3 5 10: Dono da Bola killed Oootsimo by MOD_RAILGUN
  7:08 Item: 3 team_CTF_redflag
  7:09 Item: 2 weapon_bfg
  7:10 Item: 8 weapon_railgun
  7:11 Item: 3 weapon_rocketlauncher
  7:12 Item: 5 weapon_rocketlauncher
  7:14 Kill: 2 6 13: Isgalamido killed Chessus by MOD_BFG_SPLASH
  7:14 Item: 4 weapon_railgun
  7:14 Item: 7 weapon_railgun
  7:15 Item: 7 weapon_railgun
  7:16 Kill: 1022 4 22: <world> killed Zeh by MOD_TRIGGER_HURT
  7:17 Item: 3 team_CTF_blueflag
  7:17 Item: 6 weapon_railgun
  7:18 Kill: 5 2 6: Oootsimo killed Isgalamido by MOD_ROCKET
  7:18 Kill: 5 7 7: Oootsimo killed Assasinu Credi by MOD_ROCKET_SPLASH
  7:18 Item: 5 team_CTF_redflag
  7:20 Item: 2 weapon_railgun
  7:20 Item: 8 weapon_railgun
  7:20 Item: 3 item_health_large
  7:21 Item: 7 weapon_rocketlauncher
  7:22 Item: 3 item_armor_body
  7:22 Item: 4 weapon_rocketlauncher
  7:23 Item: 5 item_health_large
  7:24 Item: 3 weapon_railgun
  7:24 Kill: 2 5 10: Isgalamido killed Oootsimo by MOD_RAILGUN
  7:25 Item: 6 weapon_railgun
  7:25 Item: 7 weapon_rocketlauncher
  7:26 Item: 7 team_CTF_redflag
  7:26 Item: 2 weapon_bfg
  7:26 Item: 3 team_CTF_redflag
  7:26 Kill: 4 3 6: Zeh killed Dono da Bola by MOD_ROCKET
  7:27 Item: 4 weapon_railgun
  7:28 Item: 5 weapon_rocketlauncher
  7:28 Item: 4 ammo_bullets
  7:29 Item: 4 ammo_rockets
  7:29 Item: 8 weapon_railgun
  7:30 Item: 3 weapon_rocketlauncher
  7:30 Kill: 2 8 13: Isgalamido killed Mal by MOD_BFG_SPLASH
  7:31 Item: 4 team_CTF_redflag
  7:31 Item: 2 weapon_railgun
  7:32 Item: 2 team_CTF_blueflag
  7:33 Kill: 3 4 6: Dono da Bola killed Zeh by MOD_ROCKET
  7:34 Item: 3 weapon_rocketlauncher
  7:34 Item: 3 team_CTF_redflag
  7:34 Item: 3 weapon_railgun
  7:34 Item: 8 ammo_rockets
  7:34 Item: 8 ammo_bullets
  7:34 Item: 2 weapon_railgun
  7:35 Kill: 7 5 7: Assasinu Credi killed Oootsimo by MOD_ROCKET_SPLASH
  7:36 Item: 7 weapon_rocketlauncher
  7:36 Item: 4 weapon_rocketlauncher
  7:38 Item: 2 item_health_large
  7:39 Item: 5 weapon_rocketlauncher
  7:40 Item: 4 team_CTF_redflag
  7:41 Kill: 6 2 10: Chessus killed Isgalamido by MOD_RAILGUN
  7:41 Kill: 3 6 10: Dono da Bola killed Chessus by MOD_RAILGUN
  7:43 Item: 4 weapon_rocketlauncher
  7:44 Item: 5 team_CTF_blueflag
  7:45 Item: 6 weapon_rocketlauncher
  7:46 Item: 8 item_health_large
  7:47 Item: 4 team_CTF_blueflag
  7:47 Item: 7 team_CTF_blueflag
  7:47 Kill: 7 7 7: Assasinu Credi killed Assasinu Credi by MOD_ROCKET_SPLASH
  7:47 Item: 8 team_CTF_redflag
  7:48 Kill: 6 2 6: Chessus killed Isgalamido by MOD_ROCKET
  7:48 Kill: 1022 5 22: <world> killed Oootsimo by MOD_TRIGGER_HURT
  7:48 Kill: 4 3 6: Zeh killed Dono da Bola by MOD_ROCKET
  7:49 Item: 4 weapon_railgun
  7:50 Item: 8 weapon_rocketlauncher
  7:51 Item: 5 weapon_railgun
  7:52 Item: 3 weapon_railgun
  7:52 Item: 5 weapon_rocketlauncher
  7:55 Kill: 5 2 6: Oootsimo killed Isgalamido by MOD_ROCKET
  7:55 Kill: 1022 8 22: <world> killed Mal by MOD_TRIGGER_HURT
  7:56 Item: 3 weapon_railgun
  7:56 Kill: 5 3 6: Oootsimo killed Dono da Bola by MOD_ROCKET
  7:56 Kill: 1022 7 22: <world> killed Assasinu Credi by MOD_TRIGGER_HURT
  7:57 Item: 5 team_CTF_redflag
  7:58 Item: 4 weapon_rocketlauncher
  7:59 Item: 3 weapon_rocketlauncher
  8:00 Item: 7 weapon_railgun
  8:01 Item: 4 item_health_large
  8:02 Item: 6 weapon_railgun
  8:02 Item: 7 weapon_railgun
  8:03 Kill: 8 2 3: Mal killed Isgalamido by MOD_MACHINEGUN
  8:04 Kill: 1022 8 22: <world> killed Mal by MOD_TRIGGER_HURT
  8:04 Item: 5 item_armor_body
  8:05 Item: 3 team_CTF_blueflag
  8:05 Item: 5 item_health_large
  8:06 Item: 4 weapon_rocketlauncher
  8:07 Item: 5 weapon_railgun
  8:07 Item: 2 weapon_railgun
  8:08 Kill: 6 3 10: Chessus killed Dono da Bola by MOD_RAILGUN
  8:08 Item: 8 team_CTF_blueflag
  8:08 Item: 8 weapon_rocketlauncher
  8:09 Item: 6 weapon_rocketlauncher
  8:10 Item: 4 weapon_bfg
  8:10 Kill: 1022 5 22: <world> killed Oootsimo by MOD_TRIGGER_HURT
  8:10 Item: 2 weapon_railgun
  8:12 Item: 3 weapon_rocketlauncher
  8:14 Item: 5 weapon_rocketlauncher
  8:15 Item: 4 ammo_bullets
  8:15 Item: 4 ammo_rockets
  8:15 Item: 2 weapon_rocketlauncher
  8:16 Kill: 7 6 10: Assasinu Credi killed Chessus by MOD_RAILGUN
  8:16 Item: 3 team_CTF_blueflag
  8:18 Item: 7 weapon_railgun
  8:19 Item: 6 weapon_rocketlauncher
  8:20 Kill: 1022 5 22: <world> killed Oootsimo by MOD_TRIGGER_HURT
  8:20 Kill: 1022 3 22: <world> killed Dono da Bola by MOD_TRIGGER_HURT
  8:21 Item: 8 weapon_railgun
  8:21 Item: 2 ammo_rockets
  8:21 Item: 2 ammo_bullets
  8:22 Item: 6 weapon_railgun
  8:23 Item: 3 weapon_railgun
  8:25 Item: 5 weapon_rocketlauncher
  8:25 Item: 3 weapon_rocketlauncher
  8:26 Kill: 2 8 6: Isgalamido killed Mal by MOD_ROCKET
  8:27 Item: 4 team_CTF_redflag
  8:28 Kill: 5 2 6: Oootsimo killed Isgalamido by MOD_ROCKET
  8:28 Kill: 4 7 13: Zeh killed Assasinu Credi by MOD_BFG_SPLASH
  8:29 Item: 4 weapon_rocketlauncher
  8:29 Item: 4 weapon_railgun
  8:29 Item: 3 team_CTF_blueflag
  8:30 Item: 2 weapon_railgun
  8:31 Kill: 3 6 6: Dono da Bola killed Chessus by MOD_ROCKET
  8:32 Item: 5 weapon_rocketlauncher
  8:32 Item: 3 weapon_rocketlauncher
  8:33 Item: 8 weapon_railgun
  8:34 Item: 4 weapon_railgun
  8:36 Kill: 8 3 10: Mal killed Dono da Bola by MOD_RAILGUN
  8:36 Item: 2 weapon_bfg
  8:37 Item: 4 item_health_large
  8:37 Item: 6 weapon_rocketlauncher
  8:39 Item: 7 weapon_railgun
  8:40 Kill: 2 5 12: Isgalamido killed Oootsimo by MOD_BFG
  8:40 Kill: 6 7 7: Chessus killed Assasinu Credi by MOD_ROCKET_SPLASH
  8:41 Item: 3 weapon_rocketlauncher
  8:42 Kill: 2 2 13: Isgalamido killed Isgalamido by MOD_BFG_SPLASH
  8:43 Item: 8 weapon_rocketlauncher
  8:45 Item: 7 weapon_railgun
  8:45 Item: 3 weapon_bfg
  8:45 Item: 7 weapon_railgun
  8:45 Item: 3 team_CTF_blueflag
  8:45 Item: 5 weapon_bfg
  8:45 Item: 2 weapon_rocketlauncher
  8:48 Item: 4 weapon_rocketlauncher
  8:48 Item: 4 item_health
  8:48 Item: 6 item_health_large
  8:49 Item: 5 weapon_railgun
  8:49 Kill: 3 6 13: Dono da Bola killed Chessus by MOD_BFG_SPLASH
  8:49 Item: 2 weapon_bfg
  8:49 Item: 4 item_health
  8:50 Kill: 2 4 12: Isgalamido killed Zeh by MOD_BFG
  8:50 Item: 8 weapon_rocketlauncher
  8:53 Item: 4 weapon_railgun
  8:53 Item: 6 weapon_rocketlauncher
  8:54 Item: 2 weapon_rocketlauncher
  8:55 Item: 2 team_CTF_redflag
  8:55 Kill: 1022 8 22: <world> killed Mal by MOD_TRIGGER_HURT
  8:55 Kill: 5 2 10: Oootsimo killed Isgalamido by MOD_RAILGUN
  8:56 Item: 3 team_CTF_redflag
  8:57 Item: 4 item_armor_body
  8:57 Item: 6 weapon_rocketlauncher
  8:58 Item: 2 weapon_railgun
  8:58 Item: 6 team_CTF_redflag
  8:58 Item: 5 weapon_railgun
  9:01 Item: 8 ammo_rockets
  9:01 Item: 8 ammo_bullets
  9:01 Kill: 1022 6 22: <world> killed Chessus by MOD_TRIGGER_HURT
  9:02 Item: 3 weapon_rocketlauncher
  9:02 Item: 8 weapon_rocketlauncher
  9:02 Kill: 4 7 10: Zeh killed Assasinu Credi by MOD_RAILGUN
  9:03 Item: 4 weapon_railgun
  9:05 Item: 8 weapon_railgun
  9:05 Item: 3 team_CTF_blueflag
  9:07 Item: 7 ammo_rockets
  9:07 Item: 7 ammo_bullets
  9:07 Item: 5 team_CTF_redflag
  9:08 Item: 3 weapon_rocketlauncher
  9:08 Kill: 7 5 3: Assasinu Credi killed Oootsimo by MOD_MACHINEGUN
  9:08 Item: 7 team_CTF_redflag
  9:08 Item: 7 weapon_railgun
  9:09 Item: 4 weapon_railgun
  9:10 Item: 6 weapon_railgun
  9:10 Item: 7 weapon_rocketlauncher
  9:11 Kill: 1022 3 19: <world> killed Dono da Bola by MOD_FALLING
  9:11 Item: 6 team_CTF_redflag
  9:12 Item: 4 team_CTF_blueflag
  9:12 Item: 4 weapon_rocketlauncher
  9:13 Item: 5 weapon_rocketlauncher
  9:13 Kill: 7 4 6: Assasinu Credi killed Zeh by MOD_ROCKET
  9:14 Item: 6 weapon_railgun
  9:14 Item: 3 weapon_rocketlauncher
  9:14 Item: 7 weapon_rocketlauncher
  9:15 Kill: 2 6 10: Isgalamido killed Chessus by MOD_RAILGUN
  9:16 Kill: 1022 8 22: <world> killed Mal by MOD_TRIGGER_HURT
  9:16 Item: 2 item_health_large
  9:17 Item: 4 weapon_rocketlauncher
  9:18 Item: 3 team_CTF_blueflag
  9:18 Item: 2 item_health_large
  9:18 Item: 5 team_CTF_redflag
  9:19 Item: 6 weapon_railgun
  9:20 Kill: 5 7 6: Oootsimo killed Assasinu Credi by MOD_ROCKET
  9:22 Item: 4 weapon_rocketlauncher
  9:22 Item: 8 weapon_rocketlauncher
  9:23 Item: 6 weapon_railgun
  9:23 Kill: 2 5 10: Isgalamido killed Oootsimo by MOD_RAILGUN
  9:24 Kill: 6 2 10: Chessus killed Isgalamido by MOD_RAILGUN
  9:24 Item: 7 weapon_rocketlauncher
  9:25 Kill: 4 3 6: Zeh killed Dono da Bola by MOD_ROCKET
  9:25 Item: 8 team_CTF_blueflag
  9:25 Item: 8 weapon_rocketlauncher
  9:27 Item: 4 team_CTF_redflag
  9:27 Item: 3 weapon_railgun
  9:28 Item: 5 weapon_rocketlauncher
  9:29 Item: 7 team_CTF_blueflag
  9:30 Item: 4 item_health_large
  9:31 Item: 8 weapon_rocketlauncher
  9:32 Kill: 4 2 6: Zeh killed Isgalamido by MOD_ROCKET
  9:32 Item: 7 weapon_rocketlauncher
  9:32 Kill: 5 3 6: Oootsimo killed Dono da Bola by MOD_ROCKET
  9:33 Kill: 4 4 7: Zeh killed Zeh by MOD_ROCKET_SPLASH
  9:34 Item: 5 team_CTF_redflag
  9:34 Item: 5 weapon_rocketlauncher
  9:36 Kill: 1022 7 22: <world> killed Assasinu Credi by MOD_TRIGGER_HURT
  9:36 Item: 4 weapon_railgun
  9:36 Item: 3 weapon_rocketlauncher
  9:38 Item: 8 weapon_rocketlauncher
  9:38 Item: 5 item_health_large
  9:39 Item: 7 weapon_railgun
  9:40 Item: 5 team_CTF_blueflag
  9:40 Kill: 3 5 6: Dono da Bola killed Oootsimo by MOD_ROCKET
  9:40 Item: 3 weapon_rocketlauncher
  9:40 Item: 3 team_CTF_blueflag
  9:40 Item: 2 weapon_bfg
  9:42 Item: 3 ammo_rockets
  9:42 Item: 5 ammo_bullets
  9:43 Kill: 2 6 13: Isgalamido killed Chessus by MOD_BFG_SPLASH
  9:43 Item: 8 team_CTF_redflag
  9:43 Item: 5 weapon_rocketlauncher
  9:44 Item: 2 item_armor_body
  9:45 Kill: 1022 8 22: <world> killed Mal by MOD_TRIGGER_HURT
  9:45 Item: 6 weapon_railgun
  9:46 Kill: 5 3 6: Oootsimo killed Dono da Bola by MOD_ROCKET
  9:46 Item: 6 weapon_rocketlauncher
  9:47 Item: 2 weapon_rocketlauncher
  9:48 Item: 8 weapon_railgun
  9:48 Item: 2 team_CTF_blueflag
  9:48 Kill: 1022 5 22: <world> killed Oootsimo by MOD_TRIGGER_HURT
  9:49 Item: 2 weapon_rocketlauncher
  9:49 Kill: 2 4 6: Isgalamido killed Zeh by MOD_ROCKET
  9:50 Item: 2 weapon_railgun
  9:50 Item: 2 team_CTF_redflag
  9:50 Item: 6 weapon_bfg
  9:52 Item: 4 weapon_railgun
  9:52 Kill: 1022 5 22: <world> killed Oootsimo by MOD_TRIGGER_HURT
  9:53 Item: 3 weapon_railgun
  9:54 Item: 4 weapon_rocketlauncher
  9:54 Item: 8 team_CTF_redflag
  9:54 Kill: 8 7 10: Mal killed Assasinu Credi by MOD_RAILGUN
  9:55 Item: 2 weapon_railgun
  9:55 Item: 5 weapon_railgun
  9:56 Item: 3 item_health_large
  9:56 Item: 8 ammo_rockets
  9:56 Item: 8 ammo_bullets
  9:57 Item: 5 weapon_rocketlauncher
  9:57 Item: 8 weapon_rocketlauncher
  9:58 Kill: 6 2 12: Chessus killed Isgalamido by MOD_BFG
  9:58 Item: 7 weapon_railgun
 10:00 Item: 3 team_CTF_blueflag
 10:00 Kill: 1022 8 19: <world> killed Mal by MOD_FALLING
 10:02 Item: 5 weapon_bfg
 10:03 Item: 4 weapon_rocketlauncher
 10:03 Kill: 1022 7 22: <world> killed Assasinu Credi by MOD_TRIGGER_HURT
 10:06 Item: 2 weapon_bfg
 10:07 Item: 6 item_health_large
 10:07 Item: 7 weapon_rocketlauncher
 10:07 Item: 8 weapon_rocketlauncher
 10:07 Item: 5 weapon_rocketlauncher
 10:07 Item: 5 team_CTF_redflag
 10:07 Kill: 4 3 6: Zeh killed Dono da Bola by MOD_ROCKET
 10:08 Kill: 2 5 12: Isgalamido killed Oootsimo by MOD_BFG
 10:08 Kill: 7 4 7: Assasinu Credi killed Zeh by MOD_ROCKET_SPLASH
 10:09 Item: 7 team_CTF_blueflag
 10:09 Item: 7 weapon_railgun
 10:09 Item: 7 weapon_rocketlauncher
 10:10 Item: 2 team_CTF_redflag
 10:11 Item: 4 weapon_railgun
 10:11 Item: 5 weapon_rocketlauncher
 10:12 Item: 7 team_CTF_redflag
 10:12 Exit: Capturelimit hit.
 10:12 red:8  blue:6
 10:12 score: 77  ping: 3  client: 2 Isgalamido
 10:12 score: 53  ping: 0  client: 7 Assasinu Credi
 10:12 score: 46  ping: 6  client: 5 Oootsimo
 10:12 score: 43  ping: 5  client: 4 Zeh
 10:12 score: 38  ping: 0  client: 6 Chessus
 10:12 score: 33  ping: 4  client: 3 Dono da Bola
 10:12 score: 1  ping: 17  client: 8 Mal
 10:12 Item: 6 team_CTF_redflag
 10:28 ShutdownGame:
 10:28 ------------------------------------------------------------
 10:28 ------------------------------------------------------------
 10:28 InitGame: \capturelimit\8\g_maxGameClients\0\timelimit\15\fraglimit\20\dmflags\0\bot_minplayers\0\sv_allowDownload\0\sv_maxclients\16\sv_privateClients\2\g_gametype\4\sv_hostname\Code Miner Server\sv_minRate\0\sv_maxRate\10000\sv_minPing\0\sv_maxPing\0\sv_floodProtect\1\version\ioq3 1.36 linux-x86_64 Apr 12 2009\protocol\68\mapname\Q3TOURNEY6_CTF\gamename\baseq3\g_needpass\0
 10:28 ClientConnect: 2
 10:28 ClientUserinfoChanged: 2 n\Isgalamido\t\1\model\uriel/zael\hmodel\uriel/zael\g_redteam\\g_blueteam\\c1\5\c2\5\hc\100\w\0\l\0\tt\0\tl\0
 10:28 ClientBegin: 2
 10:28 ClientConnect: 3
 10:28 ClientUserinfoChanged: 3 n\Dono da Bola\t\1\model\sarge\hmodel\sarge\g_redteam\\g_blueteam\\c1\4\c2\5\hc\95\w\0\l\0\tt\0\tl\1
 10:28 ClientBegin: 3
 10:28 ClientConnect: 4
 10:28 ClientUserinfoChanged: 4 n\Zeh\t\2\model\sarge/default\hmodel\sarge/default\g_redteam\\g_blueteam\\c1\1\c2\5\hc\100\w\0\l\0\tt\0\tl\1
 10:28 ClientBegin: 4
 10:28 ClientConnect: 5
 10:28 ClientUserinfoChanged: 5 n\Oootsimo\t\2\model\razor/id\hmodel\razor/id\g_redteam\\g_blueteam\\c1\3\c2\5\hc\100\w\0\l\0\tt\0\tl\0
 10:28 ClientBegin: 5
 10:28 ClientConnect: 6
 10:28 ClientUserinfoChanged: 6 n\Chessus\t\2\model\visor/blue\hmodel\visor/blue\g_redteam\\g_blueteam\\c1\4\c2\5\hc\100\w\0\l\0\tt\0\tl\0
 10:28 ClientBegin: 6
 10:28 ClientConnect: 7
 10:28 ClientUserinfoChanged: 7 n\Assasinu Credi\t\1\model\james\hmodel\*james\g_redteam\\g_blueteam\\c1\4\c2\5\hc\100\w\0\l\0\tt\0\tl\0
 10:28 ClientBegin: 7
 10:28 ClientConnect: 8
 10:28 ClientUserinfoChanged: 8 n\Mal\t\2\model\james\hmodel\*james\g_redteam\\g_blueteam\\c1\4\c2\5\hc\100\w\0\l\0\tt\0\tl\0
 10:28 ClientBegin: 8
 10:31 Item: 5 ammo_rockets
 10:31 Item: 5 ammo_bullets
 10:32 Item: 6 weapon_railgun
 10:32 Item: 5 weapon_rocketlauncher
 10:35 Item: 5 item_health_large
 10:36 Item: 6 weapon_railgun
 10:36 Item: 5 team_CTF_redflag
 10:37 Kill: 1022 2 22: <world> killed Isgalamido by MOD_TRIGGER_HURT
 10:38 Kill: 5 7 6: Oootsimo killed Assasinu Credi by MOD_ROCKET
 10:39 Kill: 1022 3 22: <world> killed Dono da Bola by MOD_TRIGGER_HURT
 10:41 Item: 6 weapon_rocketlauncher
 10:46 Item: 5 ammo_rockets
 10:46 Item: 5 ammo_bullets
 10:47 Item: 4 weapon_railgun
 10:48 Item: 7 weapon_railgun
 10:50 Item: 4 item_health_large
 10:51 Item: 5 team_CTF_blueflag
 10:53 Item: 6 weapon_railgun
 10:54 Item: 4 weapon_rocketlauncher
 10:55 Kill: 5 5 7: Oootsimo killed Oootsimo by MOD_ROCKET_SPLASH
 10:56 Item: 6 weapon_railgun
 10:58 Item: 4 weapon_bfg
 10:58 Item: 2 weapon_rocketlauncher
 10:58 Item: 8 weapon_rocketlauncher
 11:00 Item: 6 weapon_railgun
 11:00 Kill: 4 7 13: Zeh killed Assasinu Credi by MOD_BFG_SPLASH
 11:00 Item: 5 weapon_rocketlauncher
 11:00 Item: 4 item_health_large
 11:02 Item: 2 weapon_bfg
 11:03 Kill: 4 3 12: Zeh killed Dono da Bola by MOD_BFG
 11:03 ShutdownGame:
 11:03 ------------------------------------------------------------
 11:03 ------------------------------------------------------------
 11:03 InitGame: \capturelimit\8\g_maxGameClients\0\timelimit\15\fraglimit\20\dmflags\0\bot_minplayers\0\sv_allowDownload\0\sv_maxclients\16\sv_privateClients\2\g_gametype\4\sv_hostname\Code Miner Server\sv_minRate\0\sv_maxRate\10000\sv_minPing\0\sv_maxPing\0\sv_floodProtect\1\version\ioq3 1.36 linux-x86_64 Apr 12 2009\protocol\68\mapname\Q3TOURNEY6_CTF\gamename\baseq3\g_needpass\0
 11:04 ClientConnect: 2
 11:04 ClientUserinfoChanged: 2 n\Isgalamido\t\1\model\uriel/zael\hmodel\uriel/zael\g_redteam\\g_blueteam\\c1\5\c2\5\hc\100\w\0\l\0\tt\0\tl\0
 11:04 ClientBegin: 2
 11:04 ClientConnect: 3
 11:04 ClientUserinfoChanged: 3 n\Dono da Bola\t\1\model\sarge\hmodel\sarge\g_redteam\\g_blueteam\\c1\4\c2\5\hc\95\w\0\l\0\tt\0\tl\1
 11:04 ClientBegin: 3
 11:04 ClientConnect: 4
 11:04 ClientUserinfoChanged: 4 n\Zeh\t\2\model\sarge/default\hmodel\sarge/default\g_redteam\\g_blueteam\\c1\1\c2\5\hc\100\w\0\l\0\tt\0\tl\1
 11:04 ClientBegin: 4
 11:04 ClientConnect: 5
 11:04 ClientUserinfoChanged: 5 n\Oootsimo\t\2\model\razor/id\hmodel\razor/id\g_redteam\\g_blueteam\\c1\3\c2\5\hc\100\w\0\l\0\tt\0\tl\0
 11:04 ClientBegin: 5
 11:04 ClientConnect: 6
 11:04 ClientUserinfoChanged: 6 n\Chessus\t\2\model\visor/blue\hmodel\visor/blue\g_redteam\\g_blueteam\\c1\4\c2\5\hc\100\w\0\l\0\tt\0\tl\0
 11:04 ClientBegin: 6
 11:04 ClientConnect: 7
 11:04 ClientUserinfoChanged: 7 n\Assasinu Credi\t\1\model\james\hmodel\*james\g_redteam\\g_blueteam\\c1\4\c2\5\hc\100\w\0\l\0\tt\0\tl\0
 11:04 ClientBegin: 7
 11:04 ClientConnect: 8
 11:04 ClientUserinfoChanged: 8 n\Mal\t\2\model\james\hmodel\*james\g_redteam\\g_blueteam\\c1\4\c2\5\hc\100\w\0\l\0\tt\0\tl\0
 11:04 ClientBegin: 8
 11:06 Item: 2 weapon_railgun
 11:06 Item: 3 ammo_rockets
 11:06 Item: 3 ammo_bullets
 11:06 Item: 6 ammo_rockets
 11:06 Item: 4 ammo_bullets
 11:07 Item: 3 weapon_rocketlauncher
 11:07 Item: 4 weapon_rocketlauncher
 11:09 Item: 6 weapon_railgun
 11:10 Item: 2 weapon_railgun
 11:10 Item: 5 weapon_rocketlauncher
 11:10 Item: 3 team_CTF_blueflag
 11:11 Item: 7 weapon_rocketlauncher
 11:11 Item: 8 item_health_large
 11:12 Kill: 2 4 10: Isgalamido killed Zeh by MOD_RAILGUN
 11:13 Item: 3 weapon_rocketlauncher
 11:13 Item: 7 weapon_rocketlauncher
 11:15 Item: 6 weapon_railgun
 11:16 Kill: 6 3 10: Chessus killed Dono da Bola by MOD_RAILGUN
 11:17 Item: 4 weapon_rocketlauncher
 11:17 Item: 2 weapon_rocketlauncher
 11:19 Kill: 1022 8 22: <world> killed Mal by MOD_TRIGGER_HURT
 11:19 Item: 2 weapon_rocketlauncher
 11:20 Item: 6 weapon_railgun
 11:22 Kill: 2 5 6: Isgalamido killed Oootsimo by MOD_ROCKET
 11:22 Item: 2 weapon_rocketlauncher
 11:23 Item: 6 weapon_railgun
 11:24 Item: 3 weapon_rocketlauncher
 11:25 Item: 2 item_health_large
 11:25 Item: 5 weapon_rocketlauncher
 11:28 Kill: 2 4 6: Isgalamido killed Zeh by MOD_ROCKET
 11:28 Item: 6 weapon_railgun
 11:29 Kill: 1022 5 22: <world> killed Oootsimo by MOD_TRIGGER_HURT
 11:30 Item: 2 weapon_railgun
 11:30 Item: 3 weapon_rocketlauncher
 11:32 Kill: 6 3 10: Chessus killed Dono da Bola by MOD_RAILGUN
 11:32 Item: 8 weapon_rocketlauncher
 11:33 Item: 4 item_armor_body
 11:34 Item: 6 weapon_railgun
 11:35 Item: 2 weapon_rocketlauncher
 11:35 Item: 3 weapon_rocketlauncher
 11:36 Item: 4 team_CTF_blueflag
 11:36 Item: 2 item_health_large
 11:37 Item: 5 team_CTF_redflag
 11:39 Item: 7 weapon_rocketlauncher
 11:39 Kill: 7 7 7: Assasinu Credi killed Assasinu Credi by MOD_ROCKET_SPLASH
 11:40 Kill: 2 5 6: Isgalamido killed Oootsimo by MOD_ROCKET
 11:40 Kill: 3 8 6: Dono da Bola killed Mal by MOD_ROCKET
 11:40 Item: 2 team_CTF_redflag
 11:40 Item: 2 weapon_rocketlauncher
 11:41 Item: 3 team_CTF_blueflag
 11:42 Kill: 4 3 3: Zeh killed Dono da Bola by MOD_MACHINEGUN
 11:42 Item: 7 weapon_rocketlauncher
 11:43 Item: 6 team_CTF_blueflag
 11:43 Item: 6 weapon_rocketlauncher
 11:43 Item: 8 weapon_railgun
 11:44 Item: 5 weapon_rocketlauncher
 11:44 Item: 2 item_health
 11:44 Item: 2 weapon_bfg
 11:45 Item: 4 weapon_rocketlauncher
 11:45 Item: 3 weapon_rocketlauncher
 11:46 Item: 6 item_health_large
 11:47 Item: 7 team_CTF_blueflag
 11:48 Item: 5 team_CTF_redflag
 11:48 Kill: 2 5 13: Isgalamido killed Oootsimo by MOD_BFG_SPLASH
 11:50 Item: 7 weapon_railgun
 11:50 Item: 2 weapon_rocketlauncher
 11:50 Kill: 6 7 6: Chessus killed Assasinu Credi by MOD_ROCKET
 11:50 Item: 2 team_CTF_redflag
 11:50 Item: 6 team_CTF_blueflag
 11:50 Item: 6 weapon_rocketlauncher
 11:51 Kill: 1022 3 22: <world> killed Dono da Bola by MOD_TRIGGER_HURT
 11:51 Kill: 4 2 7: Zeh killed Isgalamido by MOD_ROCKET_SPLASH
 11:53 Item: 7 ammo_rockets
 11:53 Item: 4 team_CTF_redflag
 11:53 Item: 7 ammo_bullets
 11:53 Item: 5 weapon_rocketlauncher
 11:53 Item: 4 weapon_rocketlauncher
 11:54 Item: 7 weapon_rocketlauncher
 11:54 Item: 3 weapon_railgun
 11:57 Item: 5 weapon_rocketlauncher
 11:58 Item: 2 weapon_railgun
 11:59 Item: 6 weapon_rocketlauncher
 11:59 Item: 4 team_CTF_blueflag
 11:59 Kill: 7 6 7: Assasinu Credi killed Chessus by MOD_ROCKET_SPLASH
 12:00 Item: 5 ammo_bullets
 12:00 Item: 5 ammo_rockets
 12:01 Kill: 1022 7 22: <world> killed Assasinu Credi by MOD_TRIGGER_HURT
 12:01 Kill: 1022 4 22: <world> killed Zeh by MOD_TRIGGER_HURT
 12:01 Item: 3 team_CTF_blueflag
 12:02 Item: 6 weapon_railgun
 12:02 Item: 2 weapon_rocketlauncher
 12:03 Kill: 5 3 7: Oootsimo killed Dono da Bola by MOD_ROCKET_SPLASH
 12:03 Item: 8 weapon_rocketlauncher
 12:04 Item: 5 weapon_railgun
 12:04 Item: 7 weapon_railgun
 12:04 Item: 5 team_CTF_blueflag
 12:05 Item: 6 weapon_railgun
 12:07 Item: 7 weapon_railgun
 12:07 Item: 3 weapon_rocketlauncher
 12:08 Item: 4 team_CTF_redflag
 12:09 Kill: 1022 8 22: <world> killed Mal by MOD_TRIGGER_HURT
 12:09 Item: 6 weapon_railgun
 12:10 Kill: 3 6 7: Dono da Bola killed Chessus by MOD_ROCKET_SPLASH
 12:11 Item: 4 weapon_rocketlauncher
 12:12 Item: 3 team_CTF_blueflag
 12:13 Kill: 3 3 7: Dono da Bola killed Dono da Bola by MOD_ROCKET_SPLASH
 12:14 Item: 6 weapon_railgun
 12:14 Kill: 1022 5 22: <world> killed Oootsimo by MOD_TRIGGER_HURT
 12:15 Kill: 1022 4 19: <world> killed Zeh by MOD_FALLING
 12:15 Item: 6 weapon_railgun
 12:15 Item: 2 weapon_railgun
 12:16 Item: 2 item_health_large
 12:17 Item: 7 weapon_rocketlauncher
 12:17 Item: 5 weapon_railgun
 12:18 Item: 8 weapon_rocketlauncher
 12:18 Item: 4 weapon_rocketlauncher
 12:21 Item: 8 team_CTF_blueflag
 12:21 Item: 2 weapon_railgun
 12:22 Kill: 4 2 6: Zeh killed Isgalamido by MOD_ROCKET
 12:23 Item: 4 team_CTF_redflag
 12:24 Item: 8 weapon_rocketlauncher
 12:25 Kill: 7 7 7: Assasinu Credi killed Assasinu Credi by MOD_ROCKET_SPLASH
 12:25 Item: 3 team_CTF_blueflag
 12:25 Item: 2 weapon_rocketlauncher
 12:28 Item: 3 weapon_rocketlauncher
 12:28 Kill: 4 3 6: Zeh killed Dono da Bola by MOD_ROCKET
 12:29 Kill: 8 8 7: Mal killed Mal by MOD_ROCKET_SPLASH
 12:29 Kill: 1022 4 19: <world> killed Zeh by MOD_FALLING
 12:29 Item: 7 weapon_rocketlauncher
 12:30 Item: 6 weapon_railgun
 12:31 Item: 5 weapon_rocketlauncher
 12:31 Item: 3 weapon_railgun
 12:32 Item: 2 weapon_bfg
 12:33 Item: 4 team_CTF_redflag
 12:33 Item: 4 weapon_rocketlauncher
 12:33 Item: 6 weapon_railgun
 12:34 Kill: 2 6 13: Isgalamido killed Chessus by MOD_BFG_SPLASH
 12:34 Item: 7 weapon_rocketlauncher
 12:35 Item: 8 weapon_railgun
 12:35 Item: 4 team_CTF_blueflag
 12:36 Kill: 3 4 10: Dono da Bola killed Zeh by MOD_RAILGUN
 12:36 Item: 7 weapon_railgun
 12:37 Item: 5 weapon_rocketlauncher
 12:38 Item: 6 weapon_railgun
 12:38 Item: 8 item_health_large
 12:39 Item: 2 team_CTF_blueflag
 12:39 Item: 7 weapon_railgun
 12:39 Item: 4 weapon_rocketlauncher
 12:39 Kill: 6 2 10: Chessus killed Isgalamido by MOD_RAILGUN
 12:40 Item: 6 weapon_rocketlauncher
 12:40 Item: 6 team_CTF_blueflag
 12:42 Item: 7 weapon_railgun
 12:42 Item: 4 ammo_rockets
 12:42 Item: 4 ammo_bullets
 12:43 Item: 3 team_CTF_blueflag
 12:43 Item: 6 ammo_rockets
 12:43 Item: 6 ammo_bullets
 12:44 Item: 4 team_CTF_redflag
 12:45 Item: 6 weapon_railgun
 12:45 Item: 3 weapon_rocketlauncher
 12:46 Kill: 5 3 6: Oootsimo killed Dono da Bola by MOD_ROCKET
 12:46 Kill: 1022 4 22: <world> killed Zeh by MOD_TRIGGER_HURT
 12:46 Item: 5 weapon_railgun
 12:46 Item: 5 team_CTF_blueflag
 12:47 Item: 2 weapon_rocketlauncher
 12:49 Item: 3 weapon_railgun
 12:51 Kill: 7 8 10: Assasinu Credi killed Mal by MOD_RAILGUN
 12:51 Item: 3 item_armor_body
 12:52 Kill: 1022 2 22: <world> killed Isgalamido by MOD_TRIGGER_HURT
 12:54 Kill: 1022 6 22: <world> killed Chessus by MOD_TRIGGER_HURT
 12:54 Item: 4 team_CTF_redflag
 12:55 Item: 2 weapon_railgun
 12:56 Item: 8 weapon_rocketlauncher
 12:57 Item: 3 team_CTF_blueflag
 12:57 Item: 4 weapon_rocketlauncher
 12:58 Kill: 3 5 10: Dono da Bola killed Oootsimo by MOD_RAILGUN
 12:58 Item: 3 weapon_rocketlauncher
 12:58 Item: 6 weapon_railgun
 13:00 Item: 3 weapon_rocketlauncher
 13:02 Item: 2 weapon_bfg
 13:03 Kill: 1022 7 22: <world> killed Assasinu Credi by MOD_TRIGGER_HURT
 13:06 Kill: 2 4 13: Isgalamido killed Zeh by MOD_BFG_SPLASH
 13:07 Item: 7 weapon_rocketlauncher
 13:07 Item: 2 weapon_rocketlauncher
 13:08 Item: 2 team_CTF_redflag
 13:08 Item: 6 weapon_railgun
 13:09 Kill: 3 5 6: Dono da Bola killed Oootsimo by MOD_ROCKET
 13:10 Kill: 1022 8 22: <world> killed Mal by MOD_TRIGGER_HURT
 13:10 Item: 6 weapon_rocketlauncher
 13:11 Kill: 2 6 13: Isgalamido killed Chessus by MOD_BFG_SPLASH
 13:11 Item: 4 weapon_rocketlauncher
 13:11 Item: 3 team_CTF_redflag
 13:12 Item: 3 item_health_large
 13:12 Item: 5 weapon_railgun
 13:13 Item: 3 weapon_railgun
 13:13 Kill: 1022 2 19: <world> killed Isgalamido by MOD_FALLING
 13:15 Item: 4 team_CTF_redflag
 13:16 Item: 5 weapon_rocketlauncher
 13:17 Item: 6 weapon_railgun
 13:17 Item: 3 item_health_large
 13:17 Item: 4 weapon_rocketlauncher
 13:20 Item: 4 team_CTF_blueflag
 13:20 Kill: 1022 6 22: <world> killed Chessus by MOD_TRIGGER_HURT
 13:21 Item: 3 team_CTF_blueflag
 13:21 Kill: 3 4 10: Dono da Bola killed Zeh by MOD_RAILGUN
 13:21 Item: 3 weapon_rocketlauncher
 13:21 Kill: 5 3 6: Oootsimo killed Dono da Bola by MOD_ROCKET
 13:23 Item: 5 weapon_railgun
 13:23 Item: 5 team_CTF_blueflag
 13:23 Kill: 1022 7 22: <world> killed Assasinu Credi by MOD_TRIGGER_HURT
 13:23 Item: 2 weapon_bfg
 13:23 Item: 8 weapon_rocketlauncher
 13:24 Item: 6 weapon_railgun
 13:26 Item: 3 weapon_rocketlauncher
 13:26 Item: 7 weapon_railgun
 13:28 Item: 8 weapon_rocketlauncher
 13:28 Item: 2 item_armor_body
 13:30 Item: 4 team_CTF_redflag
 13:30 Item: 3 team_CTF_blueflag
 13:30 Kill: 1022 2 22: <world> killed Isgalamido by MOD_TRIGGER_HURT
 13:31 Item: 6 weapon_railgun
 13:32 Item: 3 ammo_rockets
 13:32 Item: 3 ammo_bullets
 13:32 Kill: 8 7 6: Mal killed Assasinu Credi by MOD_ROCKET
 13:32 Kill: 8 8 7: Mal killed Mal by MOD_ROCKET_SPLASH
 13:33 Item: 3 weapon_rocketlauncher
 13:33 Item: 2 weapon_rocketlauncher
 13:34 Item: 2 ammo_bullets
 13:34 Item: 6 weapon_railgun
 13:34 Item: 4 ammo_rockets
 13:35 Item: 7 weapon_railgun
 13:36 Kill: 1022 3 19: <world> killed Dono da Bola by MOD_FALLING
 13:36 Item: 4 weapon_rocketlauncher
 13:38 Item: 5 weapon_rocketlauncher
 13:38 Kill: 2 4 3: Isgalamido killed Zeh by MOD_MACHINEGUN
 13:39 Item: 7 weapon_railgun
 13:39 Item: 3 weapon_rocketlauncher
 13:40 Item: 7 team_CTF_blueflag
 13:40 Item: 7 weapon_rocketlauncher
 13:41 Item: 6 weapon_railgun
 13:41 Item: 2 item_health
 13:41 Item: 2 weapon_bfg
 13:41 Item: 2 weapon_railgun
 13:41 Kill: 5 3 7: Oootsimo killed Dono da Bola by MOD_ROCKET_SPLASH
 13:43 Kill: 5 7 7: Oootsimo killed Assasinu Credi by MOD_ROCKET_SPLASH
 13:43 Item: 6 team_CTF_redflag
 13:43 Item: 4 weapon_rocketlauncher
 13:44 Item: 5 team_CTF_blueflag
 13:44 Item: 5 weapon_rocketlauncher
 13:44 Kill: 2 6 10: Isgalamido killed Chessus by MOD_RAILGUN
 13:44 Item: 3 weapon_rocketlauncher
 13:44 Item: 8 weapon_railgun
 13:45 Item: 2 weapon_railgun
 13:46 Item: 2 team_CTF_redflag
 13:47 Item: 5 weapon_rocketlauncher
 13:47 Item: 4 team_CTF_redflag
 13:48 Item: 6 weapon_railgun
 13:48 Item: 3 team_CTF_blueflag
 13:49 Kill: 8 2 10: Mal killed Isgalamido by MOD_RAILGUN
 13:52 Item: 6 weapon_railgun
 13:52 Item: 7 weapon_rocketlauncher
 13:52 Item: 5 item_health_large
 13:56 Item: 6 item_health_large
 13:56 Kill: 8 3 10: Mal killed Dono da Bola by MOD_RAILGUN
 13:57 Item: 2 weapon_bfg
 13:57 Item: 8 weapon_rocketlauncher
 13:57 Item: 8 weapon_rocketlauncher
 13:58 Item: 8 team_CTF_blueflag
 13:58 Kill: 4 7 6: Zeh killed Assasinu Credi by MOD_ROCKET
 13:58 Kill: 2 4 13: Isgalamido killed Zeh by MOD_BFG_SPLASH
 14:00 Item: 3 weapon_rocketlauncher
 14:00 Item: 7 weapon_railgun
 14:00 Item: 6 team_CTF_redflag
 14:01 Kill: 2 6 13: Isgalamido killed Chessus by MOD_BFG_SPLASH
 14:01 Item: 2 weapon_railgun
 14:01 Item: 2 weapon_rocketlauncher
 14:02 Item: 2 weapon_rocketlauncher
 14:02 Item: 2 team_CTF_redflag
 14:02 Kill: 8 8 7: Mal killed Mal by MOD_ROCKET_SPLASH
 14:03 Item: 4 weapon_rocketlauncher
 14:03 Item: 3 team_CTF_blueflag
 14:03 Item: 5 team_CTF_redflag
 14:04 Item: 6 weapon_rocketlauncher
 14:05 Kill: 1022 3 22: <world> killed Dono da Bola by MOD_TRIGGER_HURT
 14:06 Item: 5 weapon_rocketlauncher
 14:09 Item: 3 weapon_railgun
 14:10 Item: 5 team_CTF_blueflag
 14:10 Item: 3 item_health_large
 14:11 Item: 2 weapon_bfg
 14:11 Kill: 4 4 7: Zeh killed Zeh by MOD_ROCKET_SPLASH
 14:11 Kill: 4 7 7: Zeh killed Assasinu Credi by MOD_ROCKET_SPLASH
 14:11 Kill: 2 8 13: Isgalamido killed Mal by MOD_BFG_SPLASH
 14:11 Item: 3 item_armor_body
 14:12 Item: 6 team_CTF_redflag
 14:12 Item: 3 item_health_large
 14:13 Item: 5 ammo_rockets
 14:14 Item: 5 ammo_bullets
 14:14 Item: 6 weapon_railgun
 14:14 Item: 7 weapon_rocketlauncher
 14:15 Kill: 2 6 12: Isgalamido killed Chessus by MOD_BFG
 14:15 Item: 2 weapon_railgun
 14:16 Item: 4 weapon_rocketlauncher
 14:17 Kill: 1022 3 22: <world> killed Dono da Bola by MOD_TRIGGER_HURT
 14:17 Item: 6 weapon_railgun
 14:18 Item: 7 team_CTF_redflag
 14:19 Item: 4 ammo_bullets
 14:19 Kill: 6 2 10: Chessus killed Isgalamido by MOD_RAILGUN
 14:20 Kill: 4 7 7: Zeh killed Assasinu Credi by MOD_ROCKET_SPLASH
 14:20 Item: 5 weapon_rocketlauncher
 14:20 Item: 3 ammo_rockets
 14:20 Item: 4 weapon_rocketlauncher
 14:21 Item: 2 weapon_railgun
 14:22 Item: 3 weapon_railgun
 14:22 Item: 6 weapon_railgun
 14:23 Item: 7 weapon_rocketlauncher
 14:26 Kill: 6 3 10: Chessus killed Dono da Bola by MOD_RAILGUN
 14:26 Item: 7 weapon_rocketlauncher
 14:26 Item: 5 weapon_rocketlauncher
 14:27 Item: 2 weapon_railgun
 14:30 Kill: 5 7 6: Oootsimo killed Assasinu Credi by MOD_ROCKET
 14:30 Item: 2 weapon_bfg
 14:30 Item: 4 weapon_railgun
 14:31 Item: 5 weapon_rocketlauncher
 14:31 Kill: 2 4 13: Isgalamido killed Zeh by MOD_BFG_SPLASH
 14:32 Item: 3 team_CTF_blueflag
 14:34 Item: 7 weapon_railgun
 14:35 Kill: 5 3 7: Oootsimo killed Dono da Bola by MOD_ROCKET_SPLASH
 14:35 Item: 4 weapon_rocketlauncher
 14:35 Item: 8 team_CTF_blueflag
 14:36 Kill: 2 6 12: Isgalamido killed Chessus by MOD_BFG
 14:37 Item: 8 weapon_railgun
 14:38 Item: 3 weapon_railgun
 14:38 Kill: 5 2 7: Oootsimo killed Isgalamido by MOD_ROCKET_SPLASH
 14:39 Item: 4 weapon_bfg
 14:40 Item: 8 item_health_large
 14:41 Item: 3 item_armor_body
 14:41 Item: 6 weapon_railgun
 14:41 Item: 5 item_health_large
 14:42 Item: 5 team_CTF_redflag
 14:44 Kill: 2 5 3: Isgalamido killed Oootsimo by MOD_MACHINEGUN
 14:44 Item: 2 team_CTF_redflag
 14:44 Item: 2 weapon_rocketlauncher
 14:44 Kill: 4 2 12: Zeh killed Isgalamido by MOD_BFG
 14:45 Kill: 4 7 12: Zeh killed Assasinu Credi by MOD_BFG
 14:45 Item: 3 team_CTF_blueflag
 14:45 Item: 4 weapon_railgun
 14:46 Kill: 3 8 10: Dono da Bola killed Mal by MOD_RAILGUN
 14:46 Item: 4 team_CTF_redflag
 14:47 Item: 2 weapon_railgun
 14:47 Item: 3 weapon_rocketlauncher
 14:47 Item: 7 weapon_railgun
 14:49 Item: 4 weapon_rocketlauncher
 14:52 Kill: 5 3 3: Oootsimo killed Dono da Bola by MOD_MACHINEGUN
 14:53 Item: 5 team_CTF_blueflag
 14:53 Item: 5 weapon_rocketlauncher
 14:53 Item: 2 weapon_bfg
 14:54 Kill: 1022 7 22: <world> killed Assasinu Credi by MOD_TRIGGER_HURT
 14:54 Item: 4 team_CTF_blueflag
 14:54 Item: 5 team_CTF_redflag
 14:55 Item: 6 weapon_railgun
 14:56 Item: 4 ammo_rockets
 14:56 Item: 4 ammo_bullets
 14:57 Kill: 2 6 13: Isgalamido killed Chessus by MOD_BFG_SPLASH
 14:57 Item: 2 weapon_railgun
 14:57 Item: 8 weapon_railgun
 14:57 Item: 5 weapon_rocketlauncher
 14:57 Item: 4 weapon_rocketlauncher
 14:59 Kill: 2 8 12: Isgalamido killed Mal by MOD_BFG
 14:59 Item: 6 weapon_railgun
 15:00 Item: 2 team_CTF_blueflag
 15:00 Item: 3 weapon_railgun
 15:01 Kill: 5 3 6: Oootsimo killed Dono da Bola by MOD_ROCKET
 15:01 Kill: 1022 5 22: <world> killed Oootsimo by MOD_TRIGGER_HURT
 15:01 Kill: 1022 4 22: <world> killed Zeh by MOD_TRIGGER_HURT
 15:02 Item: 8 weapon_railgun
 15:03 Item: 7 weapon_railgun
 15:04 Item: 3 weapon_railgun
 15:04 Item: 6 weapon_rocketlauncher
 15:04 Item: 2 item_health_large
 15:06 Item: 2 item_health_large
 15:06 Item: 6 weapon_railgun
 15:07 Item: 4 team_CTF_redflag
 15:07 Kill: 1022 8 22: <world> killed Mal by MOD_TRIGGER_HURT
 15:08 Item: 3 item_armor_body
 15:09 Item: 4 ammo_rockets
 15:09 Item: 4 ammo_bullets
 15:10 Item: 7 weapon_rocketlauncher
 15:10 Item: 4 weapon_rocketlauncher
 15:11 Kill: 7 5 7: Assasinu Credi killed Oootsimo by MOD_ROCKET_SPLASH
 15:13 Kill: 1022 6 22: <world> killed Chessus by MOD_TRIGGER_HURT
 15:13 Kill: 7 4 7: Assasinu Credi killed Zeh by MOD_ROCKET_SPLASH
 15:13 Item: 8 team_CTF_redflag
 15:13 Item: 8 weapon_rocketlauncher
 15:13 Kill: 3 8 10: Dono da Bola killed Mal by MOD_RAILGUN
 15:14 Item: 5 weapon_railgun
 15:15 Item: 3 team_CTF_redflag
 15:16 Item: 5 weapon_rocketlauncher
 15:16 Item: 2 team_CTF_redflag
 15:17 Kill: 7 7 7: Assasinu Credi killed Assasinu Credi by MOD_ROCKET_SPLASH
 15:18 Item: 4 weapon_rocketlauncher
 15:18 Item: 3 item_health_large
 15:19 Item: 3 team_CTF_blueflag
 15:20 Kill: 1022 4 22: <world> killed Zeh by MOD_TRIGGER_HURT
 15:20 Item: 6 weapon_railgun
 15:20 Kill: 2 6 10: Isgalamido killed Chessus by MOD_RAILGUN
 15:21 Kill: 5 3 6: Oootsimo killed Dono da Bola by MOD_ROCKET
 15:21 Item: 7 weapon_rocketlauncher
 15:22 Kill: 1022 8 22: <world> killed Mal by MOD_TRIGGER_HURT
 15:23 Item: 5 team_CTF_blueflag
 15:23 Item: 4 weapon_railgun
 15:24 Item: 5 weapon_rocketlauncher
 15:24 Item: 6 weapon_railgun
 15:26 Item: 5 weapon_railgun
 15:28 Item: 2 weapon_bfg
 15:28 Item: 3 team_CTF_blueflag
 15:30 Item: 8 team_CTF_redflag
 15:30 Item: 5 weapon_rocketlauncher
 15:31 Item: 4 item_health_large
 15:31 Kill: 7 8 6: Assasinu Credi killed Mal by MOD_ROCKET
 15:32 Kill: 6 3 10: Chessus killed Dono da Bola by MOD_RAILGUN
 15:32 Item: 7 team_CTF_redflag
 15:34 Kill: 2 4 13: Isgalamido killed Zeh by MOD_BFG_SPLASH
 15:35 Item: 3 weapon_railgun
 15:36 Item: 6 weapon_railgun
 15:37 Item: 8 weapon_rocketlauncher
 15:38 Item: 3 item_armor_body
 15:39 Item: 3 item_health_large
 15:40 Item: 2 weapon_rocketlauncher
 15:40 Item: 5 ammo_rockets
 15:41 Item: 5 ammo_bullets
 15:42 Kill: 2 8 6: Isgalamido killed Mal by MOD_ROCKET
 15:42 Item: 3 team_CTF_blueflag
 15:43 Kill: 7 7 7: Assasinu Credi killed Assasinu Credi by MOD_ROCKET_SPLASH
 15:43 Item: 4 weapon_rocketlauncher
 15:43 Item: 4 team_CTF_redflag
 15:44 Kill: 2 4 7: Isgalamido killed Zeh by MOD_ROCKET_SPLASH
 15:45 Kill: 1022 3 22: <world> killed Dono da Bola by MOD_TRIGGER_HURT
 15:45 Item: 2 team_CTF_redflag
 15:45 Item: 5 weapon_rocketlauncher
 15:45 Item: 2 weapon_rocketlauncher
 15:46 Item: 7 weapon_rocketlauncher
 15:49 Item: 8 weapon_railgun
 15:51 Kill: 2 5 6: Isgalamido killed Oootsimo by MOD_ROCKET
 15:53 Kill: 1022 3 22: <world> killed Dono da Bola by MOD_TRIGGER_HURT
 15:53 Kill: 1022 4 22: <world> killed Zeh by MOD_TRIGGER_HURT
 15:54 Item: 8 weapon_rocketlauncher
 15:54 Item: 2 weapon_rocketlauncher
 15:54 Item: 6 weapon_rocketlauncher
 15:55 Item: 2 ammo_bullets
 15:55 Item: 2 ammo_rockets
 15:55 Item: 3 weapon_rocketlauncher
 15:56 Item: 3 weapon_railgun
 15:56 Item: 6 weapon_railgun
 15:57 Item: 4 weapon_rocketlauncher
 15:57 Item: 6 item_health_large
 15:58 Kill: 1022 8 22: <world> killed Mal by MOD_TRIGGER_HURT
 16:00 Kill: 2 6 6: Isgalamido killed Chessus by MOD_ROCKET
 16:00 Item: 5 weapon_rocketlauncher
 16:00 Item: 4 weapon_railgun
 16:03 Item: 3 team_CTF_blueflag
 16:04 Item: 6 weapon_railgun
 16:04 Kill: 5 3 7: Oootsimo killed Dono da Bola by MOD_ROCKET_SPLASH
 16:05 Kill: 7 4 6: Assasinu Credi killed Zeh by MOD_ROCKET
 16:05 Item: 6 weapon_railgun
 16:05 Item: 5 team_CTF_blueflag
 16:05 Item: 5 weapon_railgun
 16:06 Item: 2 weapon_railgun
 16:07 Item: 7 item_health_large
 16:07 Item: 3 weapon_rocketlauncher
 16:08 Item: 4 weapon_rocketlauncher
 16:09 Item: 8 item_armor_body
 16:10 Item: 2 weapon_railgun
 16:11 Item: 6 weapon_railgun
 16:11 Kill: 1022 8 22: <world> killed Mal by MOD_TRIGGER_HURT
 16:11 Item: 3 team_CTF_blueflag
 16:12 Kill: 4 2 6: Zeh killed Isgalamido by MOD_ROCKET
 16:14 Item: 3 weapon_rocketlauncher
 16:15 Kill: 7 4 7: Assasinu Credi killed Zeh by MOD_ROCKET_SPLASH
 16:15 Item: 2 weapon_railgun
 16:15 Item: 7 weapon_rocketlauncher
 16:15 Item: 6 weapon_railgun
 16:17 Kill: 1022 3 19: <world> killed Dono da Bola by MOD_FALLING
 16:18 Item: 2 weapon_rocketlauncher
 16:18 Item: 4 weapon_rocketlauncher
 16:18 Item: 7 weapon_rocketlauncher
 16:19 Item: 7 team_CTF_blueflag
 16:19 Kill: 6 7 10: Chessus killed Assasinu Credi by MOD_RAILGUN
 16:19 Item: 5 team_CTF_redflag
 16:19 Item: 5 weapon_rocketlauncher
 16:20 Item: 5 team_CTF_blueflag
 16:20 Kill: 1022 8 22: <world> killed Mal by MOD_TRIGGER_HURT
 16:22 Kill: 6 2 10: Chessus killed Isgalamido by MOD_RAILGUN
 16:23 Item: 5 weapon_rocketlauncher
 16:23 Item: 8 weapon_rocketlauncher
 16:24 Item: 4 weapon_rocketlauncher
 16:25 Kill: 4 7 6: Zeh killed Assasinu Credi by MOD_ROCKET
 16:25 ClientDisconnect: 2
 16:27 Item: 5 team_CTF_blueflag
 16:27 Item: 6 weapon_railgun
 16:28 Item: 3 team_CTF_blueflag
 16:28 Item: 7 weapon_railgun
 16:29 Item: 4 weapon_rocketlauncher
 16:29 Item: 8 team_CTF_redflag
 16:29 Kill: 6 3 10: Chessus killed Dono da Bola by MOD_RAILGUN
 16:30 Item: 6 team_CTF_blueflag
 16:32 ClientDisconnect: 3
 16:32 Item: 7 weapon_rocketlauncher
 16:33 Item: 5 ammo_bullets
 16:33 Item: 5 ammo_rockets
 16:35 Item: 8 team_CTF_blueflag
 16:35 Kill: 7 8 6: Assasinu Credi killed Mal by MOD_ROCKET
 16:36 Item: 4 team_CTF_redflag
 16:37 Kill: 1022 7 22: <world> killed Assasinu Credi by MOD_TRIGGER_HURT
 16:38 Item: 4 ammo_rockets
 16:38 Item: 4 ammo_bullets
 16:38 Item: 4 weapon_rocketlauncher
 16:40 Item: 6 weapon_railgun
 16:40 Item: 7 weapon_railgun
 16:41 Item: 4 team_CTF_blueflag
 16:41 Exit: Capturelimit hit.
 16:41 red:2  blue:8
 16:41 score: 47  ping: 5  client: 5 Oootsimo
 16:41 score: 37  ping: 1  client: 4 Zeh
 16:41 score: 31  ping: 0  client: 6 Chessus
 16:41 score: 10  ping: 3  client: 7 Assasinu Credi
 16:41 score: 4  ping: 6  client: 8 Mal
 16:46 ClientDisconnect: 8
 16:51 ClientDisconnect: 6
 16:53 ClientDisconnect: 5
 16:53 ShutdownGame:
 16:53 ------------------------------------------------------------
 16:53 ------------------------------------------------------------
 16:53 InitGame: \capturelimit\8\g_maxGameClients\0\timelimit\15\fraglimit\20\dmflags\0\bot_minplayers\0\sv_allowDownload\0\sv_maxclients\16\sv_privateClients\2\g_gametype\4\sv_hostname\Code Miner Server\sv_minRate\0\sv_maxRate\10000\sv_minPing\0\sv_maxPing\0\sv_floodProtect\1\version\ioq3 1.36 linux-x86_64 Apr 12 2009\protocol\68\mapname\Q3TOURNEY6_CTF\gamename\baseq3\g_needpass\0
 16:53 ClientConnect: 4
 16:53 ClientUserinfoChanged: 4 n\Zeh\t\2\model\sarge/default\hmodel\sarge/default\g_redteam\\g_blueteam\\c1\1\c2\5\hc\100\w\0\l\0\tt\0\tl\1
 16:53 ClientBegin: 4
 16:53 ClientConnect: 7
 16:53 ClientUserinfoChanged: 7 n\Assasinu Credi\t\1\model\james\hmodel\*james\g_redteam\\g_blueteam\\c1\4\c2\5\hc\100\w\0\l\0\tt\0\tl\0
 16:53 ClientBegin: 7
 16:56 Item: 4 weapon_railgun
 16:58 Item: 4 item_armor_body
 17:06 Item: 4 weapon_railgun
 17:16 Kill: 1022 4 22: <world> killed Zeh by MOD_TRIGGER_HURT
 17:19 Item: 4 weapon_railgun
 17:25 Item: 4 team_CTF_redflag
 17:28 Kill: 1022 4 22: <world> killed Zeh by MOD_TRIGGER_HURT
 17:31 Item: 4 ammo_rockets
 17:31 Item: 4 ammo_bullets
 17:32 Item: 4 weapon_rocketlauncher
 17:35 ClientDisconnect: 7
 17:35 Item: 4 team_CTF_redflag
 17:37 Item: 4 ammo_rockets
 17:37 Item: 4 ammo_bullets
 17:38 Item: 4 weapon_rocketlauncher
 17:41 Item: 4 team_CTF_blueflag
 17:43 Item: 4 weapon_rocketlauncher
 17:48 Kill: 1022 4 22: <world> killed Zeh by MOD_TRIGGER_HURT
 17:50 ClientDisconnect: 4
 31:53 Exit: Timelimit hit.
 31:53 red:0  blue:1
981:06 ClientConnect: 2
981:06 ClientUserinfoChanged: 2 n\Dono da Bola\t\3\model\sarge/krusade\hmodel\sarge/krusade\g_redteam\\g_blueteam\\c1\5\c2\5\hc\95\w\0\l\0\tt\0\tl\0
981:08 ClientUserinfoChanged: 2 n\Dono da Bola\t\3\model\sarge\hmodel\sarge\g_redteam\\g_blueteam\\c1\4\c2\5\hc\95\w\0\l\0\tt\0\tl\0
981:08 ClientBegin: 2
981:11 ClientConnect: 3
981:11 ClientUserinfoChanged: 3 n\Fasano Again\t\3\model\razor/id\hmodel\razor/id\g_redteam\\g_blueteam\\c1\3\c2\5\hc\100\w\0\l\0\tt\0\tl\0
981:13 ClientConnect: 4
981:13 ClientUserinfoChanged: 4 n\Isgalamido\t\3\model\xian/default\hmodel\xian/default\g_redteam\\g_blueteam\\c1\4\c2\5\hc\100\w\0\l\0\tt\0\tl\0
981:14 ClientUserinfoChanged: 3 n\Oootsimo\t\3\model\razor/id\hmodel\razor/id\g_redteam\\g_blueteam\\c1\3\c2\5\hc\100\w\0\l\0\tt\0\tl\0
981:14 ClientBegin: 3
981:17 ClientUserinfoChanged: 4 n\Isgalamido\t\3\model\uriel/zael\hmodel\uriel/zael\g_redteam\\g_blueteam\\c1\5\c2\5\hc\100\w\0\l\0\tt\0\tl\0
981:17 ClientBegin: 4
981:19 ClientConnect: 5
981:19 ClientUserinfoChanged: 5 n\Assasinu Credi\t\3\model\james\hmodel\*james\g_redteam\\g_blueteam\\c1\4\c2\5\hc\95\w\0\l\0\tt\0\tl\0
981:21 say: Oootsimo: team red
981:22 ClientUserinfoChanged: 5 n\Assasinu Credi\t\3\model\james\hmodel\*james\g_redteam\\g_blueteam\\c1\4\c2\5\hc\100\w\0\l\0\tt\0\tl\0
981:22 ClientBegin: 5
981:26 say: Isgalamido: team blue
981:27 ShutdownGame:
981:27 ------------------------------------------------------------
981:27 ------------------------------------------------------------
981:27 InitGame: \capturelimit\8\g_maxGameClients\0\timelimit\15\fraglimit\20\dmflags\0\bot_minplayers\0\sv_allowDownload\0\sv_maxclients\16\sv_privateClients\2\g_gametype\4\sv_hostname\Code Miner Server\sv_minRate\0\sv_maxRate\10000\sv_minPing\0\sv_maxPing\0\sv_floodProtect\1\version\ioq3 1.36 linux-x86_64 Apr 12 2009\protocol\68\mapname\Q3TOURNEY6_CTF\gamename\baseq3\g_needpass\0
981:27 ClientConnect: 2
981:27 ClientUserinfoChanged: 2 n\Dono da Bola\t\3\model\sarge\hmodel\sarge\g_redteam\\g_blueteam\\c1\4\c2\5\hc\95\w\0\l\0\tt\0\tl\0
981:27 ClientBegin: 2
981:27 ClientConnect: 3
981:27 ClientUserinfoChanged: 3 n\Oootsimo\t\3\model\razor/id\hmodel\razor/id\g_redteam\\g_blueteam\\c1\3\c2\5\hc\100\w\0\l\0\tt\0\tl\0
981:27 ClientBegin: 3
981:27 ClientConnect: 4
981:27 ClientUserinfoChanged: 4 n\Isgalamido\t\3\model\uriel/zael\hmodel\uriel/zael\g_redteam\\g_blueteam\\c1\5\c2\5\hc\100\w\0\l\0\tt\0\tl\0
981:27 ClientBegin: 4
981:27 ClientConnect: 5
981:27 ClientUserinfoChanged: 5 n\Assasinu Credi\t\3\model\james\hmodel\*james\g_redteam\\g_blueteam\\c1\4\c2\5\hc\100\w\0\l\0\tt\0\tl\0
981:27 ClientBegin: 5
981:31 ClientUserinfoChanged: 4 n\Isgalamido\t\1\model\uriel/zael\hmodel\uriel/zael\g_redteam\\g_blueteam\\c1\5\c2\5\hc\100\w\0\l\0\tt\0\tl\1
981:31 ClientUserinfoChanged: 4 n\Isgalamido\t\1\model\uriel/zael\hmodel\uriel/zael\g_redteam\\g_blueteam\\c1\5\c2\5\hc\100\w\0\l\0\tt\0\tl\1
981:31 ClientBegin: 4
981:33 Item: 4 weapon_railgun
981:34 ClientUserinfoChanged: 3 n\Oootsimo\t\2\model\razor/id\hmodel\razor/id\g_redteam\\g_blueteam\\c1\3\c2\5\hc\100\w\0\l\0\tt\0\tl\1
981:34 ClientUserinfoChanged: 3 n\Oootsimo\t\2\model\razor/id\hmodel\razor/id\g_redteam\\g_blueteam\\c1\3\c2\5\hc\100\w\0\l\0\tt\0\tl\1
981:34 ClientBegin: 3
981:35 Item: 4 weapon_rocketlauncher
981:36 Item: 3 weapon_railgun
981:36 ClientConnect: 6
981:36 ClientUserinfoChanged: 6 n\Zeh\t\3\model\sarge/default\hmodel\sarge/default\g_redteam\\g_blueteam\\c1\5\c2\5\hc\100\w\0\l\0\tt\0\tl\0
981:39 ClientUserinfoChanged: 6 n\Zeh\t\3\model\sarge/default\hmodel\sarge/default\g_redteam\\g_blueteam\\c1\1\c2\5\hc\100\w\0\l\0\tt\0\tl\0
981:39 ClientBegin: 6
981:39 ShutdownGame:
981:39 ------------------------------------------------------------
  0:00 ------------------------------------------------------------
  0:00 InitGame: \capturelimit\8\g_maxGameClients\0\timelimit\15\fraglimit\20\dmflags\0\bot_minplayers\0\sv_allowDownload\0\sv_maxclients\16\sv_privateClients\2\g_gametype\4\sv_hostname\Code Miner Server\sv_minRate\0\sv_maxRate\10000\sv_minPing\0\sv_maxPing\0\sv_floodProtect\1\version\ioq3 1.36 linux-x86_64 Apr 12 2009\protocol\68\mapname\q3dm17\gamename\baseq3\g_needpass\0
  0:00 ClientConnect: 2
  0:00 ClientUserinfoChanged: 2 n\Dono da Bola\t\3\model\sarge\hmodel\sarge\g_redteam\\g_blueteam\\c1\4\c2\5\hc\95\w\0\l\0\tt\0\tl\0
  0:00 ClientConnect: 3
  0:00 ClientUserinfoChanged: 3 n\Oootsimo\t\2\model\razor/id\hmodel\razor/id\g_redteam\\g_blueteam\\c1\3\c2\5\hc\100\w\0\l\0\tt\0\tl\1
  0:00 ClientConnect: 4
  0:00 ClientUserinfoChanged: 4 n\Isgalamido\t\1\model\uriel/zael\hmodel\uriel/zael\g_redteam\\g_blueteam\\c1\5\c2\5\hc\100\w\0\l\0\tt\0\tl\1
  0:00 ClientConnect: 5
  0:00 ClientUserinfoChanged: 5 n\Assasinu Credi\t\3\model\james\hmodel\*james\g_redteam\\g_blueteam\\c1\4\c2\5\hc\100\w\0\l\0\tt\0\tl\0
  0:00 ClientConnect: 6
  0:00 ClientUserinfoChanged: 6 n\Zeh\t\3\model\sarge/default\hmodel\sarge/default\g_redteam\\g_blueteam\\c1\1\c2\5\hc\100\w\0\l\0\tt\0\tl\0
  0:03 ClientUserinfoChanged: 3 n\Oootsimo\t\2\model\razor/id\hmodel\razor/id\g_redteam\\g_blueteam\\c1\3\c2\5\hc\100\w\0\l\0\tt\0\tl\1
  0:03 ClientBegin: 3
  0:03 ClientUserinfoChanged: 5 n\Assasinu Credi\t\3\model\james\hmodel\*james\g_redteam\\g_blueteam\\c1\4\c2\5\hc\100\w\0\l\0\tt\0\tl\0
  0:03 ClientBegin: 5
  0:04 ClientUserinfoChanged: 4 n\Isgalamido\t\1\model\uriel/zael\hmodel\uriel/zael\g_redteam\\g_blueteam\\c1\5\c2\5\hc\100\w\0\l\0\tt\0\tl\1
  0:04 ClientBegin: 4
  0:04 ClientDisconnect: 4
  0:04 ClientUserinfoChanged: 2 n\Dono da Bola\t\3\model\sarge\hmodel\sarge\g_redteam\\g_blueteam\\c1\4\c2\5\hc\95\w\0\l\0\tt\0\tl\0
  0:04 ClientBegin: 2
  0:04 ClientUserinfoChanged: 6 n\Zeh\t\3\model\sarge/default\hmodel\sarge/default\g_redteam\\g_blueteam\\c1\1\c2\5\hc\100\w\0\l\0\tt\0\tl\0
  0:04 ClientBegin: 6
  0:05 Item: 3 weapon_rocketlauncher
  0:06 Item: 3 ammo_rockets
  0:07 ClientUserinfoChanged: 2 n\Dono da Bola\t\1\model\sarge\hmodel\sarge\g_redteam\\g_blueteam\\c1\4\c2\5\hc\95\w\0\l\0\tt\0\tl\1
  0:07 ClientUserinfoChanged: 2 n\Dono da Bola\t\1\model\sarge\hmodel\sarge\g_redteam\\g_blueteam\\c1\4\c2\5\hc\95\w\0\l\0\tt\0\tl\1
  0:07 ClientBegin: 2
  0:09 Item: 2 weapon_rocketlauncher
  0:09 ClientConnect: 4
  0:09 ClientUserinfoChanged: 4 n\Isgalamido\t\3\model\uriel/zael\hmodel\uriel/zael\g_redteam\\g_blueteam\\c1\5\c2\5\hc\100\w\0\l\0\tt\0\tl\0
  0:10 Item: 3 item_armor_shard
  0:10 Item: 3 item_armor_shard
  0:10 Item: 3 item_armor_shard
  0:10 Item: 3 item_armor_combat
  0:11 ClientUserinfoChanged: 4 n\Isgalamido\t\3\model\uriel/zael\hmodel\uriel/zael\g_redteam\\g_blueteam\\c1\5\c2\5\hc\100\w\0\l\0\tt\0\tl\0
  0:11 ClientUserinfoChanged: 4 n\Isgalamido\t\3\model\uriel/zael\hmodel\uriel/zael\g_redteam\\g_blueteam\\c1\5\c2\5\hc\100\w\0\l\0\tt\0\tl\0
  0:11 ClientBegin: 4
  0:13 ClientUserinfoChanged: 4 n\Isgalamido\t\1\model\uriel/zael\hmodel\uriel/zael\g_redteam\\g_blueteam\\c1\5\c2\5\hc\100\w\0\l\0\tt\0\tl\0
  0:13 ClientBegin: 4
  0:14 ClientUserinfoChanged: 6 n\Zeh\t\1\model\sarge/default\hmodel\sarge/default\g_redteam\\g_blueteam\\c1\1\c2\5\hc\100\w\0\l\0\tt\0\tl\0
  0:14 ClientBegin: 6
  0:15 Item: 6 weapon_rocketlauncher
  0:18 Item: 2 weapon_rocketlauncher
  0:18 Item: 2 ammo_rockets
  0:18 Item: 3 item_armor_shard
  0:19 Item: 3 item_armor_shard
  0:19 Item: 3 item_armor_shard
  0:21 Item: 3 weapon_rocketlauncher
  0:22 Item: 4 weapon_railgun
  0:24 ClientUserinfoChanged: 5 n\Assasinu Credi\t\2\model\james\hmodel\*james\g_redteam\\g_blueteam\\c1\4\c2\5\hc\100\w\0\l\0\tt\0\tl\0
  0:24 ClientBegin: 5
  0:24 Item: 3 item_health_large
  0:27 Item: 3 ammo_shells
  0:27 Kill: 1022 2 19: <world> killed Dono da Bola by MOD_FALLING
  0:27 Item: 6 weapon_railgun
  0:27 Item: 3 weapon_shotgun
  0:28 Item: 6 item_health
  0:32 Item: 4 weapon_rocketlauncher
  0:32 Kill: 1022 6 22: <world> killed Zeh by MOD_TRIGGER_HURT
  0:33 Item: 3 weapon_rocketlauncher
  0:33 Kill: 1022 5 22: <world> killed Assasinu Credi by MOD_TRIGGER_HURT
  0:35 Item: 6 weapon_rocketlauncher
  0:39 Item: 6 item_armor_shard
  0:39 Item: 6 item_armor_shard
  0:39 Item: 6 item_armor_shard
  0:42 Kill: 1022 3 22: <world> killed Oootsimo by MOD_TRIGGER_HURT
  0:44 Item: 5 weapon_rocketlauncher
  0:47 Item: 3 weapon_rocketlauncher
  0:47 ClientConnect: 7
  0:47 ClientUserinfoChanged: 7 n\UnnamedPlayer\t\3\model\james\hmodel\*james\g_redteam\\g_blueteam\\c1\4\c2\5\hc\100\w\0\l\0\tt\0\tl\0
  0:48 Item: 5 item_armor_body
  0:50 Kill: 1022 5 19: <world> killed Assasinu Credi by MOD_FALLING
  0:51 ClientUserinfoChanged: 7 n\Mal\t\3\model\james\hmodel\*james\g_redteam\\g_blueteam\\c1\4\c2\5\hc\100\w\0\l\0\tt\0\tl\0
  0:51 ClientBegin: 7
  0:52 Item: 6 item_armor_shard
  0:52 Item: 6 item_armor_shard
  0:52 Item: 6 item_armor_shard
  0:53 Item: 3 weapon_rocketlauncher
  0:54 Kill: 1022 2 22: <world> killed Dono da Bola by MOD_TRIGGER_HURT
  0:54 Item: 5 weapon_rocketlauncher
  0:54 Item: 6 weapon_shotgun
  0:55 Item: 5 ammo_rockets
  0:56 Item: 4 item_quad
  0:57 Item: 3 item_armor_combat
  1:01 Item: 6 item_health_large
  1:02 ClientUserinfoChanged: 7 n\Mal\t\2\model\james\hmodel\*james\g_redteam\\g_blueteam\\c1\4\c2\5\hc\100\w\0\l\0\tt\0\tl\0
  1:02 ClientBegin: 7
  1:05 Item: 7 weapon_rocketlauncher
  1:05 Item: 4 ammo_rockets
  1:05 Item: 6 weapon_rocketlauncher
  1:11 Kill: 1022 4 19: <world> killed Isgalamido by MOD_FALLING
  1:11 Item: 3 item_armor_shard
  1:11 Item: 3 item_armor_shard
  1:11 Item: 3 item_armor_shard
  1:12 Item: 5 item_quad
  1:14 Item: 6 item_armor_body
  1:14 Item: 7 weapon_rocketlauncher
  1:14 Item: 3 item_health_large
  1:17 Item: 6 weapon_railgun
  1:17 Item: 7 item_armor_shard
  1:18 Item: 7 item_armor_shard
  1:18 Item: 7 item_armor_shard
  1:18 Item: 4 ammo_slugs
  1:18 Item: 6 item_health
  1:22 Item: 7 weapon_rocketlauncher
  1:22 Item: 7 weapon_rocketlauncher
  1:22 Item: 4 weapon_railgun
  1:25 Item: 5 weapon_railgun
  1:25 Kill: 4 5 10: Isgalamido killed Assasinu Credi by MOD_RAILGUN
  1:26 Item: 3 weapon_rocketlauncher
  1:28 Kill: 6 3 10: Zeh killed Oootsimo by MOD_RAILGUN
  1:29 Item: 5 weapon_rocketlauncher
  1:32 Item: 3 weapon_rocketlauncher
  1:32 Item: 5 item_armor_combat
  1:35 Item: 6 weapon_rocketlauncher
  1:39 Item: 7 ammo_slugs
  1:42 Item: 7 item_quad
  1:42 Item: 7 weapon_railgun
  1:43 Item: 3 item_armor_shard
  1:43 Item: 3 item_armor_shard
  1:43 Item: 3 item_armor_shard
  1:44 Item: 4 weapon_rocketlauncher
  1:44 Kill: 3 6 7: Oootsimo killed Zeh by MOD_ROCKET_SPLASH
  1:45 Item: 3 weapon_rocketlauncher
  1:45 Kill: 1022 7 22: <world> killed Mal by MOD_TRIGGER_HURT
  1:48 Item: 6 weapon_rocketlauncher
  1:48 Item: 6 ammo_rockets
  1:50 Item: 3 item_health_large
  1:51 Item: 6 item_armor_body
  1:51 Kill: 1022 5 22: <world> killed Assasinu Credi by MOD_TRIGGER_HURT
  1:52 Kill: 3 3 7: Oootsimo killed Oootsimo by MOD_ROCKET_SPLASH
  1:53 Item: 7 weapon_rocketlauncher
  1:53 ShutdownGame:
  1:53 ------------------------------------------------------------
  0:00 ------------------------------------------------------------
  0:00 InitGame: \capturelimit\8\g_maxGameClients\0\timelimit\15\fraglimit\20\dmflags\0\bot_minplayers\0\sv_allowDownload\0\sv_maxclients\16\sv_privateClients\2\g_gametype\= 0\sv_hostname\Code Miner Server\sv_minRate\0\sv_maxRate\10000\sv_minPing\0\sv_maxPing\0\sv_floodProtect\1\version\ioq3 1.36 linux-x86_64 Apr 12 2009\protocol\68\mapname\q3dm17\gamename\baseq3\g_needpass\0
  0:00 ClientConnect: 2
  0:00 ClientUserinfoChanged: 2 n\Dono da Bola\t\0\model\sarge\hmodel\sarge\g_redteam\\g_blueteam\\c1\4\c2\5\hc\95\w\0\l\0\tt\0\tl\0
  0:00 ClientConnect: 3
  0:00 ClientUserinfoChanged: 3 n\Oootsimo\t\0\model\razor/id\hmodel\razor/id\g_redteam\\g_blueteam\\c1\3\c2\5\hc\100\w\0\l\0\tt\0\tl\0
  0:00 ClientConnect: 4
  0:00 ClientUserinfoChanged: 4 n\Isgalamido\t\0\model\uriel/zael\hmodel\uriel/zael\g_redteam\\g_blueteam\\c1\5\c2\5\hc\100\w\0\l\0\tt\0\tl\0
  0:00 ClientConnect: 5
  0:00 ClientUserinfoChanged: 5 n\Assasinu Credi\t\0\model\sarge\hmodel\sarge\g_redteam\\g_blueteam\\c1\4\c2\5\hc\100\w\0\l\0\tt\0\tl\0
  0:00 ClientConnect: 6
  0:00 ClientUserinfoChanged: 6 n\Zeh\t\0\model\sarge/default\hmodel\sarge/default\g_redteam\\g_blueteam\\c1\1\c2\5\hc\100\w\0\l\0\tt\0\tl\0
  0:00 ClientConnect: 7
  0:00 ClientUserinfoChanged: 7 n\Mal\t\0\model\sarge\hmodel\sarge\g_redteam\\g_blueteam\\c1\4\c2\5\hc\100\w\0\l\0\tt\0\tl\0
  0:03 ClientUserinfoChanged: 3 n\Oootsimo\t\0\model\razor/id\hmodel\razor/id\g_redteam\\g_blueteam\\c1\3\c2\5\hc\100\w\0\l\0\tt\0\tl\0
  0:03 ClientBegin: 3
  0:03 ClientUserinfoChanged: 7 n\Mal\t\0\model\sarge\hmodel\sarge\g_redteam\\g_blueteam\\c1\4\c2\5\hc\100\w\0\l\0\tt\0\tl\0
  0:03 ClientBegin: 7
  0:03 ClientUserinfoChanged: 5 n\Assasinu Credi\t\0\model\sarge\hmodel\sarge\g_redteam\\g_blueteam\\c1\4\c2\5\hc\100\w\0\l\0\tt\0\tl\0
  0:03 ClientBegin: 5
  0:04 ClientUserinfoChanged: 4 n\Isgalamido\t\0\model\uriel/zael\hmodel\uriel/zael\g_redteam\\g_blueteam\\c1\5\c2\5\hc\100\w\0\l\0\tt\0\tl\0
  0:04 ClientBegin: 4
  0:04 ClientDisconnect: 4
  0:04 ClientUserinfoChanged: 6 n\Zeh\t\0\model\sarge/default\hmodel\sarge/default\g_redteam\\g_blueteam\\c1\1\c2\5\hc\100\w\0\l\0\tt\0\tl\0
  0:04 ClientBegin: 6
  0:04 Item: 7 ammo_bullets
  0:04 ClientUserinfoChanged: 2 n\Dono da Bola\t\0\model\sarge\hmodel\sarge\g_redteam\\g_blueteam\\c1\4\c2\5\hc\95\w\0\l\0\tt\0\tl\0
  0:04 ClientBegin: 2
  0:04 ClientDisconnect: 2
  0:04 Item: 3 weapon_rocketlauncher
  0:05 Item: 6 ammo_rockets
  0:07 Item: 7 weapon_rocketlauncher
  0:07 Item: 6 item_armor_body
  0:09 Item: 6 weapon_rocketlauncher
  0:10 Kill: 6 5 7: Zeh killed Assasinu Credi by MOD_ROCKET_SPLASH
  0:10 Item: 7 weapon_rocketlauncher
  0:11 ClientConnect: 2
  0:11 ClientUserinfoChanged: 2 n\Isgalamido\t\0\model\uriel/zael\hmodel\uriel/zael\g_redteam\\g_blueteam\\c1\5\c2\5\hc\100\w\0\l\0\tt\0\tl\0
  0:12 ClientUserinfoChanged: 2 n\Isgalamido\t\0\model\uriel/zael\hmodel\uriel/zael\g_redteam\\g_blueteam\\c1\5\c2\5\hc\100\w\0\l\0\tt\0\tl\0
  0:12 ClientUserinfoChanged: 2 n\Isgalamido\t\0\model\uriel/zael\hmodel\uriel/zael\g_redteam\\g_blueteam\\c1\5\c2\5\hc\100\w\0\l\0\tt\0\tl\0
  0:12 ClientBegin: 2
  0:12 ClientConnect: 4
  0:12 ClientUserinfoChanged: 4 n\Dono da Bola\t\0\model\sarge\hmodel\sarge\g_redteam\\g_blueteam\\c1\4\c2\5\hc\95\w\0\l\0\tt\0\tl\0
  0:13 Item: 5 ammo_rockets
  0:13 Item: 6 ammo_bullets
  0:14 Item: 2 weapon_rocketlauncher
  0:14 Item: 5 weapon_rocketlauncher
  0:14 ClientUserinfoChanged: 4 n\Dono da Bola\t\0\model\sarge\hmodel\sarge\g_redteam\\g_blueteam\\c1\4\c2\5\hc\95\w\0\l\0\tt\0\tl\0
  0:14 ClientUserinfoChanged: 4 n\Dono da Bola\t\0\model\sarge\hmodel\sarge\g_redteam\\g_blueteam\\c1\4\c2\5\hc\95\w\0\l\0\tt\0\tl\0
  0:14 ClientBegin: 4
  0:15 Item: 3 item_health_large
  0:16 Kill: 6 2 7: Zeh killed Isgalamido by MOD_ROCKET_SPLASH
  0:16 Kill: 2 7 6: Isgalamido killed Mal by MOD_ROCKET
  0:17 Item: 4 weapon_rocketlauncher
  0:18 Item: 5 item_armor_shard
  0:18 Item: 5 item_armor_shard
  0:18 Item: 5 item_armor_shard
  0:18 Item: 5 item_armor_combat
  0:21 Item: 6 weapon_rocketlauncher
  0:23 Item: 2 weapon_rocketlauncher
  0:26 Kill: 5 3 7: Assasinu Credi killed Oootsimo by MOD_ROCKET_SPLASH
  0:27 Kill: 1022 4 19: <world> killed Dono da Bola by MOD_FALLING
  0:28 Kill: 1022 7 22: <world> killed Mal by MOD_TRIGGER_HURT
  0:31 Item: 7 weapon_rocketlauncher
  0:31 Kill: 5 6 7: Assasinu Credi killed Zeh by MOD_ROCKET_SPLASH
  0:32 Item: 5 weapon_rocketlauncher
  0:35 ShutdownGame:
  0:35 ------------------------------------------------------------
  0:35 ------------------------------------------------------------
  0:35 InitGame: \capturelimit\8\g_maxGameClients\0\timelimit\15\fraglimit\20\dmflags\0\bot_minplayers\0\sv_allowDownload\0\sv_maxclients\16\sv_privateClients\2\g_gametype\= 0\sv_hostname\Code Miner Server\sv_minRate\0\sv_maxRate\10000\sv_minPing\0\sv_maxPing\0\sv_floodProtect\1\version\ioq3 1.36 linux-x86_64 Apr 12 2009\protocol\68\mapname\q3dm17\gamename\baseq3\g_needpass\0
  0:35 ClientConnect: 2
  0:35 ClientUserinfoChanged: 2 n\Isgalamido\t\0\model\uriel/zael\hmodel\uriel/zael\g_redteam\\g_blueteam\\c1\5\c2\5\hc\100\w\0\l\0\tt\0\tl\0
  0:35 ClientBegin: 2
  0:35 ClientConnect: 3
  0:35 ClientUserinfoChanged: 3 n\Oootsimo\t\0\model\razor/id\hmodel\razor/id\g_redteam\\g_blueteam\\c1\3\c2\5\hc\100\w\0\l\0\tt\0\tl\0
  0:35 ClientBegin: 3
  0:35 ClientConnect: 4
  0:35 ClientUserinfoChanged: 4 n\Dono da Bola\t\0\model\sarge\hmodel\sarge\g_redteam\\g_blueteam\\c1\4\c2\5\hc\95\w\0\l\0\tt\0\tl\0
  0:35 ClientBegin: 4
  0:35 ClientConnect: 5
  0:35 ClientUserinfoChanged: 5 n\Assasinu Credi\t\0\model\sarge\hmodel\sarge\g_redteam\\g_blueteam\\c1\4\c2\5\hc\100\w\0\l\0\tt\0\tl\0
  0:35 ClientBegin: 5
  0:35 ClientConnect: 6
  0:35 ClientUserinfoChanged: 6 n\Zeh\t\0\model\sarge/default\hmodel\sarge/default\g_redteam\\g_blueteam\\c1\1\c2\5\hc\100\w\0\l\0\tt\0\tl\0
  0:35 ClientBegin: 6
  0:35 ClientConnect: 7
  0:35 ClientUserinfoChanged: 7 n\Mal\t\0\model\sarge\hmodel\sarge\g_redteam\\g_blueteam\\c1\4\c2\5\hc\100\w\0\l\0\tt\0\tl\0
  0:35 ClientBegin: 7
  0:37 Item: 6 weapon_rocketlauncher
  0:37 Item: 2 weapon_rocketlauncher
  0:38 Item: 6 ammo_rockets
  0:38 Item: 2 ammo_rockets
  0:38 Item: 3 weapon_shotgun
  0:39 Item: 3 ammo_shells
  0:42 Item: 3 weapon_rocketlauncher
  0:43 Item: 5 item_armor_shard
  0:46 Item: 4 weapon_rocketlauncher
  0:46 Item: 7 item_armor_shard
  0:46 Item: 7 item_armor_shard
  0:46 Item: 7 item_armor_combat
  0:47 Item: 5 item_health_large
  0:49 Item: 7 weapon_shotgun
  0:51 Item: 5 item_armor_body
  0:51 Item: 6 item_health_large
  0:52 Kill: 1022 7 22: <world> killed Mal by MOD_TRIGGER_HURT
  0:53 Item: 2 weapon_rocketlauncher
  0:54 Kill: 6 4 6: Zeh killed Dono da Bola by MOD_ROCKET
  0:54 Item: 6 weapon_rocketlauncher
  0:54 Kill: 2 5 6: Isgalamido killed Assasinu Credi by MOD_ROCKET
  0:55 Kill: 3 6 7: Oootsimo killed Zeh by MOD_ROCKET_SPLASH
  0:58 Item: 6 weapon_rocketlauncher
  0:58 Item: 5 weapon_rocketlauncher
  0:58 Item: 5 weapon_rocketlauncher
  1:01 Item: 3 item_armor_shard
  1:01 Item: 3 item_armor_shard
  1:01 Item: 3 item_armor_shard
  1:01 Item: 2 weapon_railgun
  1:02 Kill: 3 6 1: Oootsimo killed Zeh by MOD_SHOTGUN
  1:03 Kill: 1022 4 22: <world> killed Dono da Bola by MOD_TRIGGER_HURT
  1:06 Item: 6 weapon_rocketlauncher
  1:09 Item: 3 item_health_large
  1:09 Item: 7 weapon_rocketlauncher
  1:10 Kill: 3 7 1: Oootsimo killed Mal by MOD_SHOTGUN
  1:11 Item: 3 weapon_rocketlauncher
  1:12 Item: 4 item_quad
  1:13 Kill: 2 3 10: Isgalamido killed Oootsimo by MOD_RAILGUN
  1:13 Item: 5 item_armor_shard
  1:13 Item: 5 item_armor_shard
  1:13 Item: 5 item_armor_shard
  1:15 Kill: 4 2 3: Dono da Bola killed Isgalamido by MOD_MACHINEGUN
  1:15 Item: 3 weapon_rocketlauncher
  1:15 Kill: 5 6 7: Assasinu Credi killed Zeh by MOD_ROCKET_SPLASH
  1:16 Kill: 1022 5 22: <world> killed Assasinu Credi by MOD_TRIGGER_HURT
  1:17 Item: 7 ammo_slugs
  1:17 Item: 4 weapon_railgun
  1:18 Item: 2 weapon_rocketlauncher
  1:18 Item: 2 ammo_rockets
  1:18 Item: 4 item_health
  1:20 Item: 5 weapon_rocketlauncher
  1:20 Item: 2 item_armor_body
  1:20 Item: 5 ammo_rockets
  1:21 Item: 6 ammo_bullets
  1:22 Item: 5 item_health_large
  1:22 Kill: 1022 7 22: <world> killed Mal by MOD_TRIGGER_HURT
  1:24 Kill: 4 6 10: Dono da Bola killed Zeh by MOD_RAILGUN
  1:26 Item: 7 weapon_rocketlauncher
  1:26 Item: 3 item_armor_shard
  1:26 Item: 3 item_armor_shard
  1:26 Item: 3 item_armor_shard
  1:26 Item: 3 item_armor_combat
  1:27 Item: 7 weapon_rocketlauncher
  1:28 Item: 6 weapon_rocketlauncher
  1:29 Kill: 1022 2 22: <world> killed Isgalamido by MOD_TRIGGER_HURT
  1:35 Item: 3 weapon_rocketlauncher
  1:36 Kill: 7 5 6: Mal killed Assasinu Credi by MOD_ROCKET
  1:38 Item: 3 weapon_rocketlauncher
  1:39 Kill: 4 3 10: Dono da Bola killed Oootsimo by MOD_RAILGUN
  1:40 Kill: 6 4 7: Zeh killed Dono da Bola by MOD_ROCKET_SPLASH
  1:40 Item: 5 weapon_rocketlauncher
  1:43 Item: 7 item_armor_shard
  1:43 Item: 7 item_armor_shard
  1:43 Item: 7 item_armor_shard
  1:43 Item: 6 item_quad
  1:43 Item: 4 weapon_rocketlauncher
  1:45 Item: 7 ammo_shells
  1:46 Item: 6 weapon_rocketlauncher
  1:46 Item: 3 weapon_rocketlauncher
  1:49 Item: 2 weapon_railgun
  1:50 Item: 3 weapon_shotgun
  1:50 Item: 5 item_armor_body
  1:50 Kill: 2 6 10: Isgalamido killed Zeh by MOD_RAILGUN
  1:52 Kill: 4 3 7: Dono da Bola killed Oootsimo by MOD_ROCKET_SPLASH
  1:52 Item: 2 weapon_railgun
  1:53 Item: 6 weapon_rocketlauncher
  1:54 Kill: 2 7 10: Isgalamido killed Mal by MOD_RAILGUN
  1:57 Item: 3 weapon_rocketlauncher
  1:57 Item: 4 item_health_large
  1:59 Item: 6 weapon_rocketlauncher
  2:01 Item: 3 weapon_rocketlauncher
  2:01 Item: 4 item_armor_shard
  2:02 Item: 4 item_armor_shard
  2:02 Item: 4 item_armor_shard
  2:02 Item: 4 item_armor_combat
  2:03 Kill: 7 4 3: Mal killed Dono da Bola by MOD_MACHINEGUN
  2:03 Item: 3 ammo_bullets
  2:06 Item: 2 item_quad
  2:06 Item: 7 weapon_shotgun
  2:07 Item: 7 item_health_large
  2:08 Item: 4 ammo_rockets
  2:08 Item: 3 item_armor_shard
  2:08 Item: 4 weapon_rocketlauncher
  2:10 Kill: 3 7 6: Oootsimo killed Mal by MOD_ROCKET
  2:11 Kill: 6 2 7: Zeh killed Isgalamido by MOD_ROCKET_SPLASH
  2:11 Item: 5 weapon_rocketlauncher
  2:12 Item: 6 item_quad
  2:12 Kill: 4 5 6: Dono da Bola killed Assasinu Credi by MOD_ROCKET
  2:12 Item: 3 weapon_shotgun
  2:14 Kill: 6 3 7: Zeh killed Oootsimo by MOD_ROCKET_SPLASH
  2:16 Item: 6 item_armor_body
  2:17 Item: 2 weapon_rocketlauncher
  2:18 Kill: 6 2 7: Zeh killed Isgalamido by MOD_ROCKET_SPLASH
  2:18 Item: 3 weapon_rocketlauncher
  2:18 Item: 3 ammo_rockets
  2:20 Item: 7 weapon_shotgun
  2:21 Item: 2 weapon_rocketlauncher
  2:23 Item: 4 weapon_rocketlauncher
  2:23 Kill: 6 2 3: Zeh killed Isgalamido by MOD_MACHINEGUN
  2:23 Item: 3 item_armor_shard
  2:23 Item: 3 item_armor_shard
  2:24 Item: 4 weapon_railgun
  2:24 Item: 6 weapon_rocketlauncher
  2:27 Item: 3 weapon_rocketlauncher
  2:27 Item: 5 weapon_rocketlauncher
  2:29 Kill: 4 6 10: Dono da Bola killed Zeh by MOD_RAILGUN
  2:31 Item: 2 weapon_rocketlauncher
  2:33 Item: 5 item_armor_combat
  2:33 Item: 3 item_armor_shard
  2:33 Item: 3 item_armor_shard
  2:33 Item: 3 item_armor_shard
  2:33 Item: 2 item_quad
  2:35 Item: 6 weapon_rocketlauncher
  2:35 Kill: 7 4 3: Mal killed Dono da Bola by MOD_MACHINEGUN
  2:37 Item: 7 weapon_railgun
  2:37 Item: 5 item_health_large
  2:39 Item: 4 weapon_rocketlauncher
  2:39 Item: 3 item_armor_shard
  2:42 Item: 7 weapon_rocketlauncher
  2:43 Kill: 5 3 6: Assasinu Credi killed Oootsimo by MOD_ROCKET
  2:43 Item: 5 weapon_rocketlauncher
  2:44 Kill: 2 6 7: Isgalamido killed Zeh by MOD_ROCKET_SPLASH
  2:45 Item: 3 weapon_rocketlauncher
  2:46 Kill: 4 5 6: Dono da Bola killed Assasinu Credi by MOD_ROCKET
  2:46 Kill: 4 4 7: Dono da Bola killed Dono da Bola by MOD_ROCKET_SPLASH
  2:49 Item: 6 weapon_rocketlauncher
  2:49 Item: 6 ammo_rockets
  2:49 Item: 4 weapon_rocketlauncher
  2:50 Item: 5 item_armor_body
  2:51 Item: 2 item_quad
  2:52 Item: 7 weapon_rocketlauncher
  2:53 Kill: 6 5 6: Zeh killed Assasinu Credi by MOD_ROCKET
  2:57 Item: 5 weapon_rocketlauncher
  2:57 Item: 2 weapon_railgun
  2:57 Item: 4 item_armor_shard
  2:57 Item: 4 item_armor_shard
  2:58 Kill: 2 6 10: Isgalamido killed Zeh by MOD_RAILGUN
  2:58 Item: 7 ammo_shells
  2:58 Kill: 4 3 6: Dono da Bola killed Oootsimo by MOD_ROCKET
  2:59 Item: 4 item_armor_shard
  2:59 Item: 4 item_armor_shard
  2:59 Item: 4 item_armor_shard
  2:59 Item: 7 weapon_rocketlauncher
  3:00 Item: 2 weapon_railgun
  3:00 Item: 5 weapon_rocketlauncher
  3:00 Item: 5 weapon_rocketlauncher
  3:02 Item: 6 weapon_rocketlauncher
  3:02 Kill: 5 7 7: Assasinu Credi killed Mal by MOD_ROCKET_SPLASH
  3:04 Item: 3 weapon_rocketlauncher
  3:04 Item: 4 weapon_rocketlauncher
  3:04 Item: 3 ammo_rockets
  3:05 Item: 2 weapon_railgun
  3:07 Item: 4 item_armor_combat
  3:09 Kill: 1022 7 22: <world> killed Mal by MOD_TRIGGER_HURT
  3:10 Item: 3 item_armor_shard
  3:11 Item: 7 weapon_rocketlauncher
  3:13 Item: 3 weapon_shotgun
  3:13 Item: 3 ammo_shells
  3:13 Kill: 1022 5 19: <world> killed Assasinu Credi by MOD_FALLING
  3:14 Item: 3 weapon_rocketlauncher
  3:15 Kill: 7 2 6: Mal killed Isgalamido by MOD_ROCKET
  3:17 Item: 4 item_health_large
  3:18 Kill: 3 7 7: Oootsimo killed Mal by MOD_ROCKET_SPLASH
  3:18 Item: 6 item_quad
  3:18 Item: 6 weapon_railgun
  3:18 Item: 4 weapon_rocketlauncher
  3:22 Item: 4 weapon_rocketlauncher
  3:23 Kill: 6 3 10: Zeh killed Oootsimo by MOD_RAILGUN
  3:24 Item: 2 weapon_railgun
  3:25 Item: 6 item_armor_shard
  3:25 Item: 5 weapon_shotgun
  3:25 Item: 6 item_armor_shard
  3:25 Item: 6 item_armor_shard
  3:27 Kill: 1022 7 22: <world> killed Mal by MOD_TRIGGER_HURT
  3:28 Kill: 5 6 1: Assasinu Credi killed Zeh by MOD_SHOTGUN
  3:28 Item: 2 weapon_railgun
  3:28 Item: 5 weapon_railgun
  3:29 Item: 3 weapon_rocketlauncher
  3:30 Item: 7 weapon_rocketlauncher
  3:31 Item: 6 ammo_rockets
  3:31 Item: 5 weapon_shotgun
  3:32 Kill: 4 3 6: Dono da Bola killed Oootsimo by MOD_ROCKET
  3:33 Item: 6 item_armor_body
  3:35 Item: 5 weapon_rocketlauncher
  3:35 Item: 2 weapon_railgun
  3:36 Item: 4 item_armor_shard
  3:36 Item: 4 item_armor_shard
  3:36 Item: 4 item_armor_shard
  3:38 Item: 3 weapon_rocketlauncher
  3:39 Item: 6 weapon_shotgun
  3:39 Item: 4 item_health_large
  3:39 Item: 7 weapon_rocketlauncher
  3:39 Item: 6 ammo_shells
  3:42 Item: 7 weapon_rocketlauncher
  3:42 Kill: 7 4 7: Mal killed Dono da Bola by MOD_ROCKET_SPLASH
  3:43 Kill: 5 6 6: Assasinu Credi killed Zeh by MOD_ROCKET
  3:44 Kill: 5 3 7: Assasinu Credi killed Oootsimo by MOD_ROCKET_SPLASH
  3:46 Item: 7 weapon_rocketlauncher
  3:46 Item: 5 item_armor_combat
  3:47 Item: 6 weapon_rocketlauncher
  3:47 Kill: 5 2 6: Assasinu Credi killed Isgalamido by MOD_ROCKET
  3:48 Item: 4 weapon_rocketlauncher
  3:50 Kill: 6 7 6: Zeh killed Mal by MOD_ROCKET
  3:50 Item: 2 weapon_rocketlauncher
  3:53 Kill: 6 5 7: Zeh killed Assasinu Credi by MOD_ROCKET_SPLASH
  3:54 Item: 4 weapon_railgun
  3:55 Item: 5 ammo_rockets
  3:56 Item: 5 weapon_rocketlauncher
  3:59 Item: 3 weapon_shotgun
  4:00 Item: 3 weapon_rocketlauncher
  4:00 Item: 7 weapon_railgun
  4:01 Item: 2 weapon_rocketlauncher
  4:02 Item: 5 weapon_rocketlauncher
  4:02 Item: 6 weapon_shotgun
  4:03 Item: 4 item_quad
  4:03 Kill: 6 3 1: Zeh killed Oootsimo by MOD_SHOTGUN
  4:05 Kill: 6 5 1: Zeh killed Assasinu Credi by MOD_SHOTGUN
  4:05 Kill: 5 6 6: Assasinu Credi killed Zeh by MOD_ROCKET
  4:05 Kill: 2 7 6: Isgalamido killed Mal by MOD_ROCKET
  4:05 Kill: 2 2 7: Isgalamido killed Isgalamido by MOD_ROCKET_SPLASH
  4:06 Item: 3 weapon_rocketlauncher
  4:07 Item: 3 weapon_railgun
  4:08 Item: 2 weapon_rocketlauncher
  4:08 Item: 5 weapon_rocketlauncher
  4:09 Item: 6 weapon_shotgun
  4:10 Kill: 6 4 1: Zeh killed Dono da Bola by MOD_SHOTGUN
  4:10 Item: 5 item_armor_body
  4:11 Item: 6 item_quad
  4:11 Item: 6 weapon_rocketlauncher
  4:11 Item: 2 item_armor_shard
  4:11 Item: 2 item_armor_shard
  4:11 Item: 2 item_armor_shard
  4:13 Kill: 3 6 6: Oootsimo killed Zeh by MOD_ROCKET
  4:13 Item: 7 weapon_rocketlauncher
  4:13 Item: 7 weapon_shotgun
  4:13 Item: 7 weapon_rocketlauncher
  4:13 Item: 3 weapon_rocketlauncher
  4:14 Item: 3 item_quad
  4:15 Item: 4 weapon_rocketlauncher
  4:16 Kill: 2 3 6: Isgalamido killed Oootsimo by MOD_ROCKET
  4:16 Item: 6 ammo_shells
  4:17 Item: 6 weapon_shotgun
  4:17 Item: 5 weapon_rocketlauncher
  4:17 Kill: 7 6 6: Mal killed Zeh by MOD_ROCKET
  4:18 Item: 3 weapon_rocketlauncher
  4:18 Item: 2 weapon_rocketlauncher
  4:19 Item: 2 ammo_rockets
  4:19 Item: 7 weapon_shotgun
  4:21 Kill: 5 7 7: Assasinu Credi killed Mal by MOD_ROCKET_SPLASH
  4:22 Item: 3 item_armor_combat
  4:23 Item: 6 weapon_shotgun
  4:25 Item: 4 item_quad
  4:25 Item: 7 weapon_rocketlauncher
  4:26 Item: 3 ammo_bullets
  4:27 Kill: 2 4 7: Isgalamido killed Dono da Bola by MOD_ROCKET_SPLASH
  4:27 Kill: 1022 5 22: <world> killed Assasinu Credi by MOD_TRIGGER_HURT
  4:27 Item: 6 weapon_rocketlauncher
  4:29 Item: 2 item_quad
  4:29 Item: 4 weapon_rocketlauncher
  4:33 Item: 5 weapon_rocketlauncher
  4:35 Kill: 1022 3 22: <world> killed Oootsimo by MOD_TRIGGER_HURT
  4:36 Kill: 2 6 3: Isgalamido killed Zeh by MOD_MACHINEGUN
  4:36 Item: 5 item_health_large
  4:37 Item: 2 item_armor_body
  4:39 Item: 3 weapon_rocketlauncher
  4:39 Item: 7 weapon_shotgun
  4:39 Kill: 4 3 6: Dono da Bola killed Oootsimo by MOD_ROCKET
  4:39 Kill: 4 4 7: Dono da Bola killed Dono da Bola by MOD_ROCKET_SPLASH
  4:39 Item: 6 ammo_rockets
  4:40 Item: 6 weapon_rocketlauncher
  4:40 Item: 6 weapon_rocketlauncher
  4:40 Item: 7 item_armor_shard
  4:41 Item: 7 item_armor_shard
  4:41 Item: 7 item_armor_shard
  4:43 Item: 3 weapon_rocketlauncher
  4:43 Item: 4 weapon_rocketlauncher
  4:44 Kill: 3 2 7: Oootsimo killed Isgalamido by MOD_ROCKET_SPLASH
  4:44 Item: 7 weapon_shotgun
  4:45 Item: 7 ammo_shells
  4:47 Kill: 5 7 7: Assasinu Credi killed Mal by MOD_ROCKET_SPLASH
  4:47 Kill: 4 5 7: Dono da Bola killed Assasinu Credi by MOD_ROCKET_SPLASH
  4:48 Item: 2 weapon_rocketlauncher
  4:49 Kill: 2 6 6: Isgalamido killed Zeh by MOD_ROCKET
  4:50 Item: 2 ammo_bullets
  4:50 Item: 7 weapon_rocketlauncher
  4:51 Kill: 4 2 6: Dono da Bola killed Isgalamido by MOD_ROCKET
  4:53 Item: 3 weapon_rocketlauncher
  4:55 Item: 3 item_health_large
  4:55 Item: 6 weapon_rocketlauncher
  4:56 Kill: 7 5 7: Mal killed Assasinu Credi by MOD_ROCKET_SPLASH
  4:57 Item: 4 weapon_rocketlauncher
  4:58 Item: 7 ammo_shells
  4:59 Item: 2 ammo_slugs
  4:59 Kill: 6 7 7: Zeh killed Mal by MOD_ROCKET_SPLASH
  4:59 Item: 3 weapon_rocketlauncher
  5:01 Item: 2 weapon_railgun
  5:01 Item: 6 item_armor_combat
  5:01 Item: 3 weapon_shotgun
  5:01 Item: 3 weapon_rocketlauncher
  5:02 Item: 5 weapon_rocketlauncher
  5:03 Kill: 6 3 7: Zeh killed Oootsimo by MOD_ROCKET_SPLASH
  5:03 Item: 6 weapon_rocketlauncher
  5:03 Kill: 7 4 3: Mal killed Dono da Bola by MOD_MACHINEGUN
  5:04 Kill: 6 7 7: Zeh killed Mal by MOD_ROCKET_SPLASH
  5:05 Item: 3 ammo_rockets
  5:05 Item: 3 weapon_rocketlauncher
  5:08 Kill: 2 6 10: Isgalamido killed Zeh by MOD_RAILGUN
  5:09 Item: 3 item_armor_shard
  5:09 Item: 3 item_armor_shard
  5:09 Item: 3 item_armor_shard
  5:10 Item: 4 weapon_rocketlauncher
  5:11 Item: 3 weapon_rocketlauncher
  5:11 Kill: 5 5 7: Assasinu Credi killed Assasinu Credi by MOD_ROCKET_SPLASH
  5:11 Item: 3 weapon_rocketlauncher
  5:12 Kill: 1022 7 22: <world> killed Mal by MOD_TRIGGER_HURT
  5:13 Item: 6 weapon_rocketlauncher
  5:14 Kill: 3 4 7: Oootsimo killed Dono da Bola by MOD_ROCKET_SPLASH
  5:17 Item: 5 weapon_rocketlauncher
  5:18 Kill: 1022 6 22: <world> killed Zeh by MOD_TRIGGER_HURT
  5:18 Item: 3 item_armor_shard
  5:18 Item: 3 item_armor_shard
  5:18 Item: 3 item_armor_shard
  5:20 Item: 4 weapon_rocketlauncher
  5:20 Item: 7 weapon_rocketlauncher
  5:21 Item: 6 weapon_rocketlauncher
  5:21 Item: 6 weapon_rocketlauncher
  5:22 Item: 6 ammo_rockets
  5:22 Kill: 4 5 6: Dono da Bola killed Assasinu Credi by MOD_ROCKET
  5:24 Item: 7 weapon_rocketlauncher
  5:24 Item: 2 weapon_rocketlauncher
  5:26 Item: 5 weapon_rocketlauncher
  5:27 Kill: 6 4 6: Zeh killed Dono da Bola by MOD_ROCKET
  5:27 Item: 5 item_armor_body
  5:28 Kill: 3 7 7: Oootsimo killed Mal by MOD_ROCKET_SPLASH
  5:28 Item: 6 item_quad
  5:29 Item: 3 item_health_large
  5:32 Item: 3 weapon_rocketlauncher
  5:33 Item: 4 weapon_rocketlauncher
  5:36 Item: 3 item_health_large
  5:36 Item: 4 item_armor_combat
  5:37 Kill: 6 5 7: Zeh killed Assasinu Credi by MOD_ROCKET_SPLASH
  5:37 Kill: 1022 7 22: <world> killed Mal by MOD_TRIGGER_HURT
  5:38 Kill: 2 6 10: Isgalamido killed Zeh by MOD_RAILGUN
  5:41 Item: 7 weapon_rocketlauncher
  5:42 Item: 5 weapon_rocketlauncher
  5:42 Item: 5 item_quad
  5:43 Item: 3 weapon_rocketlauncher
  5:44 Kill: 2 7 6: Isgalamido killed Mal by MOD_ROCKET
  5:45 Kill: 5 4 7: Assasinu Credi killed Dono da Bola by MOD_ROCKET_SPLASH
  5:46 Kill: 6 2 3: Zeh killed Isgalamido by MOD_MACHINEGUN
  5:46 Item: 5 weapon_rocketlauncher
  5:46 Kill: 3 5 7: Oootsimo killed Assasinu Credi by MOD_ROCKET_SPLASH
  5:47 Item: 6 weapon_rocketlauncher
  5:47 Item: 6 weapon_rocketlauncher
  5:49 Item: 4 weapon_rocketlauncher
  5:50 Kill: 6 4 6: Zeh killed Dono da Bola by MOD_ROCKET
  5:50 Item: 6 weapon_rocketlauncher
  5:51 Item: 7 item_armor_shard
  5:51 Item: 7 item_armor_shard
  5:51 Item: 7 item_armor_shard
  5:52 Item: 6 weapon_rocketlauncher
  5:53 Item: 6 ammo_rockets
  5:53 Kill: 3 2 6: Oootsimo killed Isgalamido by MOD_ROCKET
  5:54 Item: 4 item_quad
  5:54 Item: 4 weapon_rocketlauncher
  5:54 Kill: 6 5 7: Zeh killed Assasinu Credi by MOD_ROCKET_SPLASH
  5:54 Exit: Fraglimit hit.
  5:54 score: 20  ping: 9  client: 6 Zeh
  5:54 score: 12  ping: 7  client: 2 Isgalamido
  5:54 score: 10  ping: 7  client: 3 Oootsimo
  5:54 score: 10  ping: 10  client: 4 Dono da Bola
  5:54 score: 7  ping: 6  client: 5 Assasinu Credi
  5:54 score: 2  ping: 14  client: 7 Mal
  5:55 Item: 3 item_health_large
  6:10 ShutdownGame:
  6:10 ------------------------------------------------------------
  6:10 ------------------------------------------------------------
  6:10 InitGame: \capturelimit\8\g_maxGameClients\0\timelimit\15\fraglimit\20\dmflags\0\bot_minplayers\0\sv_allowDownload\0\sv_maxclients\16\sv_privateClients\2\g_gametype\= 0\sv_hostname\Code Miner Server\sv_minRate\0\sv_maxRate\10000\sv_minPing\0\sv_maxPing\0\sv_floodProtect\1\version\ioq3 1.36 linux-x86_64 Apr 12 2009\protocol\68\mapname\q3dm17\gamename\baseq3\g_needpass\0
  6:10 ClientConnect: 2
  6:10 ClientUserinfoChanged: 2 n\Isgalamido\t\0\model\uriel/zael\hmodel\uriel/zael\g_redteam\\g_blueteam\\c1\5\c2\5\hc\100\w\0\l\0\tt\0\tl\0
  6:10 ClientBegin: 2
  6:10 ClientConnect: 3
  6:10 ClientUserinfoChanged: 3 n\Oootsimo\t\0\model\razor/id\hmodel\razor/id\g_redteam\\g_blueteam\\c1\3\c2\5\hc\100\w\0\l\0\tt\0\tl\0
  6:10 ClientBegin: 3
  6:10 ClientConnect: 4
  6:10 ClientUserinfoChanged: 4 n\Dono da Bola\t\0\model\sarge\hmodel\sarge\g_redteam\\g_blueteam\\c1\4\c2\5\hc\95\w\0\l\0\tt\0\tl\0
  6:10 ClientBegin: 4
  6:10 ClientConnect: 5
  6:10 ClientUserinfoChanged: 5 n\Assasinu Credi\t\0\model\sarge\hmodel\sarge\g_redteam\\g_blueteam\\c1\4\c2\5\hc\100\w\0\l\0\tt\0\tl\0
  6:10 ClientBegin: 5
  6:10 ClientConnect: 6
  6:10 ClientUserinfoChanged: 6 n\Zeh\t\0\model\sarge/default\hmodel\sarge/default\g_redteam\\g_blueteam\\c1\1\c2\5\hc\100\w\0\l\0\tt\0\tl\0
  6:10 ClientBegin: 6
  6:10 ClientConnect: 7
  6:10 ClientUserinfoChanged: 7 n\Mal\t\0\model\sarge\hmodel\sarge\g_redteam\\g_blueteam\\c1\4\c2\5\hc\100\w\0\l\0\tt\0\tl\0
  6:10 ClientBegin: 7
  6:12 Item: 5 ammo_rockets
  6:12 Item: 4 weapon_rocketlauncher
  6:12 Item: 5 weapon_rocketlauncher
  6:15 Item: 3 item_armor_body
  6:17 Kill: 4 6 7: Dono da Bola killed Zeh by MOD_ROCKET_SPLASH
  6:18 Item: 7 weapon_rocketlauncher
  6:18 Item: 3 ammo_rockets
  6:19 Item: 2 weapon_railgun
  6:22 Item: 5 item_health_large
  6:22 Item: 2 weapon_railgun
  6:22 Kill: 4 4 7: Dono da Bola killed Dono da Bola by MOD_ROCKET_SPLASH
  6:23 Item: 7 weapon_rocketlauncher
  6:25 Item: 3 weapon_shotgun
  6:25 Item: 2 weapon_railgun
  6:26 Item: 4 weapon_rocketlauncher
  6:27 Item: 3 weapon_rocketlauncher
  6:29 Item: 4 item_armor_shard
  6:29 Item: 4 item_armor_shard
  6:29 Item: 4 item_armor_shard
  6:30 Item: 4 item_armor_combat
  6:30 Kill: 3 5 6: Oootsimo killed Assasinu Credi by MOD_ROCKET
  6:31 Item: 2 weapon_railgun
  6:31 Item: 7 weapon_rocketlauncher
  6:34 Item: 2 weapon_railgun
  6:34 ShutdownGame:
  6:34 ------------------------------------------------------------
  6:34 ------------------------------------------------------------
  6:34 InitGame: \capturelimit\8\g_maxGameClients\0\timelimit\15\fraglimit\20\dmflags\0\bot_minplayers\0\sv_allowDownload\0\sv_maxclients\16\sv_privateClients\2\g_gametype\= 0\sv_hostname\Code Miner Server\sv_minRate\0\sv_maxRate\10000\sv_minPing\0\sv_maxPing\0\sv_floodProtect\1\version\ioq3 1.36 linux-x86_64 Apr 12 2009\protocol\68\mapname\q3dm17\gamename\baseq3\g_needpass\0
  6:34 ClientConnect: 2
  6:34 ClientUserinfoChanged: 2 n\Isgalamido\t\0\model\uriel/zael\hmodel\uriel/zael\g_redteam\\g_blueteam\\c1\5\c2\5\hc\100\w\0\l\0\tt\0\tl\0
  6:34 ClientBegin: 2
  6:34 ClientConnect: 3
  6:34 ClientUserinfoChanged: 3 n\Oootsimo\t\0\model\razor/id\hmodel\razor/id\g_redteam\\g_blueteam\\c1\3\c2\5\hc\100\w\0\l\0\tt\0\tl\0
  6:34 ClientBegin: 3
  6:34 ClientConnect: 4
  6:34 ClientUserinfoChanged: 4 n\Dono da Bola\t\0\model\sarge\hmodel\sarge\g_redteam\\g_blueteam\\c1\4\c2\5\hc\95\w\0\l\0\tt\0\tl\0
  6:34 ClientBegin: 4
  6:34 ClientConnect: 5
  6:34 ClientUserinfoChanged: 5 n\Assasinu Credi\t\0\model\sarge\hmodel\sarge\g_redteam\\g_blueteam\\c1\4\c2\5\hc\100\w\0\l\0\tt\0\tl\0
  6:34 ClientBegin: 5
  6:34 ClientConnect: 6
  6:34 ClientUserinfoChanged: 6 n\Zeh\t\0\model\sarge/default\hmodel\sarge/default\g_redteam\\g_blueteam\\c1\1\c2\5\hc\100\w\0\l\0\tt\0\tl\0
  6:34 ClientBegin: 6
  6:34 ClientConnect: 7
  6:34 ClientUserinfoChanged: 7 n\Mal\t\0\model\sarge\hmodel\sarge\g_redteam\\g_blueteam\\c1\4\c2\5\hc\100\w\0\l\0\tt\0\tl\0
  6:34 ClientBegin: 7
  6:35 Item: 4 ammo_rockets
  6:35 Item: 4 weapon_rocketlauncher
  6:35 Item: 6 ammo_rockets
  6:35 Item: 6 weapon_rocketlauncher
  6:39 Item: 3 item_armor_body
  6:40 Item: 6 weapon_rocketlauncher
  6:40 Item: 5 weapon_rocketlauncher
  6:41 Item: 3 item_health_large
  6:42 Item: 2 weapon_railgun
  6:43 Kill: 4 2 6: Dono da Bola killed Isgalamido by MOD_ROCKET
  6:44 Item: 5 item_armor_shard
  6:44 Item: 5 item_armor_shard
  6:44 Item: 5 item_armor_shard
  6:44 Item: 5 item_armor_combat
  6:45 Kill: 1022 4 22: <world> killed Dono da Bola by MOD_TRIGGER_HURT
  6:46 Item: 5 item_armor_shard
  6:46 Item: 3 weapon_rocketlauncher
  6:46 Item: 5 item_armor_shard
  6:47 Item: 5 item_armor_shard
  6:47 Item: 7 weapon_rocketlauncher
  6:48 Kill: 6 3 6: Zeh killed Oootsimo by MOD_ROCKET
  6:49 Item: 5 weapon_rocketlauncher
  6:51 Item: 4 weapon_rocketlauncher
  6:51 Item: 7 item_health_large
  6:52 Item: 6 weapon_rocketlauncher
  6:55 Item: 2 weapon_railgun
  6:55 Item: 2 weapon_railgun
  6:57 Item: 3 weapon_shotgun
  6:57 Kill: 1022 7 22: <world> killed Mal by MOD_TRIGGER_HURT
  6:57 Item: 3 ammo_shells
  6:59 Kill: 2 6 10: Isgalamido killed Zeh by MOD_RAILGUN
  6:59 Kill: 5 3 7: Assasinu Credi killed Oootsimo by MOD_ROCKET_SPLASH
  7:00 Kill: 4 5 7: Dono da Bola killed Assasinu Credi by MOD_ROCKET_SPLASH
  7:01 Item: 7 weapon_rocketlauncher
  7:02 Item: 4 weapon_rocketlauncher
  7:04 Item: 4 weapon_rocketlauncher
  7:05 Item: 3 weapon_rocketlauncher
  7:06 Kill: 5 3 3: Assasinu Credi killed Oootsimo by MOD_MACHINEGUN
  7:07 Item: 5 weapon_rocketlauncher
  7:07 Kill: 2 6 10: Isgalamido killed Zeh by MOD_RAILGUN
  7:07 Kill: 5 7 6: Assasinu Credi killed Mal by MOD_ROCKET
  7:07 Item: 5 weapon_rocketlauncher
  7:09 Item: 3 weapon_rocketlauncher
  7:11 Item: 6 weapon_rocketlauncher
  7:11 Item: 5 item_armor_shard
  7:11 Item: 5 item_armor_shard
  7:11 Item: 5 item_armor_shard
  7:11 Kill: 5 4 6: Assasinu Credi killed Dono da Bola by MOD_ROCKET
  7:12 Item: 5 item_armor_shard
  7:12 Kill: 5 5 7: Assasinu Credi killed Assasinu Credi by MOD_ROCKET_SPLASH
  7:14 Item: 7 weapon_shotgun
  7:14 Item: 4 weapon_rocketlauncher
  7:15 Kill: 1022 2 22: <world> killed Isgalamido by MOD_TRIGGER_HURT
  7:15 Item: 3 item_armor_shard
  7:16 Item: 3 item_armor_shard
  7:16 Item: 5 weapon_rocketlauncher
  7:16 Item: 3 item_armor_combat
  7:17 Item: 2 ammo_rockets
  7:18 Item: 5 item_armor_body
  7:18 Item: 3 item_health_large
  7:20 Item: 2 weapon_rocketlauncher
  7:22 Kill: 1022 3 22: <world> killed Oootsimo by MOD_TRIGGER_HURT
  7:22 Item: 7 ammo_shells
  7:23 Item: 7 weapon_shotgun
  7:25 Kill: 1022 5 22: <world> killed Assasinu Credi by MOD_TRIGGER_HURT
  7:25 Item: 3 weapon_rocketlauncher
  7:26 Item: 3 ammo_rockets
  7:26 Kill: 4 7 7: Dono da Bola killed Mal by MOD_ROCKET_SPLASH
  7:27 Item: 5 weapon_rocketlauncher
  7:29 Kill: 2 6 6: Isgalamido killed Zeh by MOD_ROCKET
  7:29 Item: 7 weapon_rocketlauncher
  7:30 Item: 2 item_quad
  7:32 Item: 6 weapon_rocketlauncher
  7:33 Item: 7 weapon_shotgun
  7:33 Kill: 3 5 7: Oootsimo killed Assasinu Credi by MOD_ROCKET_SPLASH
  7:34 Kill: 2 3 7: Isgalamido killed Oootsimo by MOD_ROCKET_SPLASH
  7:36 Item: 7 weapon_rocketlauncher
  7:36 Item: 4 weapon_rocketlauncher
  7:36 Item: 7 weapon_rocketlauncher
  7:37 Kill: 4 4 7: Dono da Bola killed Dono da Bola by MOD_ROCKET_SPLASH
  7:37 Item: 3 weapon_rocketlauncher
  7:39 Item: 5 weapon_rocketlauncher
  7:40 Kill: 3 5 7: Oootsimo killed Assasinu Credi by MOD_ROCKET_SPLASH
  7:40 Item: 3 weapon_rocketlauncher
  7:43 Item: 5 weapon_rocketlauncher
  7:44 Kill: 5 7 7: Assasinu Credi killed Mal by MOD_ROCKET_SPLASH
  7:44 Item: 3 weapon_shotgun
  7:45 Item: 4 weapon_rocketlauncher
  7:48 Item: 2 weapon_rocketlauncher
  7:49 Item: 5 item_armor_body
  7:51 Kill: 3 4 7: Oootsimo killed Dono da Bola by MOD_ROCKET_SPLASH
  7:52 Kill: 1022 7 22: <world> killed Mal by MOD_TRIGGER_HURT
  7:52 Item: 3 weapon_rocketlauncher
  7:53 Item: 2 item_armor_shard
  7:53 Item: 2 item_armor_shard
  7:53 Item: 2 item_armor_shard
  7:53 Item: 2 item_armor_combat
  7:54 Kill: 5 3 7: Assasinu Credi killed Oootsimo by MOD_ROCKET_SPLASH
  7:54 Item: 5 weapon_rocketlauncher
  7:55 Item: 4 weapon_rocketlauncher
  7:55 Item: 7 weapon_rocketlauncher
  7:56 Item: 5 item_health_large
  7:57 Kill: 7 6 7: Mal killed Zeh by MOD_ROCKET_SPLASH
  7:57 Item: 7 ammo_shells
  7:58 Item: 3 weapon_rocketlauncher
  8:01 Kill: 4 2 6: Dono da Bola killed Isgalamido by MOD_ROCKET
  8:03 Item: 4 item_armor_shard
  8:03 Item: 4 item_armor_shard
  8:03 Item: 4 item_armor_shard
  8:03 Item: 6 ammo_slugs
  8:03 Kill: 1022 7 22: <world> killed Mal by MOD_TRIGGER_HURT
  8:04 Item: 2 weapon_rocketlauncher
  8:05 Kill: 4 5 6: Dono da Bola killed Assasinu Credi by MOD_ROCKET
  8:06 Item: 6 weapon_railgun
  8:07 Item: 7 weapon_rocketlauncher
  8:08 Item: 2 weapon_rocketlauncher
  8:11 Item: 5 weapon_rocketlauncher
  8:11 Item: 5 ammo_rockets
  8:11 Kill: 4 5 7: Dono da Bola killed Assasinu Credi by MOD_ROCKET_SPLASH
  8:12 Item: 7 weapon_rocketlauncher
  8:12 Kill: 2 4 7: Isgalamido killed Dono da Bola by MOD_ROCKET_SPLASH
  8:15 Item: 5 ammo_rockets
  8:16 Item: 5 weapon_rocketlauncher
  8:17 Kill: 6 5 10: Zeh killed Assasinu Credi by MOD_RAILGUN
  8:19 Item: 3 weapon_rocketlauncher
  8:20 Item: 4 weapon_rocketlauncher
  8:21 Kill: 3 7 7: Oootsimo killed Mal by MOD_ROCKET_SPLASH
  8:21 Item: 5 weapon_rocketlauncher
  8:22 Item: 5 item_armor_body
  8:24 Kill: 3 3 7: Oootsimo killed Oootsimo by MOD_ROCKET_SPLASH
  8:24 Kill: 3 4 7: Oootsimo killed Dono da Bola by MOD_ROCKET_SPLASH
  8:26 Item: 3 weapon_rocketlauncher
  8:27 Item: 3 weapon_rocketlauncher
  8:28 Item: 5 item_armor_combat
  8:29 Item: 2 item_armor_shard
  8:29 Item: 2 item_armor_shard
  8:29 Item: 2 item_armor_shard
  8:30 Item: 4 weapon_rocketlauncher
  8:30 Kill: 1022 5 22: <world> killed Assasinu Credi by MOD_TRIGGER_HURT
  8:30 Item: 7 item_quad
  8:33 Item: 5 weapon_rocketlauncher
  8:33 Item: 5 weapon_rocketlauncher
  8:34 Item: 5 weapon_rocketlauncher
  8:34 Item: 3 item_armor_shard
  8:35 Item: 3 item_armor_shard
  8:35 Item: 3 item_armor_shard
  8:35 Kill: 5 5 7: Assasinu Credi killed Assasinu Credi by MOD_ROCKET_SPLASH
  8:35 Item: 7 weapon_rocketlauncher
  8:37 Kill: 6 7 10: Zeh killed Mal by MOD_RAILGUN
  8:37 Kill: 3 4 6: Oootsimo killed Dono da Bola by MOD_ROCKET
  8:40 Item: 3 weapon_rocketlauncher
  8:40 Item: 4 weapon_rocketlauncher
  8:40 Item: 3 item_quad
  8:41 Item: 5 weapon_rocketlauncher
  8:42 Kill: 3 2 7: Oootsimo killed Isgalamido by MOD_ROCKET_SPLASH
  8:45 Item: 2 weapon_rocketlauncher
  8:47 Kill: 5 7 6: Assasinu Credi killed Mal by MOD_ROCKET
  8:49 Kill: 3 5 6: Oootsimo killed Assasinu Credi by MOD_ROCKET
  8:50 Item: 7 weapon_rocketlauncher
  8:50 Item: 7 weapon_rocketlauncher
  8:50 Item: 3 weapon_rocketlauncher
  8:51 Item: 3 weapon_rocketlauncher
  8:54 Kill: 4 7 7: Dono da Bola killed Mal by MOD_ROCKET_SPLASH
  8:54 Item: 6 weapon_railgun
  8:55 Item: 5 weapon_rocketlauncher
  8:56 Item: 5 weapon_rocketlauncher
  8:56 Kill: 6 4 10: Zeh killed Dono da Bola by MOD_RAILGUN
  8:57 Item: 7 ammo_rockets
  8:57 Item: 7 weapon_rocketlauncher
  8:58 Item: 2 weapon_railgun
  8:59 Item: 7 item_armor_body
  9:01 Item: 4 weapon_rocketlauncher
  9:01 Item: 6 item_armor_shard
  9:01 Item: 5 item_health_large
  9:01 Item: 2 weapon_railgun
  9:01 Item: 6 item_armor_shard
  9:01 Item: 6 item_armor_shard
  9:01 Item: 6 item_armor_combat
  9:02 Item: 7 weapon_rocketlauncher
  9:03 Kill: 3 6 6: Oootsimo killed Zeh by MOD_ROCKET
  9:03 Item: 3 weapon_railgun
  9:03 Kill: 2 3 10: Isgalamido killed Oootsimo by MOD_RAILGUN
  9:05 Item: 6 ammo_rockets
  9:05 Item: 6 weapon_rocketlauncher
  9:10 Kill: 2 4 10: Isgalamido killed Dono da Bola by MOD_RAILGUN
  9:11 Item: 3 weapon_shotgun
  9:11 Kill: 5 5 7: Assasinu Credi killed Assasinu Credi by MOD_ROCKET_SPLASH
  9:11 Item: 7 ammo_shells
  9:13 Item: 4 weapon_rocketlauncher
  9:13 Item: 3 weapon_rocketlauncher
  9:14 Kill: 1022 7 22: <world> killed Mal by MOD_TRIGGER_HURT
  9:16 Item: 6 item_quad
  9:16 Kill: 1022 3 22: <world> killed Oootsimo by MOD_TRIGGER_HURT
  9:16 Item: 5 weapon_rocketlauncher
  9:18 Item: 2 item_health_large
  9:20 Kill: 6 2 7: Zeh killed Isgalamido by MOD_ROCKET_SPLASH
  9:20 Item: 4 item_health_large
  9:22 Item: 3 weapon_rocketlauncher
  9:22 Item: 3 weapon_railgun
  9:22 Kill: 1022 7 22: <world> killed Mal by MOD_TRIGGER_HURT
  9:22 Kill: 1022 5 22: <world> killed Assasinu Credi by MOD_TRIGGER_HURT
  9:23 Item: 2 weapon_rocketlauncher
  9:26 Item: 4 weapon_railgun
  9:26 Kill: 6 5 7: Zeh killed Assasinu Credi by MOD_ROCKET_SPLASH
  9:27 Item: 2 item_armor_shard
  9:27 Item: 2 item_armor_shard
  9:27 Item: 2 item_armor_shard
  9:32 Item: 5 weapon_rocketlauncher
  9:33 Kill: 6 7 3: Zeh killed Mal by MOD_MACHINEGUN
  9:34 Item: 5 item_armor_body
  9:36 Item: 3 item_armor_combat
  9:37 Kill: 2 6 7: Isgalamido killed Zeh by MOD_ROCKET_SPLASH
  9:38 Item: 2 item_quad
  9:38 Item: 2 weapon_rocketlauncher
  9:41 Item: 7 weapon_rocketlauncher
  9:41 Item: 7 ammo_rockets
  9:46 Kill: 7 4 7: Mal killed Dono da Bola by MOD_ROCKET_SPLASH
  9:46 Kill: 7 3 7: Mal killed Oootsimo by MOD_ROCKET_SPLASH
  9:49 Kill: 7 2 7: Mal killed Isgalamido by MOD_ROCKET_SPLASH
  9:51 Item: 7 weapon_rocketlauncher
  9:51 Item: 7 weapon_railgun
  9:51 Item: 3 weapon_rocketlauncher
  9:52 Kill: 5 7 7: Assasinu Credi killed Mal by MOD_ROCKET_SPLASH
  9:52 Item: 3 ammo_rockets
  9:53 Item: 5 weapon_railgun
  9:53 Item: 6 ammo_shells
  9:54 Item: 6 weapon_shotgun
  9:55 Kill: 7 6 3: Mal killed Zeh by MOD_MACHINEGUN
  9:55 Item: 5 item_armor_shard
  9:55 Item: 5 item_armor_shard
  9:55 Item: 5 item_armor_shard
  9:55 Item: 7 weapon_shotgun
  9:57 Item: 3 weapon_rocketlauncher
  9:57 Item: 6 weapon_rocketlauncher
  9:58 Item: 7 weapon_shotgun
  9:59 Kill: 4 2 3: Dono da Bola killed Isgalamido by MOD_MACHINEGUN
 10:00 Item: 6 weapon_rocketlauncher
 10:00 Item: 4 weapon_railgun
 10:01 Item: 4 item_health
 10:03 Kill: 6 5 7: Zeh killed Assasinu Credi by MOD_ROCKET_SPLASH
 10:05 Item: 3 weapon_railgun
 10:05 Kill: 6 3 6: Zeh killed Oootsimo by MOD_ROCKET
 10:05 Item: 7 weapon_rocketlauncher
 10:06 Item: 5 weapon_rocketlauncher
 10:07 Item: 7 item_armor_shard
 10:07 Item: 7 item_armor_shard
 10:07 Item: 7 item_armor_shard
 10:07 Item: 7 item_armor_combat
 10:09 Item: 3 weapon_rocketlauncher
 10:09 Item: 2 weapon_rocketlauncher
 10:09 Kill: 5 6 6: Assasinu Credi killed Zeh by MOD_ROCKET
 10:12 Item: 7 ammo_shells
 10:15 Item: 2 weapon_rocketlauncher
 10:18 Item: 6 item_quad
 10:19 Item: 7 weapon_shotgun
 10:20 Kill: 5 7 7: Assasinu Credi killed Mal by MOD_ROCKET_SPLASH
 10:21 Kill: 3 5 6: Oootsimo killed Assasinu Credi by MOD_ROCKET
 10:22 Item: 3 weapon_rocketlauncher
 10:24 Item: 7 weapon_rocketlauncher
 10:24 Item: 7 ammo_rockets
 10:27 Item: 5 weapon_rocketlauncher
 10:27 Kill: 3 6 7: Oootsimo killed Zeh by MOD_ROCKET_SPLASH
 10:27 Item: 7 item_armor_body
 10:28 Item: 4 item_quad
 10:30 Kill: 3 4 7: Oootsimo killed Dono da Bola by MOD_ROCKET_SPLASH
 10:30 Item: 6 weapon_rocketlauncher
 10:31 Item: 3 item_health_large
 10:31 Item: 2 item_quad
 10:32 Kill: 7 5 7: Mal killed Assasinu Credi by MOD_ROCKET_SPLASH
 10:32 Item: 2 weapon_rocketlauncher
 10:33 Item: 7 weapon_rocketlauncher
 10:34 Item: 4 weapon_rocketlauncher
 10:36 Item: 6 weapon_railgun
 10:36 Item: 3 item_armor_shard
 10:36 Item: 3 item_armor_shard
 10:36 Item: 3 item_armor_shard
 10:37 Item: 5 weapon_rocketlauncher
 10:39 Item: 3 item_armor_shard
 10:39 Item: 3 item_armor_shard
 10:39 Item: 3 item_armor_shard
 10:39 Item: 2 weapon_rocketlauncher
 10:39 Kill: 2 7 7: Isgalamido killed Mal by MOD_ROCKET_SPLASH
 10:39 Item: 3 item_armor_combat
 10:44 Kill: 3 6 6: Oootsimo killed Zeh by MOD_ROCKET
 10:47 Item: 7 weapon_railgun
 10:47 Item: 5 weapon_rocketlauncher
 10:47 Kill: 2 5 7: Isgalamido killed Assasinu Credi by MOD_ROCKET_SPLASH
 10:48 Kill: 7 4 10: Mal killed Dono da Bola by MOD_RAILGUN
 10:49 Item: 6 weapon_shotgun
 10:49 Item: 7 weapon_rocketlauncher
 10:50 Kill: 6 2 1: Zeh killed Isgalamido by MOD_SHOTGUN
 10:51 Item: 3 weapon_rocketlauncher
 10:52 Item: 3 ammo_rockets
 10:55 Item: 2 weapon_rocketlauncher
 10:55 Item: 4 weapon_rocketlauncher
 10:56 Item: 2 weapon_rocketlauncher
 10:57 Item: 4 item_armor_body
 10:58 Kill: 6 7 1: Zeh killed Mal by MOD_SHOTGUN
 10:59 Kill: 2 6 7: Isgalamido killed Zeh by MOD_ROCKET_SPLASH
 11:00 Item: 2 weapon_rocketlauncher
 11:00 Item: 2 ammo_shells
 11:00 Kill: 2 5 6: Isgalamido killed Assasinu Credi by MOD_ROCKET
 11:02 Item: 7 weapon_rocketlauncher
 11:03 Item: 2 item_armor_shard
 11:03 Item: 2 item_armor_shard
 11:03 Item: 2 item_armor_shard
 11:04 Item: 4 weapon_rocketlauncher
 11:06 Kill: 7 2 7: Mal killed Isgalamido by MOD_ROCKET_SPLASH
 11:07 Item: 5 weapon_rocketlauncher
 11:07 Kill: 7 5 7: Mal killed Assasinu Credi by MOD_ROCKET_SPLASH
 11:08 Item: 6 weapon_rocketlauncher
 11:10 Item: 2 weapon_rocketlauncher
 11:10 Item: 7 weapon_rocketlauncher
 11:10 Kill: 6 7 7: Zeh killed Mal by MOD_ROCKET_SPLASH
 11:10 Kill: 3 6 7: Oootsimo killed Zeh by MOD_ROCKET_SPLASH
 11:11 Item: 3 item_health_large
 11:11 Item: 4 weapon_rocketlauncher
 11:12 Item: 5 ammo_rockets
 11:12 Item: 4 weapon_rocketlauncher
 11:12 Kill: 2 5 6: Isgalamido killed Assasinu Credi by MOD_ROCKET
 11:13 Item: 7 weapon_rocketlauncher
 11:13 Item: 2 weapon_shotgun
 11:14 Item: 6 ammo_shells
 11:14 Item: 6 weapon_shotgun
 11:16 Item: 5 weapon_rocketlauncher
 11:17 Item: 6 item_armor_shard
 11:17 Item: 6 item_armor_shard
 11:17 Item: 6 item_armor_shard
 11:17 Kill: 5 2 6: Assasinu Credi killed Isgalamido by MOD_ROCKET
 11:17 Item: 6 item_armor_combat
 11:19 Kill: 6 7 1: Zeh killed Mal by MOD_SHOTGUN
 11:21 Item: 2 weapon_rocketlauncher
 11:23 Item: 6 weapon_rocketlauncher
 11:23 Kill: 2 5 6: Isgalamido killed Assasinu Credi by MOD_ROCKET
 11:24 Item: 3 item_quad
 11:25 Item: 3 item_armor_body
 11:27 Item: 3 weapon_rocketlauncher
 11:27 Item: 6 item_health_mega
 11:28 Item: 5 weapon_shotgun
 11:28 Kill: 1022 2 19: <world> killed Isgalamido by MOD_FALLING
 11:31 Item: 4 weapon_rocketlauncher
 11:32 Item: 2 weapon_rocketlauncher
 11:32 Item: 3 item_health_large
 11:32 Kill: 5 7 1: Assasinu Credi killed Mal by MOD_SHOTGUN
 11:36 Item: 5 weapon_rocketlauncher
 11:38 Kill: 1022 6 22: <world> killed Zeh by MOD_TRIGGER_HURT
 11:38 Item: 7 weapon_rocketlauncher
 11:40 Item: 6 weapon_rocketlauncher
 11:40 Kill: 2 5 7: Isgalamido killed Assasinu Credi by MOD_ROCKET_SPLASH
 11:40 Kill: 5 2 6: Assasinu Credi killed Isgalamido by MOD_ROCKET
 11:41 Kill: 3 4 7: Oootsimo killed Dono da Bola by MOD_ROCKET_SPLASH
 11:41 Item: 7 ammo_shells
 11:41 Item: 6 weapon_rocketlauncher
 11:42 Item: 6 ammo_rockets
 11:44 Kill: 3 7 7: Oootsimo killed Mal by MOD_ROCKET_SPLASH
 11:44 Kill: 7 3 7: Mal killed Oootsimo by MOD_ROCKET_SPLASH
 11:44 Item: 5 weapon_rocketlauncher
 11:44 Item: 2 weapon_rocketlauncher
 11:47 Item: 5 weapon_rocketlauncher
 11:47 Item: 4 weapon_rocketlauncher
 11:47 Item: 5 item_quad
 11:47 Item: 5 weapon_rocketlauncher
 11:48 Kill: 6 4 7: Zeh killed Dono da Bola by MOD_ROCKET_SPLASH
 11:49 Item: 7 weapon_shotgun
 11:49 Item: 5 item_armor_shard
 11:49 Item: 5 item_armor_shard
 11:49 Item: 5 item_armor_shard
 11:49 Item: 5 item_armor_combat
 11:52 Item: 3 weapon_rocketlauncher
 11:53 Kill: 5 7 7: Assasinu Credi killed Mal by MOD_ROCKET_SPLASH
 11:54 Item: 2 item_armor_body
 11:56 Item: 3 item_armor_shard
 11:56 Item: 4 weapon_rocketlauncher
 11:56 Item: 3 item_armor_shard
 11:56 Item: 3 item_armor_shard
 11:57 Item: 6 item_health_large
 11:59 Kill: 4 3 7: Dono da Bola killed Oootsimo by MOD_ROCKET_SPLASH
 12:00 Item: 4 weapon_rocketlauncher
 12:01 Item: 7 weapon_rocketlauncher
 12:03 Item: 3 weapon_rocketlauncher
 12:03 Item: 3 weapon_rocketlauncher
 12:04 Kill: 7 2 7: Mal killed Isgalamido by MOD_ROCKET_SPLASH
 12:04 Kill: 4 4 7: Dono da Bola killed Dono da Bola by MOD_ROCKET_SPLASH
 12:06 Item: 7 weapon_rocketlauncher
 12:06 Kill: 6 7 7: Zeh killed Mal by MOD_ROCKET_SPLASH
 12:07 Item: 2 weapon_rocketlauncher
 12:07 Item: 6 weapon_rocketlauncher
 12:08 Kill: 3 2 6: Oootsimo killed Isgalamido by MOD_ROCKET
 12:10 Item: 2 ammo_rockets
 12:11 Item: 2 weapon_rocketlauncher
 12:12 Kill: 5 6 6: Assasinu Credi killed Zeh by MOD_ROCKET
 12:13 Kill: 2 3 7: Isgalamido killed Oootsimo by MOD_ROCKET_SPLASH
 12:14 Item: 7 weapon_shotgun
 12:14 Item: 4 weapon_railgun
 12:14 Item: 2 weapon_rocketlauncher
 12:14 Item: 7 weapon_rocketlauncher
 12:15 Item: 2 item_armor_shard
 12:15 Item: 2 item_armor_shard
 12:15 Item: 6 weapon_rocketlauncher
 12:15 Item: 2 item_armor_shard
 12:16 Item: 7 ammo_shells
 12:17 Item: 3 weapon_rocketlauncher
 12:19 Kill: 7 5 7: Mal killed Assasinu Credi by MOD_ROCKET_SPLASH
 12:19 Item: 6 item_armor_combat
 12:20 Item: 2 weapon_shotgun
 12:21 Kill: 6 2 7: Zeh killed Isgalamido by MOD_ROCKET_SPLASH
 12:21 Item: 6 weapon_rocketlauncher
 12:22 Item: 7 weapon_rocketlauncher
 12:23 Item: 4 item_quad
 12:23 Item: 2 weapon_rocketlauncher
 12:25 Kill: 4 3 10: Dono da Bola killed Oootsimo by MOD_RAILGUN
 12:26 Item: 7 item_armor_body
 12:28 Item: 7 item_health_large
 12:29 Item: 3 weapon_rocketlauncher
 12:31 Item: 2 weapon_rocketlauncher
 12:32 Item: 6 weapon_rocketlauncher
 12:34 Item: 4 weapon_rocketlauncher
 12:37 Item: 3 weapon_shotgun
 12:37 Item: 5 weapon_rocketlauncher
 12:37 Kill: 4 5 7: Dono da Bola killed Assasinu Credi by MOD_ROCKET_SPLASH
 12:38 Item: 7 item_health_large
 12:41 Item: 5 weapon_rocketlauncher
 12:41 Kill: 1022 6 19: <world> killed Zeh by MOD_FALLING
 12:44 Item: 6 ammo_rockets
 12:44 Kill: 4 7 6: Dono da Bola killed Mal by MOD_ROCKET
 12:44 Item: 6 weapon_rocketlauncher
 12:45 Kill: 3 5 6: Oootsimo killed Assasinu Credi by MOD_ROCKET
 12:47 Item: 3 item_armor_shard
 12:47 Item: 3 item_armor_shard
 12:47 Item: 3 item_armor_shard
 12:48 Item: 3 weapon_rocketlauncher
 12:48 Kill: 3 2 6: Oootsimo killed Isgalamido by MOD_ROCKET
 12:49 Item: 5 weapon_rocketlauncher
 12:49 Item: 7 weapon_rocketlauncher
 12:49 Kill: 1022 4 19: <world> killed Dono da Bola by MOD_FALLING
 12:49 Kill: 4 7 6: Dono da Bola killed Mal by MOD_ROCKET
 12:50 Item: 3 weapon_rocketlauncher
 12:51 Item: 6 item_quad
 12:51 Item: 6 weapon_rocketlauncher
 12:51 Item: 6 weapon_rocketlauncher
 12:52 Item: 2 weapon_rocketlauncher
 12:52 Kill: 5 3 7: Assasinu Credi killed Oootsimo by MOD_ROCKET_SPLASH
 12:52 Item: 6 item_armor_combat
 12:52 Item: 4 weapon_rocketlauncher
 12:53 Item: 5 weapon_rocketlauncher
 12:54 Item: 6 weapon_rocketlauncher
 12:55 Item: 6 item_armor_shard
 12:55 Item: 6 item_armor_shard
 12:55 Item: 6 item_armor_shard
 12:57 Kill: 5 2 7: Assasinu Credi killed Isgalamido by MOD_ROCKET_SPLASH
 12:58 Item: 7 ammo_shells
 12:58 Item: 3 weapon_rocketlauncher
 12:59 Item: 7 weapon_shotgun
 13:00 Item: 2 ammo_rockets
 13:00 Kill: 5 7 6: Assasinu Credi killed Mal by MOD_ROCKET
 13:00 Item: 2 weapon_rocketlauncher
 13:00 Item: 5 weapon_shotgun
 13:01 Kill: 3 4 6: Oootsimo killed Dono da Bola by MOD_ROCKET
 13:02 Item: 3 weapon_rocketlauncher
 13:02 Kill: 6 5 6: Zeh killed Assasinu Credi by MOD_ROCKET
 13:03 Item: 4 weapon_rocketlauncher
 13:03 Item: 6 weapon_shotgun
 13:04 Item: 6 weapon_rocketlauncher
 13:07 Item: 6 ammo_bullets
 13:08 Item: 7 weapon_rocketlauncher
 13:08 Kill: 2 7 6: Isgalamido killed Mal by MOD_ROCKET
 13:09 Item: 5 weapon_rocketlauncher
 13:10 Kill: 2 5 6: Isgalamido killed Assasinu Credi by MOD_ROCKET
 13:10 Item: 6 item_health_large
 13:10 Item: 3 weapon_shotgun
 13:12 Item: 6 weapon_rocketlauncher
 13:13 Item: 3 item_armor_shard
 13:13 Item: 3 item_armor_shard
 13:13 Item: 3 item_armor_shard
 13:15 Item: 2 weapon_rocketlauncher
 13:15 Item: 2 weapon_rocketlauncher
 13:16 Item: 3 item_health_large
 13:16 Item: 5 weapon_rocketlauncher
 13:19 Item: 5 item_armor_body
 13:22 Kill: 3 7 6: Oootsimo killed Mal by MOD_ROCKET
 13:22 Item: 6 weapon_rocketlauncher
 13:26 Kill: 5 3 6: Assasinu Credi killed Oootsimo by MOD_ROCKET
 13:26 Item: 6 item_armor_combat
 13:26 Item: 4 weapon_rocketlauncher
 13:27 Kill: 6 2 7: Zeh killed Isgalamido by MOD_ROCKET_SPLASH
 13:27 Kill: 6 5 7: Zeh killed Assasinu Credi by MOD_ROCKET_SPLASH
 13:27 Item: 6 weapon_rocketlauncher
 13:28 Item: 6 weapon_rocketlauncher
 13:29 Item: 3 weapon_rocketlauncher
 13:29 Item: 3 ammo_rockets
 13:29 Item: 6 item_armor_shard
 13:29 Item: 4 ammo_bullets
 13:29 Item: 6 item_armor_shard
 13:29 Item: 6 item_armor_shard
 13:34 Item: 7 ammo_shells
 13:34 Item: 7 weapon_shotgun
 13:36 Item: 2 weapon_rocketlauncher
 13:37 Kill: 3 4 7: Oootsimo killed Dono da Bola by MOD_ROCKET_SPLASH
 13:37 Item: 5 weapon_rocketlauncher
 13:39 Item: 6 weapon_rocketlauncher
 13:40 Item: 7 ammo_rockets
 13:41 Item: 6 weapon_rocketlauncher
 13:41 Item: 4 weapon_rocketlauncher
 13:43 Kill: 2 5 6: Isgalamido killed Assasinu Credi by MOD_ROCKET
 13:45 Kill: 1022 7 22: <world> killed Mal by MOD_TRIGGER_HURT
 13:46 Kill: 4 3 7: Dono da Bola killed Oootsimo by MOD_ROCKET_SPLASH
 13:46 Kill: 6 2 6: Zeh killed Isgalamido by MOD_ROCKET
 13:47 Item: 5 weapon_rocketlauncher
 13:47 Item: 4 weapon_rocketlauncher
 13:48 Item: 4 item_armor_shard
 13:48 Item: 4 item_armor_shard
 13:48 Item: 4 item_armor_shard
 13:48 Item: 3 weapon_rocketlauncher
 13:48 Item: 5 item_armor_body
 13:50 Item: 7 ammo_shells
 13:50 Item: 6 item_quad
 13:50 Item: 7 weapon_shotgun
 13:52 Kill: 6 7 6: Zeh killed Mal by MOD_ROCKET
 13:52 Item: 2 weapon_rocketlauncher
 13:55 Kill: 3 4 6: Oootsimo killed Dono da Bola by MOD_ROCKET
 13:55 Exit: Fraglimit hit.
 13:55 score: 20  ping: 8  client: 3 Oootsimo
 13:55 score: 19  ping: 14  client: 6 Zeh
 13:55 score: 17  ping: 1  client: 2 Isgalamido
 13:55 score: 13  ping: 0  client: 5 Assasinu Credi
 13:55 score: 10  ping: 8  client: 4 Dono da Bola
 13:55 score: 6  ping: 19  client: 7 Mal
 14:11 ShutdownGame:
 14:11 ------------------------------------------------------------
